Archive member included because of file (symbol)

c:/program files/gnu tools arm embedded/4.9 2014q4/bin/../lib/gcc/arm-none-eabi/4.9.3/../../../../arm-none-eabi/lib/armv7e-m\libg.a(lib_a-sprintf.o)
                              ..\obj\main.o (sprintf)
c:/program files/gnu tools arm embedded/4.9 2014q4/bin/../lib/gcc/arm-none-eabi/4.9.3/../../../../arm-none-eabi/lib/armv7e-m\libg.a(lib_a-svfprintf.o)
                              c:/program files/gnu tools arm embedded/4.9 2014q4/bin/../lib/gcc/arm-none-eabi/4.9.3/../../../../arm-none-eabi/lib/armv7e-m\libg.a(lib_a-sprintf.o) (_svfprintf_r)
c:/program files/gnu tools arm embedded/4.9 2014q4/bin/../lib/gcc/arm-none-eabi/4.9.3/../../../../arm-none-eabi/lib/armv7e-m\libg.a(lib_a-dtoa.o)
                              c:/program files/gnu tools arm embedded/4.9 2014q4/bin/../lib/gcc/arm-none-eabi/4.9.3/../../../../arm-none-eabi/lib/armv7e-m\libg.a(lib_a-svfprintf.o) (_dtoa_r)
c:/program files/gnu tools arm embedded/4.9 2014q4/bin/../lib/gcc/arm-none-eabi/4.9.3/../../../../arm-none-eabi/lib/armv7e-m\libg.a(lib_a-impure.o)
                              c:/program files/gnu tools arm embedded/4.9 2014q4/bin/../lib/gcc/arm-none-eabi/4.9.3/../../../../arm-none-eabi/lib/armv7e-m\libg.a(lib_a-sprintf.o) (_impure_ptr)
c:/program files/gnu tools arm embedded/4.9 2014q4/bin/../lib/gcc/arm-none-eabi/4.9.3/../../../../arm-none-eabi/lib/armv7e-m\libg.a(lib_a-locale.o)
                              c:/program files/gnu tools arm embedded/4.9 2014q4/bin/../lib/gcc/arm-none-eabi/4.9.3/../../../../arm-none-eabi/lib/armv7e-m\libg.a(lib_a-svfprintf.o) (_localeconv_r)
c:/program files/gnu tools arm embedded/4.9 2014q4/bin/../lib/gcc/arm-none-eabi/4.9.3/../../../../arm-none-eabi/lib/armv7e-m\libg.a(lib_a-mallocr.o)
                              c:/program files/gnu tools arm embedded/4.9 2014q4/bin/../lib/gcc/arm-none-eabi/4.9.3/../../../../arm-none-eabi/lib/armv7e-m\libg.a(lib_a-svfprintf.o) (_malloc_r)
c:/program files/gnu tools arm embedded/4.9 2014q4/bin/../lib/gcc/arm-none-eabi/4.9.3/../../../../arm-none-eabi/lib/armv7e-m\libg.a(lib_a-memchr.o)
                              c:/program files/gnu tools arm embedded/4.9 2014q4/bin/../lib/gcc/arm-none-eabi/4.9.3/../../../../arm-none-eabi/lib/armv7e-m\libg.a(lib_a-svfprintf.o) (memchr)
c:/program files/gnu tools arm embedded/4.9 2014q4/bin/../lib/gcc/arm-none-eabi/4.9.3/../../../../arm-none-eabi/lib/armv7e-m\libg.a(lib_a-memcpy.o)
                              c:/program files/gnu tools arm embedded/4.9 2014q4/bin/../lib/gcc/arm-none-eabi/4.9.3/../../../../arm-none-eabi/lib/armv7e-m\libg.a(lib_a-dtoa.o) (memcpy)
c:/program files/gnu tools arm embedded/4.9 2014q4/bin/../lib/gcc/arm-none-eabi/4.9.3/../../../../arm-none-eabi/lib/armv7e-m\libg.a(lib_a-mlock.o)
                              c:/program files/gnu tools arm embedded/4.9 2014q4/bin/../lib/gcc/arm-none-eabi/4.9.3/../../../../arm-none-eabi/lib/armv7e-m\libg.a(lib_a-mallocr.o) (__malloc_lock)
c:/program files/gnu tools arm embedded/4.9 2014q4/bin/../lib/gcc/arm-none-eabi/4.9.3/../../../../arm-none-eabi/lib/armv7e-m\libg.a(lib_a-mprec.o)
                              c:/program files/gnu tools arm embedded/4.9 2014q4/bin/../lib/gcc/arm-none-eabi/4.9.3/../../../../arm-none-eabi/lib/armv7e-m\libg.a(lib_a-dtoa.o) (_Balloc)
c:/program files/gnu tools arm embedded/4.9 2014q4/bin/../lib/gcc/arm-none-eabi/4.9.3/../../../../arm-none-eabi/lib/armv7e-m\libg.a(lib_a-s_fpclassify.o)
                              c:/program files/gnu tools arm embedded/4.9 2014q4/bin/../lib/gcc/arm-none-eabi/4.9.3/../../../../arm-none-eabi/lib/armv7e-m\libg.a(lib_a-svfprintf.o) (__fpclassifyd)
c:/program files/gnu tools arm embedded/4.9 2014q4/bin/../lib/gcc/arm-none-eabi/4.9.3/../../../../arm-none-eabi/lib/armv7e-m\libg.a(lib_a-sbrkr.o)
                              c:/program files/gnu tools arm embedded/4.9 2014q4/bin/../lib/gcc/arm-none-eabi/4.9.3/../../../../arm-none-eabi/lib/armv7e-m\libg.a(lib_a-mallocr.o) (_sbrk_r)
c:/program files/gnu tools arm embedded/4.9 2014q4/bin/../lib/gcc/arm-none-eabi/4.9.3/../../../../arm-none-eabi/lib/armv7e-m\libg.a(lib_a-strcmp.o)
                              c:/program files/gnu tools arm embedded/4.9 2014q4/bin/../lib/gcc/arm-none-eabi/4.9.3/../../../../arm-none-eabi/lib/armv7e-m\libg.a(lib_a-locale.o) (strcmp)
c:/program files/gnu tools arm embedded/4.9 2014q4/bin/../lib/gcc/arm-none-eabi/4.9.3/../../../../arm-none-eabi/lib/armv7e-m\libg.a(lib_a-strlen.o)
                              c:/program files/gnu tools arm embedded/4.9 2014q4/bin/../lib/gcc/arm-none-eabi/4.9.3/../../../../arm-none-eabi/lib/armv7e-m\libg.a(lib_a-svfprintf.o) (strlen)
c:/program files/gnu tools arm embedded/4.9 2014q4/bin/../lib/gcc/arm-none-eabi/4.9.3/../../../../arm-none-eabi/lib/armv7e-m\libg.a(lib_a-svfiprintf.o)
                              c:/program files/gnu tools arm embedded/4.9 2014q4/bin/../lib/gcc/arm-none-eabi/4.9.3/../../../../arm-none-eabi/lib/armv7e-m\libg.a(lib_a-svfprintf.o) (__ssprint_r)
c:/program files/gnu tools arm embedded/4.9 2014q4/bin/../lib/gcc/arm-none-eabi/4.9.3/../../../../arm-none-eabi/lib/armv7e-m\libg.a(lib_a-callocr.o)
                              c:/program files/gnu tools arm embedded/4.9 2014q4/bin/../lib/gcc/arm-none-eabi/4.9.3/../../../../arm-none-eabi/lib/armv7e-m\libg.a(lib_a-mprec.o) (_calloc_r)
c:/program files/gnu tools arm embedded/4.9 2014q4/bin/../lib/gcc/arm-none-eabi/4.9.3/../../../../arm-none-eabi/lib/armv7e-m\libg.a(lib_a-freer.o)
                              c:/program files/gnu tools arm embedded/4.9 2014q4/bin/../lib/gcc/arm-none-eabi/4.9.3/../../../../arm-none-eabi/lib/armv7e-m\libg.a(lib_a-mallocr.o) (_free_r)
c:/program files/gnu tools arm embedded/4.9 2014q4/bin/../lib/gcc/arm-none-eabi/4.9.3/../../../../arm-none-eabi/lib/armv7e-m\libg.a(lib_a-memmove.o)
                              c:/program files/gnu tools arm embedded/4.9 2014q4/bin/../lib/gcc/arm-none-eabi/4.9.3/../../../../arm-none-eabi/lib/armv7e-m\libg.a(lib_a-svfiprintf.o) (memmove)
c:/program files/gnu tools arm embedded/4.9 2014q4/bin/../lib/gcc/arm-none-eabi/4.9.3/../../../../arm-none-eabi/lib/armv7e-m\libg.a(lib_a-memset.o)
                              c:/program files/gnu tools arm embedded/4.9 2014q4/bin/../lib/gcc/arm-none-eabi/4.9.3/../../../../arm-none-eabi/lib/armv7e-m\libg.a(lib_a-callocr.o) (memset)
c:/program files/gnu tools arm embedded/4.9 2014q4/bin/../lib/gcc/arm-none-eabi/4.9.3/../../../../arm-none-eabi/lib/armv7e-m\libg.a(lib_a-reallocr.o)
                              c:/program files/gnu tools arm embedded/4.9 2014q4/bin/../lib/gcc/arm-none-eabi/4.9.3/../../../../arm-none-eabi/lib/armv7e-m\libg.a(lib_a-svfiprintf.o) (_realloc_r)
c:/program files/gnu tools arm embedded/4.9 2014q4/bin/../lib/gcc/arm-none-eabi/4.9.3/../../../../arm-none-eabi/lib/armv7e-m\libg.a(lib_a-reent.o)
                              c:/program files/gnu tools arm embedded/4.9 2014q4/bin/../lib/gcc/arm-none-eabi/4.9.3/../../../../arm-none-eabi/lib/armv7e-m\libg.a(lib_a-sbrkr.o) (errno)
c:/program files/gnu tools arm embedded/4.9 2014q4/bin/../lib/gcc/arm-none-eabi/4.9.3/armv7e-m\libgcc.a(_arm_addsubdf3.o)
                              c:/program files/gnu tools arm embedded/4.9 2014q4/bin/../lib/gcc/arm-none-eabi/4.9.3/../../../../arm-none-eabi/lib/armv7e-m\libg.a(lib_a-dtoa.o) (__aeabi_dsub)
c:/program files/gnu tools arm embedded/4.9 2014q4/bin/../lib/gcc/arm-none-eabi/4.9.3/armv7e-m\libgcc.a(_arm_muldivdf3.o)
                              c:/program files/gnu tools arm embedded/4.9 2014q4/bin/../lib/gcc/arm-none-eabi/4.9.3/../../../../arm-none-eabi/lib/armv7e-m\libg.a(lib_a-dtoa.o) (__aeabi_dmul)
c:/program files/gnu tools arm embedded/4.9 2014q4/bin/../lib/gcc/arm-none-eabi/4.9.3/armv7e-m\libgcc.a(_arm_cmpdf2.o)
                              c:/program files/gnu tools arm embedded/4.9 2014q4/bin/../lib/gcc/arm-none-eabi/4.9.3/../../../../arm-none-eabi/lib/armv7e-m\libg.a(lib_a-svfprintf.o) (__aeabi_dcmpeq)
c:/program files/gnu tools arm embedded/4.9 2014q4/bin/../lib/gcc/arm-none-eabi/4.9.3/armv7e-m\libgcc.a(_arm_fixdfsi.o)
                              c:/program files/gnu tools arm embedded/4.9 2014q4/bin/../lib/gcc/arm-none-eabi/4.9.3/../../../../arm-none-eabi/lib/armv7e-m\libg.a(lib_a-dtoa.o) (__aeabi_d2iz)
c:/program files/gnu tools arm embedded/4.9 2014q4/bin/../lib/gcc/arm-none-eabi/4.9.3/armv7e-m\libgcc.a(_aeabi_uldivmod.o)
                              c:/program files/gnu tools arm embedded/4.9 2014q4/bin/../lib/gcc/arm-none-eabi/4.9.3/../../../../arm-none-eabi/lib/armv7e-m\libg.a(lib_a-svfprintf.o) (__aeabi_uldivmod)
c:/program files/gnu tools arm embedded/4.9 2014q4/bin/../lib/gcc/arm-none-eabi/4.9.3/armv7e-m\libgcc.a(bpabi.o)
                              c:/program files/gnu tools arm embedded/4.9 2014q4/bin/../lib/gcc/arm-none-eabi/4.9.3/armv7e-m\libgcc.a(_aeabi_uldivmod.o) (__gnu_uldivmod_helper)
c:/program files/gnu tools arm embedded/4.9 2014q4/bin/../lib/gcc/arm-none-eabi/4.9.3/armv7e-m\libgcc.a(_dvmd_tls.o)
                              c:/program files/gnu tools arm embedded/4.9 2014q4/bin/../lib/gcc/arm-none-eabi/4.9.3/armv7e-m\libgcc.a(_aeabi_uldivmod.o) (__aeabi_ldiv0)
c:/program files/gnu tools arm embedded/4.9 2014q4/bin/../lib/gcc/arm-none-eabi/4.9.3/armv7e-m\libgcc.a(_divdi3.o)
                              c:/program files/gnu tools arm embedded/4.9 2014q4/bin/../lib/gcc/arm-none-eabi/4.9.3/armv7e-m\libgcc.a(bpabi.o) (__divdi3)
c:/program files/gnu tools arm embedded/4.9 2014q4/bin/../lib/gcc/arm-none-eabi/4.9.3/armv7e-m\libgcc.a(_udivdi3.o)
                              c:/program files/gnu tools arm embedded/4.9 2014q4/bin/../lib/gcc/arm-none-eabi/4.9.3/armv7e-m\libgcc.a(bpabi.o) (__udivdi3)

Allocating common symbols
Common symbol       size              file

errno               0x4               c:/program files/gnu tools arm embedded/4.9 2014q4/bin/../lib/gcc/arm-none-eabi/4.9.3/../../../../arm-none-eabi/lib/armv7e-m\libg.a(lib_a-reent.o)
sAdcValue           0x5               ..\obj\main.o

Discarded input sections

 .text          0x00000000        0x0 ..\obj\delay.o
 .data          0x00000000        0x0 ..\obj\delay.o
 .text          0x00000000        0x0 ..\obj\stm32f4xx_usart.o
 .data          0x00000000        0x0 ..\obj\stm32f4xx_usart.o
 .bss           0x00000000        0x0 ..\obj\stm32f4xx_usart.o
 .text.USART_DeInit
                0x00000000       0xd0 ..\obj\stm32f4xx_usart.o
 .text.USART_StructInit
                0x00000000       0x38 ..\obj\stm32f4xx_usart.o
 .text.USART_ClockInit
                0x00000000       0x54 ..\obj\stm32f4xx_usart.o
 .text.USART_ClockStructInit
                0x00000000       0x2c ..\obj\stm32f4xx_usart.o
 .text.USART_SetPrescaler
                0x00000000       0x38 ..\obj\stm32f4xx_usart.o
 .text.USART_OverSampling8Cmd
                0x00000000       0x44 ..\obj\stm32f4xx_usart.o
 .text.USART_OneBitMethodCmd
                0x00000000       0x40 ..\obj\stm32f4xx_usart.o
 .text.USART_ReceiveData
                0x00000000       0x20 ..\obj\stm32f4xx_usart.o
 .text.USART_SetAddress
                0x00000000       0x38 ..\obj\stm32f4xx_usart.o
 .text.USART_ReceiverWakeUpCmd
                0x00000000       0x40 ..\obj\stm32f4xx_usart.o
 .text.USART_WakeUpConfig
                0x00000000       0x38 ..\obj\stm32f4xx_usart.o
 .text.USART_LINBreakDetectLengthConfig
                0x00000000       0x38 ..\obj\stm32f4xx_usart.o
 .text.USART_LINCmd
                0x00000000       0x40 ..\obj\stm32f4xx_usart.o
 .text.USART_SendBreak
                0x00000000       0x24 ..\obj\stm32f4xx_usart.o
 .text.USART_HalfDuplexCmd
                0x00000000       0x40 ..\obj\stm32f4xx_usart.o
 .text.USART_SetGuardTime
                0x00000000       0x3c ..\obj\stm32f4xx_usart.o
 .text.USART_SmartCardCmd
                0x00000000       0x40 ..\obj\stm32f4xx_usart.o
 .text.USART_SmartCardNACKCmd
                0x00000000       0x40 ..\obj\stm32f4xx_usart.o
 .text.USART_IrDAConfig
                0x00000000       0x38 ..\obj\stm32f4xx_usart.o
 .text.USART_IrDACmd
                0x00000000       0x40 ..\obj\stm32f4xx_usart.o
 .text.USART_DMACmd
                0x00000000       0x48 ..\obj\stm32f4xx_usart.o
 .text.USART_ITConfig
                0x00000000       0x90 ..\obj\stm32f4xx_usart.o
 .text.USART_ClearFlag
                0x00000000       0x20 ..\obj\stm32f4xx_usart.o
 .text.USART_GetITStatus
                0x00000000       0xb8 ..\obj\stm32f4xx_usart.o
 .text.USART_ClearITPendingBit
                0x00000000       0x38 ..\obj\stm32f4xx_usart.o
 .text          0x00000000        0x0 ..\obj\startup_stm32f4xx.o
 .data          0x00000000        0x0 ..\obj\startup_stm32f4xx.o
 .bss           0x00000000        0x0 ..\obj\startup_stm32f4xx.o
 .text          0x00000000        0x0 ..\obj\main.o
 .data          0x00000000        0x0 ..\obj\main.o
 .text          0x00000000        0x0 ..\obj\stm32f4xx_rcc.o
 .bss           0x00000000        0x0 ..\obj\stm32f4xx_rcc.o
 .text.RCC_AdjustHSICalibrationValue
                0x00000000       0x3c ..\obj\stm32f4xx_rcc.o
 .text.RCC_HSICmd
                0x00000000       0x20 ..\obj\stm32f4xx_rcc.o
 .text.RCC_LSEConfig
                0x00000000       0x40 ..\obj\stm32f4xx_rcc.o
 .text.RCC_LSICmd
                0x00000000       0x20 ..\obj\stm32f4xx_rcc.o
 .text.RCC_PLLI2SConfig
                0x00000000       0x28 ..\obj\stm32f4xx_rcc.o
 .text.RCC_PLLI2SCmd
                0x00000000       0x20 ..\obj\stm32f4xx_rcc.o
 .text.RCC_ClockSecuritySystemCmd
                0x00000000       0x20 ..\obj\stm32f4xx_rcc.o
 .text.RCC_MCO1Config
                0x00000000       0x3c ..\obj\stm32f4xx_rcc.o
 .text.RCC_MCO2Config
                0x00000000       0x3c ..\obj\stm32f4xx_rcc.o
 .text.RCC_GetSYSCLKSource
                0x00000000       0x20 ..\obj\stm32f4xx_rcc.o
 .text.RCC_RTCCLKConfig
                0x00000000       0x5c ..\obj\stm32f4xx_rcc.o
 .text.RCC_RTCCLKCmd
                0x00000000       0x20 ..\obj\stm32f4xx_rcc.o
 .text.RCC_BackupResetCmd
                0x00000000       0x20 ..\obj\stm32f4xx_rcc.o
 .text.RCC_I2SCLKConfig
                0x00000000       0x1c ..\obj\stm32f4xx_rcc.o
 .text.RCC_AHB2PeriphClockCmd
                0x00000000       0x3c ..\obj\stm32f4xx_rcc.o
 .text.RCC_AHB3PeriphClockCmd
                0x00000000       0x3c ..\obj\stm32f4xx_rcc.o
 .text.RCC_APB1PeriphClockCmd
                0x00000000       0x3c ..\obj\stm32f4xx_rcc.o
 .text.RCC_AHB1PeriphResetCmd
                0x00000000       0x3c ..\obj\stm32f4xx_rcc.o
 .text.RCC_AHB2PeriphResetCmd
                0x00000000       0x3c ..\obj\stm32f4xx_rcc.o
 .text.RCC_AHB3PeriphResetCmd
                0x00000000       0x3c ..\obj\stm32f4xx_rcc.o
 .text.RCC_APB1PeriphResetCmd
                0x00000000       0x3c ..\obj\stm32f4xx_rcc.o
 .text.RCC_APB2PeriphResetCmd
                0x00000000       0x3c ..\obj\stm32f4xx_rcc.o
 .text.RCC_AHB1PeriphClockLPModeCmd
                0x00000000       0x3c ..\obj\stm32f4xx_rcc.o
 .text.RCC_AHB2PeriphClockLPModeCmd
                0x00000000       0x3c ..\obj\stm32f4xx_rcc.o
 .text.RCC_AHB3PeriphClockLPModeCmd
                0x00000000       0x3c ..\obj\stm32f4xx_rcc.o
 .text.RCC_APB1PeriphClockLPModeCmd
                0x00000000       0x3c ..\obj\stm32f4xx_rcc.o
 .text.RCC_APB2PeriphClockLPModeCmd
                0x00000000       0x3c ..\obj\stm32f4xx_rcc.o
 .text.RCC_ITConfig
                0x00000000       0x4c ..\obj\stm32f4xx_rcc.o
 .text.RCC_ClearFlag
                0x00000000       0x1c ..\obj\stm32f4xx_rcc.o
 .text.RCC_GetITStatus
                0x00000000       0x38 ..\obj\stm32f4xx_rcc.o
 .text.RCC_ClearITPendingBit
                0x00000000       0x20 ..\obj\stm32f4xx_rcc.o
 .text          0x00000000        0x0 ..\obj\stm32f4xx_adc.o
 .data          0x00000000        0x0 ..\obj\stm32f4xx_adc.o
 .bss           0x00000000        0x0 ..\obj\stm32f4xx_adc.o
 .text.ADC_DeInit
                0x00000000       0x1c ..\obj\stm32f4xx_adc.o
 .text.ADC_StructInit
                0x00000000       0x3c ..\obj\stm32f4xx_adc.o
 .text.ADC_CommonInit
                0x00000000       0x50 ..\obj\stm32f4xx_adc.o
 .text.ADC_CommonStructInit
                0x00000000       0x2c ..\obj\stm32f4xx_adc.o
 .text.ADC_AnalogWatchdogCmd
                0x00000000       0x38 ..\obj\stm32f4xx_adc.o
 .text.ADC_AnalogWatchdogThresholdsConfig
                0x00000000       0x28 ..\obj\stm32f4xx_adc.o
 .text.ADC_AnalogWatchdogSingleChannelConfig
                0x00000000       0x38 ..\obj\stm32f4xx_adc.o
 .text.ADC_TempSensorVrefintCmd
                0x00000000       0x38 ..\obj\stm32f4xx_adc.o
 .text.ADC_VBATCmd
                0x00000000       0x38 ..\obj\stm32f4xx_adc.o
 .text.ADC_GetSoftwareStartConvStatus
                0x00000000       0x30 ..\obj\stm32f4xx_adc.o
 .text.ADC_EOCOnEachRegularChannelCmd
                0x00000000       0x38 ..\obj\stm32f4xx_adc.o
 .text.ADC_ContinuousModeCmd
                0x00000000       0x38 ..\obj\stm32f4xx_adc.o
 .text.ADC_DiscModeChannelCountConfig
                0x00000000       0x44 ..\obj\stm32f4xx_adc.o
 .text.ADC_DiscModeCmd
                0x00000000       0x38 ..\obj\stm32f4xx_adc.o
 .text.ADC_GetMultiModeConversionValue
                0x00000000       0x18 ..\obj\stm32f4xx_adc.o
 .text.ADC_DMACmd
                0x00000000       0x38 ..\obj\stm32f4xx_adc.o
 .text.ADC_DMARequestAfterLastTransferCmd
                0x00000000       0x38 ..\obj\stm32f4xx_adc.o
 .text.ADC_MultiModeDMARequestAfterLastTransferCmd
                0x00000000       0x38 ..\obj\stm32f4xx_adc.o
 .text.ADC_InjectedChannelConfig
                0x00000000      0x120 ..\obj\stm32f4xx_adc.o
 .text.ADC_InjectedSequencerLengthConfig
                0x00000000       0x44 ..\obj\stm32f4xx_adc.o
 .text.ADC_SetInjectedOffset
                0x00000000       0x34 ..\obj\stm32f4xx_adc.o
 .text.ADC_ExternalTrigInjectedConvConfig
                0x00000000       0x34 ..\obj\stm32f4xx_adc.o
 .text.ADC_ExternalTrigInjectedConvEdgeConfig
                0x00000000       0x34 ..\obj\stm32f4xx_adc.o
 .text.ADC_SoftwareStartInjectedConv
                0x00000000       0x20 ..\obj\stm32f4xx_adc.o
 .text.ADC_GetSoftwareStartInjectedConvCmdStatus
                0x00000000       0x30 ..\obj\stm32f4xx_adc.o
 .text.ADC_AutoInjectedConvCmd
                0x00000000       0x38 ..\obj\stm32f4xx_adc.o
 .text.ADC_InjectedDiscModeCmd
                0x00000000       0x38 ..\obj\stm32f4xx_adc.o
 .text.ADC_GetInjectedConversionValue
                0x00000000       0x30 ..\obj\stm32f4xx_adc.o
 .text.ADC_ITConfig
                0x00000000       0x50 ..\obj\stm32f4xx_adc.o
 .text.ADC_ClearFlag
                0x00000000       0x20 ..\obj\stm32f4xx_adc.o
 .text.ADC_GetITStatus
                0x00000000       0x5c ..\obj\stm32f4xx_adc.o
 .text.ADC_ClearITPendingBit
                0x00000000       0x2c ..\obj\stm32f4xx_adc.o
 .text          0x00000000        0x0 ..\obj\stm32f4xx_gpio.o
 .data          0x00000000        0x0 ..\obj\stm32f4xx_gpio.o
 .bss           0x00000000        0x0 ..\obj\stm32f4xx_gpio.o
 .text.GPIO_DeInit
                0x00000000      0x120 ..\obj\stm32f4xx_gpio.o
 .text.GPIO_StructInit
                0x00000000       0x34 ..\obj\stm32f4xx_gpio.o
 .text.GPIO_PinLockConfig
                0x00000000       0x44 ..\obj\stm32f4xx_gpio.o
 .text.GPIO_ReadInputDataBit
                0x00000000       0x34 ..\obj\stm32f4xx_gpio.o
 .text.GPIO_ReadInputData
                0x00000000       0x1c ..\obj\stm32f4xx_gpio.o
 .text.GPIO_ReadOutputDataBit
                0x00000000       0x34 ..\obj\stm32f4xx_gpio.o
 .text.GPIO_ReadOutputData
                0x00000000       0x1c ..\obj\stm32f4xx_gpio.o
 .text.GPIO_SetBits
                0x00000000       0x1c ..\obj\stm32f4xx_gpio.o
 .text.GPIO_ResetBits
                0x00000000       0x1c ..\obj\stm32f4xx_gpio.o
 .text.GPIO_WriteBit
                0x00000000       0x30 ..\obj\stm32f4xx_gpio.o
 .text.GPIO_Write
                0x00000000       0x1c ..\obj\stm32f4xx_gpio.o
 .text.GPIO_ToggleBits
                0x00000000       0x24 ..\obj\stm32f4xx_gpio.o
 .text          0x00000000        0x0 ..\obj\stm32f4xx_flash.o
 .data          0x00000000        0x0 ..\obj\stm32f4xx_flash.o
 .bss           0x00000000        0x0 ..\obj\stm32f4xx_flash.o
 .text.FLASH_PrefetchBufferCmd
                0x00000000       0x38 ..\obj\stm32f4xx_flash.o
 .text.FLASH_InstructionCacheCmd
                0x00000000       0x38 ..\obj\stm32f4xx_flash.o
 .text.FLASH_DataCacheCmd
                0x00000000       0x38 ..\obj\stm32f4xx_flash.o
 .text.FLASH_InstructionCacheReset
                0x00000000       0x1c ..\obj\stm32f4xx_flash.o
 .text.FLASH_DataCacheReset
                0x00000000       0x1c ..\obj\stm32f4xx_flash.o
 .text.FLASH_Unlock
                0x00000000       0x2c ..\obj\stm32f4xx_flash.o
 .text.FLASH_Lock
                0x00000000       0x1c ..\obj\stm32f4xx_flash.o
 .text.FLASH_EraseSector
                0x00000000       0xc0 ..\obj\stm32f4xx_flash.o
 .text.FLASH_EraseAllSectors
                0x00000000       0xa0 ..\obj\stm32f4xx_flash.o
 .text.FLASH_ProgramDoubleWord
                0x00000000       0x70 ..\obj\stm32f4xx_flash.o
 .text.FLASH_ProgramWord
                0x00000000       0x68 ..\obj\stm32f4xx_flash.o
 .text.FLASH_ProgramHalfWord
                0x00000000       0x6c ..\obj\stm32f4xx_flash.o
 .text.FLASH_ProgramByte
                0x00000000       0x68 ..\obj\stm32f4xx_flash.o
 .text.FLASH_OB_Unlock
                0x00000000       0x30 ..\obj\stm32f4xx_flash.o
 .text.FLASH_OB_Lock
                0x00000000       0x1c ..\obj\stm32f4xx_flash.o
 .text.FLASH_OB_WRPConfig
                0x00000000       0x58 ..\obj\stm32f4xx_flash.o
 .text.FLASH_OB_RDPConfig
                0x00000000       0x2c ..\obj\stm32f4xx_flash.o
 .text.FLASH_OB_UserConfig
                0x00000000       0x58 ..\obj\stm32f4xx_flash.o
 .text.FLASH_OB_BORConfig
                0x00000000       0x38 ..\obj\stm32f4xx_flash.o
 .text.FLASH_OB_Launch
                0x00000000       0x30 ..\obj\stm32f4xx_flash.o
 .text.FLASH_OB_GetUser
                0x00000000       0x1c ..\obj\stm32f4xx_flash.o
 .text.FLASH_OB_GetWRP
                0x00000000       0x18 ..\obj\stm32f4xx_flash.o
 .text.FLASH_OB_GetRDP
                0x00000000       0x30 ..\obj\stm32f4xx_flash.o
 .text.FLASH_OB_GetBOR
                0x00000000       0x20 ..\obj\stm32f4xx_flash.o
 .text.FLASH_ITConfig
                0x00000000       0x3c ..\obj\stm32f4xx_flash.o
 .text.FLASH_GetFlagStatus
                0x00000000       0x34 ..\obj\stm32f4xx_flash.o
 .text.FLASH_ClearFlag
                0x00000000       0x1c ..\obj\stm32f4xx_flash.o
 .text.FLASH_GetStatus
                0x00000000       0x68 ..\obj\stm32f4xx_flash.o
 .text.FLASH_WaitForLastOperation
                0x00000000       0x30 ..\obj\stm32f4xx_flash.o
 .text          0x00000000        0x0 ..\obj\system_stm32f4xx.o
 .bss           0x00000000        0x0 ..\obj\system_stm32f4xx.o
 .text.SystemInit
                0x00000000       0x58 ..\obj\system_stm32f4xx.o
 .text.SystemCoreClockUpdate
                0x00000000       0xf8 ..\obj\system_stm32f4xx.o
 .text.SetSysClock
                0x00000000       0xf4 ..\obj\system_stm32f4xx.o
 .text          0x00000000        0x0 ..\obj\syscalls.o
 .data          0x00000000        0x0 ..\obj\syscalls.o
 .text.link     0x00000000       0x1c ..\obj\syscalls.o
 .text._close   0x00000000       0x18 ..\obj\syscalls.o
 .text._fstat   0x00000000       0x20 ..\obj\syscalls.o
 .text._isatty  0x00000000       0x18 ..\obj\syscalls.o
 .text._lseek   0x00000000       0x1c ..\obj\syscalls.o
 .text._read    0x00000000       0x1c ..\obj\syscalls.o
 .text._write   0x00000000       0x1c ..\obj\syscalls.o
 .text.abort    0x00000000        0x8 ..\obj\syscalls.o
 .text          0x00000000        0x0 ..\obj\clock.o
 .data          0x00000000        0x0 ..\obj\clock.o
 .bss           0x00000000        0x0 ..\obj\clock.o
 .text          0x00000000        0x0 ..\obj\usart.o
 .data          0x00000000        0x0 ..\obj\usart.o
 .bss           0x00000000        0x0 ..\obj\usart.o
 .text.USART_GetChar
                0x00000000       0x24 ..\obj\usart.o
 .text          0x00000000        0x0 c:/program files/gnu tools arm embedded/4.9 2014q4/bin/../lib/gcc/arm-none-eabi/4.9.3/../../../../arm-none-eabi/lib/armv7e-m\libg.a(lib_a-sprintf.o)
 .data          0x00000000        0x0 c:/program files/gnu tools arm embedded/4.9 2014q4/bin/../lib/gcc/arm-none-eabi/4.9.3/../../../../arm-none-eabi/lib/armv7e-m\libg.a(lib_a-sprintf.o)
 .bss           0x00000000        0x0 c:/program files/gnu tools arm embedded/4.9 2014q4/bin/../lib/gcc/arm-none-eabi/4.9.3/../../../../arm-none-eabi/lib/armv7e-m\libg.a(lib_a-sprintf.o)
 .text._sprintf_r
                0x00000000       0x44 c:/program files/gnu tools arm embedded/4.9 2014q4/bin/../lib/gcc/arm-none-eabi/4.9.3/../../../../arm-none-eabi/lib/armv7e-m\libg.a(lib_a-sprintf.o)
 .text          0x00000000        0x0 c:/program files/gnu tools arm embedded/4.9 2014q4/bin/../lib/gcc/arm-none-eabi/4.9.3/../../../../arm-none-eabi/lib/armv7e-m\libg.a(lib_a-svfprintf.o)
 .data          0x00000000        0x0 c:/program files/gnu tools arm embedded/4.9 2014q4/bin/../lib/gcc/arm-none-eabi/4.9.3/../../../../arm-none-eabi/lib/armv7e-m\libg.a(lib_a-svfprintf.o)
 .bss           0x00000000        0x0 c:/program files/gnu tools arm embedded/4.9 2014q4/bin/../lib/gcc/arm-none-eabi/4.9.3/../../../../arm-none-eabi/lib/armv7e-m\libg.a(lib_a-svfprintf.o)
 .text          0x00000000        0x0 c:/program files/gnu tools arm embedded/4.9 2014q4/bin/../lib/gcc/arm-none-eabi/4.9.3/../../../../arm-none-eabi/lib/armv7e-m\libg.a(lib_a-dtoa.o)
 .data          0x00000000        0x0 c:/program files/gnu tools arm embedded/4.9 2014q4/bin/../lib/gcc/arm-none-eabi/4.9.3/../../../../arm-none-eabi/lib/armv7e-m\libg.a(lib_a-dtoa.o)
 .bss           0x00000000        0x0 c:/program files/gnu tools arm embedded/4.9 2014q4/bin/../lib/gcc/arm-none-eabi/4.9.3/../../../../arm-none-eabi/lib/armv7e-m\libg.a(lib_a-dtoa.o)
 .text          0x00000000        0x0 c:/program files/gnu tools arm embedded/4.9 2014q4/bin/../lib/gcc/arm-none-eabi/4.9.3/../../../../arm-none-eabi/lib/armv7e-m\libg.a(lib_a-impure.o)
 .data          0x00000000        0x0 c:/program files/gnu tools arm embedded/4.9 2014q4/bin/../lib/gcc/arm-none-eabi/4.9.3/../../../../arm-none-eabi/lib/armv7e-m\libg.a(lib_a-impure.o)
 .bss           0x00000000        0x0 c:/program files/gnu tools arm embedded/4.9 2014q4/bin/../lib/gcc/arm-none-eabi/4.9.3/../../../../arm-none-eabi/lib/armv7e-m\libg.a(lib_a-impure.o)
 .rodata._global_impure_ptr
                0x00000000        0x4 c:/program files/gnu tools arm embedded/4.9 2014q4/bin/../lib/gcc/arm-none-eabi/4.9.3/../../../../arm-none-eabi/lib/armv7e-m\libg.a(lib_a-impure.o)
 .text          0x00000000        0x0 c:/program files/gnu tools arm embedded/4.9 2014q4/bin/../lib/gcc/arm-none-eabi/4.9.3/../../../../arm-none-eabi/lib/armv7e-m\libg.a(lib_a-locale.o)
 .data          0x00000000        0x0 c:/program files/gnu tools arm embedded/4.9 2014q4/bin/../lib/gcc/arm-none-eabi/4.9.3/../../../../arm-none-eabi/lib/armv7e-m\libg.a(lib_a-locale.o)
 .bss           0x00000000        0x0 c:/program files/gnu tools arm embedded/4.9 2014q4/bin/../lib/gcc/arm-none-eabi/4.9.3/../../../../arm-none-eabi/lib/armv7e-m\libg.a(lib_a-locale.o)
 .text._setlocale_r
                0x00000000       0x44 c:/program files/gnu tools arm embedded/4.9 2014q4/bin/../lib/gcc/arm-none-eabi/4.9.3/../../../../arm-none-eabi/lib/armv7e-m\libg.a(lib_a-locale.o)
 .text.__locale_charset
                0x00000000        0x8 c:/program files/gnu tools arm embedded/4.9 2014q4/bin/../lib/gcc/arm-none-eabi/4.9.3/../../../../arm-none-eabi/lib/armv7e-m\libg.a(lib_a-locale.o)
 .text.__locale_mb_cur_max
                0x00000000        0xc c:/program files/gnu tools arm embedded/4.9 2014q4/bin/../lib/gcc/arm-none-eabi/4.9.3/../../../../arm-none-eabi/lib/armv7e-m\libg.a(lib_a-locale.o)
 .text.__locale_msgcharset
                0x00000000        0x8 c:/program files/gnu tools arm embedded/4.9 2014q4/bin/../lib/gcc/arm-none-eabi/4.9.3/../../../../arm-none-eabi/lib/armv7e-m\libg.a(lib_a-locale.o)
 .text.__locale_cjk_lang
                0x00000000        0x4 c:/program files/gnu tools arm embedded/4.9 2014q4/bin/../lib/gcc/arm-none-eabi/4.9.3/../../../../arm-none-eabi/lib/armv7e-m\libg.a(lib_a-locale.o)
 .text.setlocale
                0x00000000       0x10 c:/program files/gnu tools arm embedded/4.9 2014q4/bin/../lib/gcc/arm-none-eabi/4.9.3/../../../../arm-none-eabi/lib/armv7e-m\libg.a(lib_a-locale.o)
 .text.localeconv
                0x00000000        0x8 c:/program files/gnu tools arm embedded/4.9 2014q4/bin/../lib/gcc/arm-none-eabi/4.9.3/../../../../arm-none-eabi/lib/armv7e-m\libg.a(lib_a-locale.o)
 .data.lc_message_charset
                0x00000000       0x20 c:/program files/gnu tools arm embedded/4.9 2014q4/bin/../lib/gcc/arm-none-eabi/4.9.3/../../../../arm-none-eabi/lib/armv7e-m\libg.a(lib_a-locale.o)
 .bss._PathLocale
                0x00000000        0x4 c:/program files/gnu tools arm embedded/4.9 2014q4/bin/../lib/gcc/arm-none-eabi/4.9.3/../../../../arm-none-eabi/lib/armv7e-m\libg.a(lib_a-locale.o)
 .bss.__nlocale_changed
                0x00000000        0x4 c:/program files/gnu tools arm embedded/4.9 2014q4/bin/../lib/gcc/arm-none-eabi/4.9.3/../../../../arm-none-eabi/lib/armv7e-m\libg.a(lib_a-locale.o)
 .bss.__mlocale_changed
                0x00000000        0x4 c:/program files/gnu tools arm embedded/4.9 2014q4/bin/../lib/gcc/arm-none-eabi/4.9.3/../../../../arm-none-eabi/lib/armv7e-m\libg.a(lib_a-locale.o)
 .data.lc_ctype_charset
                0x00000000       0x20 c:/program files/gnu tools arm embedded/4.9 2014q4/bin/../lib/gcc/arm-none-eabi/4.9.3/../../../../arm-none-eabi/lib/armv7e-m\libg.a(lib_a-locale.o)
 .data.__mb_cur_max
                0x00000000        0x4 c:/program files/gnu tools arm embedded/4.9 2014q4/bin/../lib/gcc/arm-none-eabi/4.9.3/../../../../arm-none-eabi/lib/armv7e-m\libg.a(lib_a-locale.o)
 .text          0x00000000        0x0 c:/program files/gnu tools arm embedded/4.9 2014q4/bin/../lib/gcc/arm-none-eabi/4.9.3/../../../../arm-none-eabi/lib/armv7e-m\libg.a(lib_a-mallocr.o)
 .data          0x00000000        0x0 c:/program files/gnu tools arm embedded/4.9 2014q4/bin/../lib/gcc/arm-none-eabi/4.9.3/../../../../arm-none-eabi/lib/armv7e-m\libg.a(lib_a-mallocr.o)
 .bss           0x00000000        0x0 c:/program files/gnu tools arm embedded/4.9 2014q4/bin/../lib/gcc/arm-none-eabi/4.9.3/../../../../arm-none-eabi/lib/armv7e-m\libg.a(lib_a-mallocr.o)
 .text          0x00000000        0x0 c:/program files/gnu tools arm embedded/4.9 2014q4/bin/../lib/gcc/arm-none-eabi/4.9.3/../../../../arm-none-eabi/lib/armv7e-m\libg.a(lib_a-memchr.o)
 .data          0x00000000        0x0 c:/program files/gnu tools arm embedded/4.9 2014q4/bin/../lib/gcc/arm-none-eabi/4.9.3/../../../../arm-none-eabi/lib/armv7e-m\libg.a(lib_a-memchr.o)
 .bss           0x00000000        0x0 c:/program files/gnu tools arm embedded/4.9 2014q4/bin/../lib/gcc/arm-none-eabi/4.9.3/../../../../arm-none-eabi/lib/armv7e-m\libg.a(lib_a-memchr.o)
 .data          0x00000000        0x0 c:/program files/gnu tools arm embedded/4.9 2014q4/bin/../lib/gcc/arm-none-eabi/4.9.3/../../../../arm-none-eabi/lib/armv7e-m\libg.a(lib_a-memcpy.o)
 .bss           0x00000000        0x0 c:/program files/gnu tools arm embedded/4.9 2014q4/bin/../lib/gcc/arm-none-eabi/4.9.3/../../../../arm-none-eabi/lib/armv7e-m\libg.a(lib_a-memcpy.o)
 .text          0x00000000        0x0 c:/program files/gnu tools arm embedded/4.9 2014q4/bin/../lib/gcc/arm-none-eabi/4.9.3/../../../../arm-none-eabi/lib/armv7e-m\libg.a(lib_a-mlock.o)
 .data          0x00000000        0x0 c:/program files/gnu tools arm embedded/4.9 2014q4/bin/../lib/gcc/arm-none-eabi/4.9.3/../../../../arm-none-eabi/lib/armv7e-m\libg.a(lib_a-mlock.o)
 .bss           0x00000000        0x0 c:/program files/gnu tools arm embedded/4.9 2014q4/bin/../lib/gcc/arm-none-eabi/4.9.3/../../../../arm-none-eabi/lib/armv7e-m\libg.a(lib_a-mlock.o)
 .text          0x00000000        0x0 c:/program files/gnu tools arm embedded/4.9 2014q4/bin/../lib/gcc/arm-none-eabi/4.9.3/../../../../arm-none-eabi/lib/armv7e-m\libg.a(lib_a-mprec.o)
 .data          0x00000000        0x0 c:/program files/gnu tools arm embedded/4.9 2014q4/bin/../lib/gcc/arm-none-eabi/4.9.3/../../../../arm-none-eabi/lib/armv7e-m\libg.a(lib_a-mprec.o)
 .bss           0x00000000        0x0 c:/program files/gnu tools arm embedded/4.9 2014q4/bin/../lib/gcc/arm-none-eabi/4.9.3/../../../../arm-none-eabi/lib/armv7e-m\libg.a(lib_a-mprec.o)
 .text.__s2b    0x00000000       0x98 c:/program files/gnu tools arm embedded/4.9 2014q4/bin/../lib/gcc/arm-none-eabi/4.9.3/../../../../arm-none-eabi/lib/armv7e-m\libg.a(lib_a-mprec.o)
 .text.__ulp    0x00000000       0x40 c:/program files/gnu tools arm embedded/4.9 2014q4/bin/../lib/gcc/arm-none-eabi/4.9.3/../../../../arm-none-eabi/lib/armv7e-m\libg.a(lib_a-mprec.o)
 .text.__b2d    0x00000000       0xc4 c:/program files/gnu tools arm embedded/4.9 2014q4/bin/../lib/gcc/arm-none-eabi/4.9.3/../../../../arm-none-eabi/lib/armv7e-m\libg.a(lib_a-mprec.o)
 .text.__ratio  0x00000000       0x58 c:/program files/gnu tools arm embedded/4.9 2014q4/bin/../lib/gcc/arm-none-eabi/4.9.3/../../../../arm-none-eabi/lib/armv7e-m\libg.a(lib_a-mprec.o)
 .text._mprec_log10
                0x00000000       0x34 c:/program files/gnu tools arm embedded/4.9 2014q4/bin/../lib/gcc/arm-none-eabi/4.9.3/../../../../arm-none-eabi/lib/armv7e-m\libg.a(lib_a-mprec.o)
 .text.__copybits
                0x00000000       0x48 c:/program files/gnu tools arm embedded/4.9 2014q4/bin/../lib/gcc/arm-none-eabi/4.9.3/../../../../arm-none-eabi/lib/armv7e-m\libg.a(lib_a-mprec.o)
 .text.__any_on
                0x00000000       0x60 c:/program files/gnu tools arm embedded/4.9 2014q4/bin/../lib/gcc/arm-none-eabi/4.9.3/../../../../arm-none-eabi/lib/armv7e-m\libg.a(lib_a-mprec.o)
 .rodata.__mprec_tinytens
                0x00000000       0x28 c:/program files/gnu tools arm embedded/4.9 2014q4/bin/../lib/gcc/arm-none-eabi/4.9.3/../../../../arm-none-eabi/lib/armv7e-m\libg.a(lib_a-mprec.o)
 .text          0x00000000        0x0 c:/program files/gnu tools arm embedded/4.9 2014q4/bin/../lib/gcc/arm-none-eabi/4.9.3/../../../../arm-none-eabi/lib/armv7e-m\libg.a(lib_a-s_fpclassify.o)
 .data          0x00000000        0x0 c:/program files/gnu tools arm embedded/4.9 2014q4/bin/../lib/gcc/arm-none-eabi/4.9.3/../../../../arm-none-eabi/lib/armv7e-m\libg.a(lib_a-s_fpclassify.o)
 .bss           0x00000000        0x0 c:/program files/gnu tools arm embedded/4.9 2014q4/bin/../lib/gcc/arm-none-eabi/4.9.3/../../../../arm-none-eabi/lib/armv7e-m\libg.a(lib_a-s_fpclassify.o)
 .text          0x00000000        0x0 c:/program files/gnu tools arm embedded/4.9 2014q4/bin/../lib/gcc/arm-none-eabi/4.9.3/../../../../arm-none-eabi/lib/armv7e-m\libg.a(lib_a-sbrkr.o)
 .data          0x00000000        0x0 c:/program files/gnu tools arm embedded/4.9 2014q4/bin/../lib/gcc/arm-none-eabi/4.9.3/../../../../arm-none-eabi/lib/armv7e-m\libg.a(lib_a-sbrkr.o)
 .bss           0x00000000        0x0 c:/program files/gnu tools arm embedded/4.9 2014q4/bin/../lib/gcc/arm-none-eabi/4.9.3/../../../../arm-none-eabi/lib/armv7e-m\libg.a(lib_a-sbrkr.o)
 .text          0x00000000      0x2e0 c:/program files/gnu tools arm embedded/4.9 2014q4/bin/../lib/gcc/arm-none-eabi/4.9.3/../../../../arm-none-eabi/lib/armv7e-m\libg.a(lib_a-strcmp.o)
 .data          0x00000000        0x0 c:/program files/gnu tools arm embedded/4.9 2014q4/bin/../lib/gcc/arm-none-eabi/4.9.3/../../../../arm-none-eabi/lib/armv7e-m\libg.a(lib_a-strcmp.o)
 .bss           0x00000000        0x0 c:/program files/gnu tools arm embedded/4.9 2014q4/bin/../lib/gcc/arm-none-eabi/4.9.3/../../../../arm-none-eabi/lib/armv7e-m\libg.a(lib_a-strcmp.o)
 .eh_frame      0x00000000       0x70 c:/program files/gnu tools arm embedded/4.9 2014q4/bin/../lib/gcc/arm-none-eabi/4.9.3/../../../../arm-none-eabi/lib/armv7e-m\libg.a(lib_a-strcmp.o)
 .ARM.attributes
                0x00000000       0x1c c:/program files/gnu tools arm embedded/4.9 2014q4/bin/../lib/gcc/arm-none-eabi/4.9.3/../../../../arm-none-eabi/lib/armv7e-m\libg.a(lib_a-strcmp.o)
 .text          0x00000000        0x0 c:/program files/gnu tools arm embedded/4.9 2014q4/bin/../lib/gcc/arm-none-eabi/4.9.3/../../../../arm-none-eabi/lib/armv7e-m\libg.a(lib_a-strlen.o)
 .data          0x00000000        0x0 c:/program files/gnu tools arm embedded/4.9 2014q4/bin/../lib/gcc/arm-none-eabi/4.9.3/../../../../arm-none-eabi/lib/armv7e-m\libg.a(lib_a-strlen.o)
 .bss           0x00000000        0x0 c:/program files/gnu tools arm embedded/4.9 2014q4/bin/../lib/gcc/arm-none-eabi/4.9.3/../../../../arm-none-eabi/lib/armv7e-m\libg.a(lib_a-strlen.o)
 .text          0x00000000        0x0 c:/program files/gnu tools arm embedded/4.9 2014q4/bin/../lib/gcc/arm-none-eabi/4.9.3/../../../../arm-none-eabi/lib/armv7e-m\libg.a(lib_a-svfiprintf.o)
 .data          0x00000000        0x0 c:/program files/gnu tools arm embedded/4.9 2014q4/bin/../lib/gcc/arm-none-eabi/4.9.3/../../../../arm-none-eabi/lib/armv7e-m\libg.a(lib_a-svfiprintf.o)
 .bss           0x00000000        0x0 c:/program files/gnu tools arm embedded/4.9 2014q4/bin/../lib/gcc/arm-none-eabi/4.9.3/../../../../arm-none-eabi/lib/armv7e-m\libg.a(lib_a-svfiprintf.o)
 .text._svfiprintf_r
                0x00000000      0xa94 c:/program files/gnu tools arm embedded/4.9 2014q4/bin/../lib/gcc/arm-none-eabi/4.9.3/../../../../arm-none-eabi/lib/armv7e-m\libg.a(lib_a-svfiprintf.o)
 .rodata.blanks.6738
                0x00000000       0x10 c:/program files/gnu tools arm embedded/4.9 2014q4/bin/../lib/gcc/arm-none-eabi/4.9.3/../../../../arm-none-eabi/lib/armv7e-m\libg.a(lib_a-svfiprintf.o)
 .rodata.str1.4
                0x00000000       0x30 c:/program files/gnu tools arm embedded/4.9 2014q4/bin/../lib/gcc/arm-none-eabi/4.9.3/../../../../arm-none-eabi/lib/armv7e-m\libg.a(lib_a-svfiprintf.o)
 .rodata.zeroes.6739
                0x00000000       0x10 c:/program files/gnu tools arm embedded/4.9 2014q4/bin/../lib/gcc/arm-none-eabi/4.9.3/../../../../arm-none-eabi/lib/armv7e-m\libg.a(lib_a-svfiprintf.o)
 .text          0x00000000        0x0 c:/program files/gnu tools arm embedded/4.9 2014q4/bin/../lib/gcc/arm-none-eabi/4.9.3/../../../../arm-none-eabi/lib/armv7e-m\libg.a(lib_a-callocr.o)
 .data          0x00000000        0x0 c:/program files/gnu tools arm embedded/4.9 2014q4/bin/../lib/gcc/arm-none-eabi/4.9.3/../../../../arm-none-eabi/lib/armv7e-m\libg.a(lib_a-callocr.o)
 .bss           0x00000000        0x0 c:/program files/gnu tools arm embedded/4.9 2014q4/bin/../lib/gcc/arm-none-eabi/4.9.3/../../../../arm-none-eabi/lib/armv7e-m\libg.a(lib_a-callocr.o)
 .text          0x00000000        0x0 c:/program files/gnu tools arm embedded/4.9 2014q4/bin/../lib/gcc/arm-none-eabi/4.9.3/../../../../arm-none-eabi/lib/armv7e-m\libg.a(lib_a-freer.o)
 .data          0x00000000        0x0 c:/program files/gnu tools arm embedded/4.9 2014q4/bin/../lib/gcc/arm-none-eabi/4.9.3/../../../../arm-none-eabi/lib/armv7e-m\libg.a(lib_a-freer.o)
 .bss           0x00000000        0x0 c:/program files/gnu tools arm embedded/4.9 2014q4/bin/../lib/gcc/arm-none-eabi/4.9.3/../../../../arm-none-eabi/lib/armv7e-m\libg.a(lib_a-freer.o)
 .text          0x00000000        0x0 c:/program files/gnu tools arm embedded/4.9 2014q4/bin/../lib/gcc/arm-none-eabi/4.9.3/../../../../arm-none-eabi/lib/armv7e-m\libg.a(lib_a-memmove.o)
 .data          0x00000000        0x0 c:/program files/gnu tools arm embedded/4.9 2014q4/bin/../lib/gcc/arm-none-eabi/4.9.3/../../../../arm-none-eabi/lib/armv7e-m\libg.a(lib_a-memmove.o)
 .bss           0x00000000        0x0 c:/program files/gnu tools arm embedded/4.9 2014q4/bin/../lib/gcc/arm-none-eabi/4.9.3/../../../../arm-none-eabi/lib/armv7e-m\libg.a(lib_a-memmove.o)
 .text          0x00000000        0x0 c:/program files/gnu tools arm embedded/4.9 2014q4/bin/../lib/gcc/arm-none-eabi/4.9.3/../../../../arm-none-eabi/lib/armv7e-m\libg.a(lib_a-memset.o)
 .data          0x00000000        0x0 c:/program files/gnu tools arm embedded/4.9 2014q4/bin/../lib/gcc/arm-none-eabi/4.9.3/../../../../arm-none-eabi/lib/armv7e-m\libg.a(lib_a-memset.o)
 .bss           0x00000000        0x0 c:/program files/gnu tools arm embedded/4.9 2014q4/bin/../lib/gcc/arm-none-eabi/4.9.3/../../../../arm-none-eabi/lib/armv7e-m\libg.a(lib_a-memset.o)
 .text          0x00000000        0x0 c:/program files/gnu tools arm embedded/4.9 2014q4/bin/../lib/gcc/arm-none-eabi/4.9.3/../../../../arm-none-eabi/lib/armv7e-m\libg.a(lib_a-reallocr.o)
 .data          0x00000000        0x0 c:/program files/gnu tools arm embedded/4.9 2014q4/bin/../lib/gcc/arm-none-eabi/4.9.3/../../../../arm-none-eabi/lib/armv7e-m\libg.a(lib_a-reallocr.o)
 .bss           0x00000000        0x0 c:/program files/gnu tools arm embedded/4.9 2014q4/bin/../lib/gcc/arm-none-eabi/4.9.3/../../../../arm-none-eabi/lib/armv7e-m\libg.a(lib_a-reallocr.o)
 .text          0x00000000        0x0 c:/program files/gnu tools arm embedded/4.9 2014q4/bin/../lib/gcc/arm-none-eabi/4.9.3/../../../../arm-none-eabi/lib/armv7e-m\libg.a(lib_a-reent.o)
 .data          0x00000000        0x0 c:/program files/gnu tools arm embedded/4.9 2014q4/bin/../lib/gcc/arm-none-eabi/4.9.3/../../../../arm-none-eabi/lib/armv7e-m\libg.a(lib_a-reent.o)
 .bss           0x00000000        0x0 c:/program files/gnu tools arm embedded/4.9 2014q4/bin/../lib/gcc/arm-none-eabi/4.9.3/../../../../arm-none-eabi/lib/armv7e-m\libg.a(lib_a-reent.o)
 .text.cleanup_glue
                0x00000000       0x1c c:/program files/gnu tools arm embedded/4.9 2014q4/bin/../lib/gcc/arm-none-eabi/4.9.3/../../../../arm-none-eabi/lib/armv7e-m\libg.a(lib_a-reent.o)
 .text._reclaim_reent
                0x00000000       0x88 c:/program files/gnu tools arm embedded/4.9 2014q4/bin/../lib/gcc/arm-none-eabi/4.9.3/../../../../arm-none-eabi/lib/armv7e-m\libg.a(lib_a-reent.o)
 .data          0x00000000        0x0 c:/program files/gnu tools arm embedded/4.9 2014q4/bin/../lib/gcc/arm-none-eabi/4.9.3/armv7e-m\libgcc.a(_arm_addsubdf3.o)
 .bss           0x00000000        0x0 c:/program files/gnu tools arm embedded/4.9 2014q4/bin/../lib/gcc/arm-none-eabi/4.9.3/armv7e-m\libgcc.a(_arm_addsubdf3.o)
 .data          0x00000000        0x0 c:/program files/gnu tools arm embedded/4.9 2014q4/bin/../lib/gcc/arm-none-eabi/4.9.3/armv7e-m\libgcc.a(_arm_muldivdf3.o)
 .bss           0x00000000        0x0 c:/program files/gnu tools arm embedded/4.9 2014q4/bin/../lib/gcc/arm-none-eabi/4.9.3/armv7e-m\libgcc.a(_arm_muldivdf3.o)
 .data          0x00000000        0x0 c:/program files/gnu tools arm embedded/4.9 2014q4/bin/../lib/gcc/arm-none-eabi/4.9.3/armv7e-m\libgcc.a(_arm_cmpdf2.o)
 .bss           0x00000000        0x0 c:/program files/gnu tools arm embedded/4.9 2014q4/bin/../lib/gcc/arm-none-eabi/4.9.3/armv7e-m\libgcc.a(_arm_cmpdf2.o)
 .data          0x00000000        0x0 c:/program files/gnu tools arm embedded/4.9 2014q4/bin/../lib/gcc/arm-none-eabi/4.9.3/armv7e-m\libgcc.a(_arm_fixdfsi.o)
 .bss           0x00000000        0x0 c:/program files/gnu tools arm embedded/4.9 2014q4/bin/../lib/gcc/arm-none-eabi/4.9.3/armv7e-m\libgcc.a(_arm_fixdfsi.o)
 .data          0x00000000        0x0 c:/program files/gnu tools arm embedded/4.9 2014q4/bin/../lib/gcc/arm-none-eabi/4.9.3/armv7e-m\libgcc.a(_aeabi_uldivmod.o)
 .bss           0x00000000        0x0 c:/program files/gnu tools arm embedded/4.9 2014q4/bin/../lib/gcc/arm-none-eabi/4.9.3/armv7e-m\libgcc.a(_aeabi_uldivmod.o)
 .data          0x00000000        0x0 c:/program files/gnu tools arm embedded/4.9 2014q4/bin/../lib/gcc/arm-none-eabi/4.9.3/armv7e-m\libgcc.a(bpabi.o)
 .bss           0x00000000        0x0 c:/program files/gnu tools arm embedded/4.9 2014q4/bin/../lib/gcc/arm-none-eabi/4.9.3/armv7e-m\libgcc.a(bpabi.o)
 .data          0x00000000        0x0 c:/program files/gnu tools arm embedded/4.9 2014q4/bin/../lib/gcc/arm-none-eabi/4.9.3/armv7e-m\libgcc.a(_dvmd_tls.o)
 .bss           0x00000000        0x0 c:/program files/gnu tools arm embedded/4.9 2014q4/bin/../lib/gcc/arm-none-eabi/4.9.3/armv7e-m\libgcc.a(_dvmd_tls.o)
 .data          0x00000000        0x0 c:/program files/gnu tools arm embedded/4.9 2014q4/bin/../lib/gcc/arm-none-eabi/4.9.3/armv7e-m\libgcc.a(_divdi3.o)
 .bss           0x00000000        0x0 c:/program files/gnu tools arm embedded/4.9 2014q4/bin/../lib/gcc/arm-none-eabi/4.9.3/armv7e-m\libgcc.a(_divdi3.o)
 .ARM.extab     0x00000000        0x0 c:/program files/gnu tools arm embedded/4.9 2014q4/bin/../lib/gcc/arm-none-eabi/4.9.3/armv7e-m\libgcc.a(_divdi3.o)
 .data          0x00000000        0x0 c:/program files/gnu tools arm embedded/4.9 2014q4/bin/../lib/gcc/arm-none-eabi/4.9.3/armv7e-m\libgcc.a(_udivdi3.o)
 .bss           0x00000000        0x0 c:/program files/gnu tools arm embedded/4.9 2014q4/bin/../lib/gcc/arm-none-eabi/4.9.3/armv7e-m\libgcc.a(_udivdi3.o)
 .ARM.extab     0x00000000        0x0 c:/program files/gnu tools arm embedded/4.9 2014q4/bin/../lib/gcc/arm-none-eabi/4.9.3/armv7e-m\libgcc.a(_udivdi3.o)

Memory Configuration

Name             Origin             Length             Attributes
rom              0x08000000         0x00100000         xr
ram              0x20000000         0x00020000         xrw
ram1             0x10000000         0x00010000         xrw
*default*        0x00000000         0xffffffff

Linker script and memory map

                0x20020000                _eram = 0x20020000

.text           0x08000000     0x5bfc
 *(.isr_vector)
 .isr_vector    0x08000000      0x188 ..\obj\startup_stm32f4xx.o
                0x08000000                g_pfnVectors
 *(.text*)
 .text.NVIC_SetPriority
                0x08000188       0x54 ..\obj\delay.o
 .text.SysTick_Config
                0x080001dc       0x44 ..\obj\delay.o
 .text.DELAY_Init
                0x08000220       0x20 ..\obj\delay.o
                0x08000220                DELAY_Init
 .text.SysTick_Handler
                0x08000240       0x24 ..\obj\delay.o
                0x08000240                SysTick_Handler
 .text.DELAY_Us
                0x08000264       0x28 ..\obj\delay.o
                0x08000264                DELAY_Us
 .text.DELAY_Ms
                0x0800028c       0x24 ..\obj\delay.o
                0x0800028c                DELAY_Ms
 .text.USART_Init
                0x080002b0      0x178 ..\obj\stm32f4xx_usart.o
                0x080002b0                USART_Init
 .text.USART_Cmd
                0x08000428       0x40 ..\obj\stm32f4xx_usart.o
                0x08000428                USART_Cmd
 .text.USART_SendData
                0x08000468       0x24 ..\obj\stm32f4xx_usart.o
                0x08000468                USART_SendData
 .text.USART_GetFlagStatus
                0x0800048c       0x38 ..\obj\stm32f4xx_usart.o
                0x0800048c                USART_GetFlagStatus
 .text.Default_Reset_Handler
                0x080004c4       0x58 ..\obj\startup_stm32f4xx.o
                0x080004c4                Default_Reset_Handler
                0x080004c4                Reset_Handler
 .text.Default_Handler
                0x0800051c        0x8 ..\obj\startup_stm32f4xx.o
                0x0800051c                RTC_Alarm_IRQHandler
                0x0800051c                HASH_RNG_IRQHandler
                0x0800051c                EXTI2_IRQHandler
                0x0800051c                TIM8_CC_IRQHandler
                0x0800051c                DebugMon_Handler
                0x0800051c                TIM1_CC_IRQHandler
                0x0800051c                DMA2_Stream5_IRQHandler
                0x0800051c                HardFault_Handler
                0x0800051c                DMA1_Stream5_IRQHandler
                0x0800051c                PVD_IRQHandler
                0x0800051c                SDIO_IRQHandler
                0x0800051c                TAMP_STAMP_IRQHandler
                0x0800051c                PendSV_Handler
                0x0800051c                NMI_Handler
                0x0800051c                CAN2_RX1_IRQHandler
                0x0800051c                EXTI3_IRQHandler
                0x0800051c                TIM8_TRG_COM_TIM14_IRQHandler
                0x0800051c                TIM1_UP_TIM10_IRQHandler
                0x0800051c                TIM8_UP_TIM13_IRQHandler
                0x0800051c                I2C3_ER_IRQHandler
                0x0800051c                EXTI0_IRQHandler
                0x0800051c                I2C2_EV_IRQHandler
                0x0800051c                DMA1_Stream2_IRQHandler
                0x0800051c                CAN1_RX0_IRQHandler
                0x0800051c                FPU_IRQHandler
                0x0800051c                OTG_HS_WKUP_IRQHandler
                0x0800051c                UsageFault_Handler
                0x0800051c                CAN2_SCE_IRQHandler
                0x0800051c                DMA2_Stream2_IRQHandler
                0x0800051c                SPI1_IRQHandler
                0x0800051c                TIM6_DAC_IRQHandler
                0x0800051c                TIM1_BRK_TIM9_IRQHandler
                0x0800051c                DCMI_IRQHandler
                0x0800051c                CAN2_RX0_IRQHandler
                0x0800051c                DMA2_Stream3_IRQHandler
                0x0800051c                USART6_IRQHandler
                0x0800051c                USART3_IRQHandler
                0x0800051c                CRYP_IRQHandler
                0x0800051c                CAN1_RX1_IRQHandler
                0x0800051c                UART5_IRQHandler
                0x0800051c                DMA2_Stream0_IRQHandler
                0x0800051c                TIM4_IRQHandler
                0x0800051c                I2C1_EV_IRQHandler
                0x0800051c                DMA1_Stream6_IRQHandler
                0x0800051c                DMA1_Stream1_IRQHandler
                0x0800051c                UART4_IRQHandler
                0x0800051c                TIM3_IRQHandler
                0x0800051c                RCC_IRQHandler
                0x0800051c                TIM8_BRK_TIM12_IRQHandler
                0x0800051c                EXTI15_10_IRQHandler
                0x0800051c                ADC_IRQHandler
                0x0800051c                DMA1_Stream7_IRQHandler
                0x0800051c                TIM7_IRQHandler
                0x0800051c                CAN2_TX_IRQHandler
                0x0800051c                TIM5_IRQHandler
                0x0800051c                DMA2_Stream7_IRQHandler
                0x0800051c                I2C3_EV_IRQHandler
                0x0800051c                EXTI9_5_IRQHandler
                0x0800051c                RTC_WKUP_IRQHandler
                0x0800051c                ETH_WKUP_IRQHandler
                0x0800051c                SPI2_IRQHandler
                0x0800051c                OTG_HS_EP1_IN_IRQHandler
                0x0800051c                MemManage_Handler
                0x0800051c                DMA1_Stream0_IRQHandler
                0x0800051c                CAN1_TX_IRQHandler
                0x0800051c                SVC_Handler
                0x0800051c                EXTI4_IRQHandler
                0x0800051c                FSMC_IRQHandler
                0x0800051c                ETH_IRQHandler
                0x0800051c                OTG_HS_EP1_OUT_IRQHandler
                0x0800051c                WWDG_IRQHandler
                0x0800051c                TIM2_IRQHandler
                0x0800051c                OTG_FS_WKUP_IRQHandler
                0x0800051c                TIM1_TRG_COM_TIM11_IRQHandler
                0x0800051c                OTG_HS_IRQHandler
                0x0800051c                EXTI1_IRQHandler
                0x0800051c                USART2_IRQHandler
                0x0800051c                I2C2_ER_IRQHandler
                0x0800051c                DMA2_Stream1_IRQHandler
                0x0800051c                CAN1_SCE_IRQHandler
                0x0800051c                FLASH_IRQHandler
                0x0800051c                DMA2_Stream4_IRQHandler
                0x0800051c                BusFault_Handler
                0x0800051c                USART1_IRQHandler
                0x0800051c                OTG_FS_IRQHandler
                0x0800051c                SPI3_IRQHandler
                0x0800051c                DMA1_Stream4_IRQHandler
                0x0800051c                I2C1_ER_IRQHandler
                0x0800051c                DMA2_Stream6_IRQHandler
                0x0800051c                DMA1_Stream3_IRQHandler
 .text.main     0x08000524       0x4c ..\obj\main.o
                0x08000524                main
 .text.ADC_Config
                0x08000570       0x70 ..\obj\main.o
                0x08000570                ADC_Config
 .text.ADC_Read
                0x080005e0       0x2c ..\obj\main.o
                0x080005e0                ADC_Read
 .text.RCC_DeInit
                0x0800060c       0x50 ..\obj\stm32f4xx_rcc.o
                0x0800060c                RCC_DeInit
 .text.RCC_HSEConfig
                0x0800065c       0x24 ..\obj\stm32f4xx_rcc.o
                0x0800065c                RCC_HSEConfig
 .text.RCC_WaitForHSEStartUp
                0x08000680       0x50 ..\obj\stm32f4xx_rcc.o
                0x08000680                RCC_WaitForHSEStartUp
 .text.RCC_PLLConfig
                0x080006d0       0x3c ..\obj\stm32f4xx_rcc.o
                0x080006d0                RCC_PLLConfig
 .text.RCC_PLLCmd
                0x0800070c       0x20 ..\obj\stm32f4xx_rcc.o
                0x0800070c                RCC_PLLCmd
 .text.RCC_SYSCLKConfig
                0x0800072c       0x38 ..\obj\stm32f4xx_rcc.o
                0x0800072c                RCC_SYSCLKConfig
 .text.RCC_HCLKConfig
                0x08000764       0x38 ..\obj\stm32f4xx_rcc.o
                0x08000764                RCC_HCLKConfig
 .text.RCC_PCLK1Config
                0x0800079c       0x38 ..\obj\stm32f4xx_rcc.o
                0x0800079c                RCC_PCLK1Config
 .text.RCC_PCLK2Config
                0x080007d4       0x38 ..\obj\stm32f4xx_rcc.o
                0x080007d4                RCC_PCLK2Config
 .text.RCC_GetClocksFreq
                0x0800080c      0x154 ..\obj\stm32f4xx_rcc.o
                0x0800080c                RCC_GetClocksFreq
 .text.RCC_AHB1PeriphClockCmd
                0x08000960       0x3c ..\obj\stm32f4xx_rcc.o
                0x08000960                RCC_AHB1PeriphClockCmd
 .text.RCC_APB2PeriphClockCmd
                0x0800099c       0x3c ..\obj\stm32f4xx_rcc.o
                0x0800099c                RCC_APB2PeriphClockCmd
 .text.RCC_GetFlagStatus
                0x080009d8       0x74 ..\obj\stm32f4xx_rcc.o
                0x080009d8                RCC_GetFlagStatus
 .text.ADC_Init
                0x08000a4c       0xa8 ..\obj\stm32f4xx_adc.o
                0x08000a4c                ADC_Init
 .text.ADC_Cmd  0x08000af4       0x38 ..\obj\stm32f4xx_adc.o
                0x08000af4                ADC_Cmd
 .text.ADC_RegularChannelConfig
                0x08000b2c      0x194 ..\obj\stm32f4xx_adc.o
                0x08000b2c                ADC_RegularChannelConfig
 .text.ADC_SoftwareStartConv
                0x08000cc0       0x20 ..\obj\stm32f4xx_adc.o
                0x08000cc0                ADC_SoftwareStartConv
 .text.ADC_GetConversionValue
                0x08000ce0       0x1c ..\obj\stm32f4xx_adc.o
                0x08000ce0                ADC_GetConversionValue
 .text.ADC_GetFlagStatus
                0x08000cfc       0x34 ..\obj\stm32f4xx_adc.o
                0x08000cfc                ADC_GetFlagStatus
 .text.GPIO_Init
                0x08000d30      0x11c ..\obj\stm32f4xx_gpio.o
                0x08000d30                GPIO_Init
 .text.GPIO_PinAFConfig
                0x08000e4c       0x90 ..\obj\stm32f4xx_gpio.o
                0x08000e4c                GPIO_PinAFConfig
 .text.FLASH_SetLatency
                0x08000edc       0x20 ..\obj\stm32f4xx_flash.o
                0x08000edc                FLASH_SetLatency
 .text._sbrk    0x08000efc       0x40 ..\obj\syscalls.o
                0x08000efc                _sbrk
 .text.CLOCK_SetClockTo168MHz
                0x08000f3c       0x78 ..\obj\clock.o
                0x08000f3c                CLOCK_SetClockTo168MHz
 .text.USART_Config
                0x08000fb4       0x84 ..\obj\usart.o
                0x08000fb4                USART_Config
 .text.USART_PutChar
                0x08001038       0x30 ..\obj\usart.o
                0x08001038                USART_PutChar
 .text.USART_PutString
                0x08001068       0x28 ..\obj\usart.o
                0x08001068                USART_PutString
 .text.sprintf  0x08001090       0x4c c:/program files/gnu tools arm embedded/4.9 2014q4/bin/../lib/gcc/arm-none-eabi/4.9.3/../../../../arm-none-eabi/lib/armv7e-m\libg.a(lib_a-sprintf.o)
                0x08001090                sprintf
 .text._svfprintf_r
                0x080010dc     0x1494 c:/program files/gnu tools arm embedded/4.9 2014q4/bin/../lib/gcc/arm-none-eabi/4.9.3/../../../../arm-none-eabi/lib/armv7e-m\libg.a(lib_a-svfprintf.o)
                0x080010dc                _svfprintf_r
 .text.quorem   0x08002570      0x12c c:/program files/gnu tools arm embedded/4.9 2014q4/bin/../lib/gcc/arm-none-eabi/4.9.3/../../../../arm-none-eabi/lib/armv7e-m\libg.a(lib_a-dtoa.o)
 *fill*         0x0800269c        0x4 
 .text._dtoa_r  0x080026a0      0xe98 c:/program files/gnu tools arm embedded/4.9 2014q4/bin/../lib/gcc/arm-none-eabi/4.9.3/../../../../arm-none-eabi/lib/armv7e-m\libg.a(lib_a-dtoa.o)
                0x080026a0                _dtoa_r
 .text._localeconv_r
                0x08003538        0x8 c:/program files/gnu tools arm embedded/4.9 2014q4/bin/../lib/gcc/arm-none-eabi/4.9.3/../../../../arm-none-eabi/lib/armv7e-m\libg.a(lib_a-locale.o)
                0x08003538                _localeconv_r
 .text._malloc_r
                0x08003540      0x51c c:/program files/gnu tools arm embedded/4.9 2014q4/bin/../lib/gcc/arm-none-eabi/4.9.3/../../../../arm-none-eabi/lib/armv7e-m\libg.a(lib_a-mallocr.o)
                0x08003540                _malloc_r
 .text.memchr   0x08003a5c       0x94 c:/program files/gnu tools arm embedded/4.9 2014q4/bin/../lib/gcc/arm-none-eabi/4.9.3/../../../../arm-none-eabi/lib/armv7e-m\libg.a(lib_a-memchr.o)
                0x08003a5c                memchr
 .text          0x08003af0      0x134 c:/program files/gnu tools arm embedded/4.9 2014q4/bin/../lib/gcc/arm-none-eabi/4.9.3/../../../../arm-none-eabi/lib/armv7e-m\libg.a(lib_a-memcpy.o)
                0x08003af0                memcpy
 .text.__malloc_lock
                0x08003c24        0x4 c:/program files/gnu tools arm embedded/4.9 2014q4/bin/../lib/gcc/arm-none-eabi/4.9.3/../../../../arm-none-eabi/lib/armv7e-m\libg.a(lib_a-mlock.o)
                0x08003c24                __malloc_lock
 .text.__malloc_unlock
                0x08003c28        0x4 c:/program files/gnu tools arm embedded/4.9 2014q4/bin/../lib/gcc/arm-none-eabi/4.9.3/../../../../arm-none-eabi/lib/armv7e-m\libg.a(lib_a-mlock.o)
                0x08003c28                __malloc_unlock
 .text._Balloc  0x08003c2c       0x4c c:/program files/gnu tools arm embedded/4.9 2014q4/bin/../lib/gcc/arm-none-eabi/4.9.3/../../../../arm-none-eabi/lib/armv7e-m\libg.a(lib_a-mprec.o)
                0x08003c2c                _Balloc
 .text._Bfree   0x08003c78       0x14 c:/program files/gnu tools arm embedded/4.9 2014q4/bin/../lib/gcc/arm-none-eabi/4.9.3/../../../../arm-none-eabi/lib/armv7e-m\libg.a(lib_a-mprec.o)
                0x08003c78                _Bfree
 .text.__multadd
                0x08003c8c       0x84 c:/program files/gnu tools arm embedded/4.9 2014q4/bin/../lib/gcc/arm-none-eabi/4.9.3/../../../../arm-none-eabi/lib/armv7e-m\libg.a(lib_a-mprec.o)
                0x08003c8c                __multadd
 .text.__hi0bits
                0x08003d10       0x40 c:/program files/gnu tools arm embedded/4.9 2014q4/bin/../lib/gcc/arm-none-eabi/4.9.3/../../../../arm-none-eabi/lib/armv7e-m\libg.a(lib_a-mprec.o)
                0x08003d10                __hi0bits
 .text.__lo0bits
                0x08003d50       0x5c c:/program files/gnu tools arm embedded/4.9 2014q4/bin/../lib/gcc/arm-none-eabi/4.9.3/../../../../arm-none-eabi/lib/armv7e-m\libg.a(lib_a-mprec.o)
                0x08003d50                __lo0bits
 .text.__i2b    0x08003dac       0x14 c:/program files/gnu tools arm embedded/4.9 2014q4/bin/../lib/gcc/arm-none-eabi/4.9.3/../../../../arm-none-eabi/lib/armv7e-m\libg.a(lib_a-mprec.o)
                0x08003dac                __i2b
 .text.__multiply
                0x08003dc0      0x134 c:/program files/gnu tools arm embedded/4.9 2014q4/bin/../lib/gcc/arm-none-eabi/4.9.3/../../../../arm-none-eabi/lib/armv7e-m\libg.a(lib_a-mprec.o)
                0x08003dc0                __multiply
 .text.__pow5mult
                0x08003ef4       0xa0 c:/program files/gnu tools arm embedded/4.9 2014q4/bin/../lib/gcc/arm-none-eabi/4.9.3/../../../../arm-none-eabi/lib/armv7e-m\libg.a(lib_a-mprec.o)
                0x08003ef4                __pow5mult
 .text.__lshift
                0x08003f94       0xac c:/program files/gnu tools arm embedded/4.9 2014q4/bin/../lib/gcc/arm-none-eabi/4.9.3/../../../../arm-none-eabi/lib/armv7e-m\libg.a(lib_a-mprec.o)
                0x08003f94                __lshift
 .text.__mcmp   0x08004040       0x48 c:/program files/gnu tools arm embedded/4.9 2014q4/bin/../lib/gcc/arm-none-eabi/4.9.3/../../../../arm-none-eabi/lib/armv7e-m\libg.a(lib_a-mprec.o)
                0x08004040                __mcmp
 .text.__mdiff  0x08004088       0xd4 c:/program files/gnu tools arm embedded/4.9 2014q4/bin/../lib/gcc/arm-none-eabi/4.9.3/../../../../arm-none-eabi/lib/armv7e-m\libg.a(lib_a-mprec.o)
                0x08004088                __mdiff
 .text.__d2b    0x0800415c       0xb8 c:/program files/gnu tools arm embedded/4.9 2014q4/bin/../lib/gcc/arm-none-eabi/4.9.3/../../../../arm-none-eabi/lib/armv7e-m\libg.a(lib_a-mprec.o)
                0x0800415c                __d2b
 .text.__fpclassifyd
                0x08004214       0x58 c:/program files/gnu tools arm embedded/4.9 2014q4/bin/../lib/gcc/arm-none-eabi/4.9.3/../../../../arm-none-eabi/lib/armv7e-m\libg.a(lib_a-s_fpclassify.o)
                0x08004214                __fpclassifyd
 .text._sbrk_r  0x0800426c       0x24 c:/program files/gnu tools arm embedded/4.9 2014q4/bin/../lib/gcc/arm-none-eabi/4.9.3/../../../../arm-none-eabi/lib/armv7e-m\libg.a(lib_a-sbrkr.o)
                0x0800426c                _sbrk_r
 .text.strlen   0x08004290       0x5c c:/program files/gnu tools arm embedded/4.9 2014q4/bin/../lib/gcc/arm-none-eabi/4.9.3/../../../../arm-none-eabi/lib/armv7e-m\libg.a(lib_a-strlen.o)
                0x08004290                strlen
 .text.__ssprint_r
                0x080042ec      0x104 c:/program files/gnu tools arm embedded/4.9 2014q4/bin/../lib/gcc/arm-none-eabi/4.9.3/../../../../arm-none-eabi/lib/armv7e-m\libg.a(lib_a-svfiprintf.o)
                0x080042ec                __ssprint_r
 .text._calloc_r
                0x080043f0       0x60 c:/program files/gnu tools arm embedded/4.9 2014q4/bin/../lib/gcc/arm-none-eabi/4.9.3/../../../../arm-none-eabi/lib/armv7e-m\libg.a(lib_a-callocr.o)
                0x080043f0                _calloc_r
 .text._malloc_trim_r
                0x08004450       0x9c c:/program files/gnu tools arm embedded/4.9 2014q4/bin/../lib/gcc/arm-none-eabi/4.9.3/../../../../arm-none-eabi/lib/armv7e-m\libg.a(lib_a-freer.o)
                0x08004450                _malloc_trim_r
 .text._free_r  0x080044ec      0x1b0 c:/program files/gnu tools arm embedded/4.9 2014q4/bin/../lib/gcc/arm-none-eabi/4.9.3/../../../../arm-none-eabi/lib/armv7e-m\libg.a(lib_a-freer.o)
                0x080044ec                _free_r
 .text.memmove  0x0800469c       0xc8 c:/program files/gnu tools arm embedded/4.9 2014q4/bin/../lib/gcc/arm-none-eabi/4.9.3/../../../../arm-none-eabi/lib/armv7e-m\libg.a(lib_a-memmove.o)
                0x0800469c                memmove
 .text.memset   0x08004764       0x9c c:/program files/gnu tools arm embedded/4.9 2014q4/bin/../lib/gcc/arm-none-eabi/4.9.3/../../../../arm-none-eabi/lib/armv7e-m\libg.a(lib_a-memset.o)
                0x08004764                memset
 .text._realloc_r
                0x08004800      0x3ec c:/program files/gnu tools arm embedded/4.9 2014q4/bin/../lib/gcc/arm-none-eabi/4.9.3/../../../../arm-none-eabi/lib/armv7e-m\libg.a(lib_a-reallocr.o)
                0x08004800                _realloc_r
 .text          0x08004bec      0x370 c:/program files/gnu tools arm embedded/4.9 2014q4/bin/../lib/gcc/arm-none-eabi/4.9.3/armv7e-m\libgcc.a(_arm_addsubdf3.o)
                0x08004bec                __aeabi_drsub
                0x08004bf4                __aeabi_dsub
                0x08004bf4                __subdf3
                0x08004bf8                __aeabi_dadd
                0x08004bf8                __adddf3
                0x08004e70                __floatunsidf
                0x08004e70                __aeabi_ui2d
                0x08004e90                __floatsidf
                0x08004e90                __aeabi_i2d
                0x08004eb4                __aeabi_f2d
                0x08004eb4                __extendsfdf2
                0x08004ef0                __floatundidf
                0x08004ef0                __aeabi_ul2d
                0x08004f00                __floatdidf
                0x08004f00                __aeabi_l2d
 .text          0x08004f5c      0x424 c:/program files/gnu tools arm embedded/4.9 2014q4/bin/../lib/gcc/arm-none-eabi/4.9.3/armv7e-m\libgcc.a(_arm_muldivdf3.o)
                0x08004f5c                __aeabi_dmul
                0x08004f5c                __muldf3
                0x080051b0                __divdf3
                0x080051b0                __aeabi_ddiv
 .text          0x08005380      0x110 c:/program files/gnu tools arm embedded/4.9 2014q4/bin/../lib/gcc/arm-none-eabi/4.9.3/armv7e-m\libgcc.a(_arm_cmpdf2.o)
                0x08005380                __gtdf2
                0x08005380                __gedf2
                0x08005388                __ltdf2
                0x08005388                __ledf2
                0x08005390                __nedf2
                0x08005390                __eqdf2
                0x08005390                __cmpdf2
                0x0800540c                __aeabi_cdrcmple
                0x0800541c                __aeabi_cdcmpeq
                0x0800541c                __aeabi_cdcmple
                0x0800542c                __aeabi_dcmpeq
                0x08005440                __aeabi_dcmplt
                0x08005454                __aeabi_dcmple
                0x08005468                __aeabi_dcmpge
                0x0800547c                __aeabi_dcmpgt
 .text          0x08005490       0x50 c:/program files/gnu tools arm embedded/4.9 2014q4/bin/../lib/gcc/arm-none-eabi/4.9.3/armv7e-m\libgcc.a(_arm_fixdfsi.o)
                0x08005490                __aeabi_d2iz
                0x08005490                __fixdfsi
 .text          0x080054e0       0x2c c:/program files/gnu tools arm embedded/4.9 2014q4/bin/../lib/gcc/arm-none-eabi/4.9.3/armv7e-m\libgcc.a(_aeabi_uldivmod.o)
                0x080054e0                __aeabi_uldivmod
 .text          0x0800550c       0x60 c:/program files/gnu tools arm embedded/4.9 2014q4/bin/../lib/gcc/arm-none-eabi/4.9.3/armv7e-m\libgcc.a(bpabi.o)
                0x0800550c                __gnu_ldivmod_helper
                0x0800553c                __gnu_uldivmod_helper
 .text          0x0800556c        0x4 c:/program files/gnu tools arm embedded/4.9 2014q4/bin/../lib/gcc/arm-none-eabi/4.9.3/armv7e-m\libgcc.a(_dvmd_tls.o)
                0x0800556c                __aeabi_idiv0
                0x0800556c                __aeabi_ldiv0
 .text          0x08005570      0x29c c:/program files/gnu tools arm embedded/4.9 2014q4/bin/../lib/gcc/arm-none-eabi/4.9.3/armv7e-m\libgcc.a(_divdi3.o)
                0x08005570                __divdi3
 .text          0x0800580c      0x26c c:/program files/gnu tools arm embedded/4.9 2014q4/bin/../lib/gcc/arm-none-eabi/4.9.3/armv7e-m\libgcc.a(_udivdi3.o)
                0x0800580c                __udivdi3
 *(.init)
 *(.fini)
 *crtbegin.o(.ctors)
 *crtbegin?.o(.ctors)
 *(EXCLUDE_FILE(*crtend.o *crtend?.o) .ctors)
 *(SORT(.ctors.*))
 *(.ctors)
 *crtbegin.o(.dtors)
 *crtbegin?.o(.dtors)
 *(EXCLUDE_FILE(*crtend.o *crtend?.o) .dtors)
 *(SORT(.dtors.*))
 *(.dtors)
 *(.rodata*)
 .rodata        0x08005a78        0x4 ..\obj\main.o
 .rodata.blanks.6794
                0x08005a7c       0x10 c:/program files/gnu tools arm embedded/4.9 2014q4/bin/../lib/gcc/arm-none-eabi/4.9.3/../../../../arm-none-eabi/lib/armv7e-m\libg.a(lib_a-svfprintf.o)
 .rodata.str1.4
                0x08005a8c       0x42 c:/program files/gnu tools arm embedded/4.9 2014q4/bin/../lib/gcc/arm-none-eabi/4.9.3/../../../../arm-none-eabi/lib/armv7e-m\libg.a(lib_a-svfprintf.o)
                                 0x44 (size before relaxing)
 *fill*         0x08005ace        0x2 
 .rodata.zeroes.6795
                0x08005ad0       0x10 c:/program files/gnu tools arm embedded/4.9 2014q4/bin/../lib/gcc/arm-none-eabi/4.9.3/../../../../arm-none-eabi/lib/armv7e-m\libg.a(lib_a-svfprintf.o)
 .rodata.str1.4
                0x08005ae0       0x10 c:/program files/gnu tools arm embedded/4.9 2014q4/bin/../lib/gcc/arm-none-eabi/4.9.3/../../../../arm-none-eabi/lib/armv7e-m\libg.a(lib_a-dtoa.o)
                                 0x14 (size before relaxing)
 .rodata.str1.4
                0x08005af0        0x2 c:/program files/gnu tools arm embedded/4.9 2014q4/bin/../lib/gcc/arm-none-eabi/4.9.3/../../../../arm-none-eabi/lib/armv7e-m\libg.a(lib_a-impure.o)
                                  0x4 (size before relaxing)
 *fill*         0x08005af2        0x2 
 .rodata.str1.4
                0x08005af4        0xc c:/program files/gnu tools arm embedded/4.9 2014q4/bin/../lib/gcc/arm-none-eabi/4.9.3/../../../../arm-none-eabi/lib/armv7e-m\libg.a(lib_a-locale.o)
                                 0x14 (size before relaxing)
 .rodata.__mprec_tens
                0x08005b00       0xc8 c:/program files/gnu tools arm embedded/4.9 2014q4/bin/../lib/gcc/arm-none-eabi/4.9.3/../../../../arm-none-eabi/lib/armv7e-m\libg.a(lib_a-mprec.o)
                0x08005b00                __mprec_tens
 .rodata.__mprec_bigtens
                0x08005bc8       0x28 c:/program files/gnu tools arm embedded/4.9 2014q4/bin/../lib/gcc/arm-none-eabi/4.9.3/../../../../arm-none-eabi/lib/armv7e-m\libg.a(lib_a-mprec.o)
                0x08005bc8                __mprec_bigtens
 .rodata.p05.5265
                0x08005bf0        0xc c:/program files/gnu tools arm embedded/4.9 2014q4/bin/../lib/gcc/arm-none-eabi/4.9.3/../../../../arm-none-eabi/lib/armv7e-m\libg.a(lib_a-mprec.o)
 *(.eh_fram e*)

.glue_7         0x08005bfc        0x0
 .glue_7        0x00000000        0x0 linker stubs

.glue_7t        0x08005bfc        0x0
 .glue_7t       0x00000000        0x0 linker stubs

.vfp11_veneer   0x08005bfc        0x0
 .vfp11_veneer  0x00000000        0x0 linker stubs

.v4_bx          0x08005bfc        0x0
 .v4_bx         0x00000000        0x0 linker stubs

.iplt           0x08005bfc        0x0
 .iplt          0x00000000        0x0 ..\obj\delay.o

.ARM.extab
 *(.ARM.extab* .gnu.linkonce.armextab.*)
                0x08005bfc                __exidx_start = .

.ARM.exidx      0x08005bfc        0x8
 *(.ARM.exidx* .gnu.linkonce.armexidx.*)
 .ARM.exidx     0x08005bfc        0x8 c:/program files/gnu tools arm embedded/4.9 2014q4/bin/../lib/gcc/arm-none-eabi/4.9.3/armv7e-m\libgcc.a(_divdi3.o)
 .ARM.exidx     0x08005c04        0x0 c:/program files/gnu tools arm embedded/4.9 2014q4/bin/../lib/gcc/arm-none-eabi/4.9.3/armv7e-m\libgcc.a(_udivdi3.o)
                                  0x8 (size before relaxing)
                0x08005c04                __exidx_end = .
                0x08005c04                __etext = .
                0x08005c04                _sidata = __etext

.rel.dyn        0x08005c04        0x0
 .rel.iplt      0x00000000        0x0 ..\obj\delay.o

.data           0x20000000      0x89c load address 0x08005c04
                0x20000000                __data_start__ = .
                0x20000000                _sdata = __data_start__
 *(vtable)
 *(.data*)
 .data          0x20000000       0x10 ..\obj\stm32f4xx_rcc.o
 .data          0x20000010       0x14 ..\obj\system_stm32f4xx.o
                0x20000010                SystemCoreClock
                0x20000014                AHBPrescTable
 *fill*         0x20000024        0x4 
 .data.impure_data
                0x20000028      0x428 c:/program files/gnu tools arm embedded/4.9 2014q4/bin/../lib/gcc/arm-none-eabi/4.9.3/../../../../arm-none-eabi/lib/armv7e-m\libg.a(lib_a-impure.o)
 .data._impure_ptr
                0x20000450        0x4 c:/program files/gnu tools arm embedded/4.9 2014q4/bin/../lib/gcc/arm-none-eabi/4.9.3/../../../../arm-none-eabi/lib/armv7e-m\libg.a(lib_a-impure.o)
                0x20000450                _impure_ptr
 .data.lconv    0x20000454       0x38 c:/program files/gnu tools arm embedded/4.9 2014q4/bin/../lib/gcc/arm-none-eabi/4.9.3/../../../../arm-none-eabi/lib/armv7e-m\libg.a(lib_a-locale.o)
 .data.__malloc_av_
                0x2000048c      0x408 c:/program files/gnu tools arm embedded/4.9 2014q4/bin/../lib/gcc/arm-none-eabi/4.9.3/../../../../arm-none-eabi/lib/armv7e-m\libg.a(lib_a-mallocr.o)
                0x2000048c                __malloc_av_
 .data.__malloc_trim_threshold
                0x20000894        0x4 c:/program files/gnu tools arm embedded/4.9 2014q4/bin/../lib/gcc/arm-none-eabi/4.9.3/../../../../arm-none-eabi/lib/armv7e-m\libg.a(lib_a-mallocr.o)
                0x20000894                __malloc_trim_threshold
 .data.__malloc_sbrk_base
                0x20000898        0x4 c:/program files/gnu tools arm embedded/4.9 2014q4/bin/../lib/gcc/arm-none-eabi/4.9.3/../../../../arm-none-eabi/lib/armv7e-m\libg.a(lib_a-mallocr.o)
                0x20000898                __malloc_sbrk_base
                0x2000089c                . = ALIGN (0x4)
                0x2000089c                PROVIDE (__preinit_array_start, .)
 *(.preinit_array)
                0x2000089c                PROVIDE (__preinit_array_end, .)
                0x2000089c                . = ALIGN (0x4)
                0x2000089c                PROVIDE (__init_array_start, .)
 *(SORT(.init_array.*))
 *(.init_array)
                0x2000089c                PROVIDE (__init_array_end, .)
                0x2000089c                . = ALIGN (0x4)
                0x2000089c                PROVIDE (__fini_array_start, .)
 *(SORT(.fini_array.*))
 *(.fini_array)
                0x2000089c                PROVIDE (__fini_array_end, .)
 *(.jcr*)
                0x2000089c                . = ALIGN (0x4)
                0x2000089c                __data_end__ = .
                0x2000089c                _edata = __data_end__

.igot.plt       0x2000089c        0x0 load address 0x080064a0
 .igot.plt      0x00000000        0x0 ..\obj\delay.o

.bss            0x2000089c       0x4c load address 0x080064a0
                0x2000089c                . = ALIGN (0x4)
                0x2000089c                __bss_start__ = .
                0x2000089c                _sbss = __bss_start__
 *(.bss*)
 .bss           0x2000089c        0x4 ..\obj\delay.o
 .bss           0x200008a0        0x2 ..\obj\main.o
                0x200008a0                adcValue
 *fill*         0x200008a2        0x2 
 .bss           0x200008a4        0x4 ..\obj\syscalls.o
 .bss.__malloc_max_total_mem
                0x200008a8        0x4 c:/program files/gnu tools arm embedded/4.9 2014q4/bin/../lib/gcc/arm-none-eabi/4.9.3/../../../../arm-none-eabi/lib/armv7e-m\libg.a(lib_a-mallocr.o)
                0x200008a8                __malloc_max_total_mem
 .bss.__malloc_max_sbrked_mem
                0x200008ac        0x4 c:/program files/gnu tools arm embedded/4.9 2014q4/bin/../lib/gcc/arm-none-eabi/4.9.3/../../../../arm-none-eabi/lib/armv7e-m\libg.a(lib_a-mallocr.o)
                0x200008ac                __malloc_max_sbrked_mem
 .bss.__malloc_top_pad
                0x200008b0        0x4 c:/program files/gnu tools arm embedded/4.9 2014q4/bin/../lib/gcc/arm-none-eabi/4.9.3/../../../../arm-none-eabi/lib/armv7e-m\libg.a(lib_a-mallocr.o)
                0x200008b0                __malloc_top_pad
 .bss.__malloc_current_mallinfo
                0x200008b4       0x28 c:/program files/gnu tools arm embedded/4.9 2014q4/bin/../lib/gcc/arm-none-eabi/4.9.3/../../../../arm-none-eabi/lib/armv7e-m\libg.a(lib_a-mallocr.o)
                0x200008b4                __malloc_current_mallinfo
 *(COMMON)
 COMMON         0x200008dc        0x5 ..\obj\main.o
                0x200008dc                sAdcValue
 *fill*         0x200008e1        0x3 
 COMMON         0x200008e4        0x4 c:/program files/gnu tools arm embedded/4.9 2014q4/bin/../lib/gcc/arm-none-eabi/4.9.3/../../../../arm-none-eabi/lib/armv7e-m\libg.a(lib_a-reent.o)
                0x200008e4                errno
                0x200008e8                . = ALIGN (0x4)
                0x200008e8                __bss_end__ = .
                0x200008e8                _ebss = __bss_end__

.heap           0x200008e8        0x0
                0x200008e8                __end__ = .
                0x200008e8                _end = __end__
                0x200008e8                end = __end__
 *(.heap*)
                0x200008e8                __HeapLimit = .

.co_stack       0x200008e8      0x800 load address 0x080064ec
                0x200008e8                . = ALIGN (0x8)
 *(.co_stack .co_stack.*)
 .co_stack      0x200008e8      0x800 ..\obj\startup_stm32f4xx.o
                0x200008e8                pulStack
                0x20020000                __StackTop = (ORIGIN (ram) + 0x20000)
                0x2001f800                __StackLimit = (__StackTop - SIZEOF (.co_stack))
                0x20020000                PROVIDE (__stack, __StackTop)
                0x00000001                ASSERT ((__StackLimit >= __HeapLimit), region ram  overflowed with stack)
LOAD ..\obj\delay.o
LOAD ..\obj\stm32f4xx_usart.o
LOAD ..\obj\startup_stm32f4xx.o
LOAD ..\obj\main.o
LOAD ..\obj\stm32f4xx_rcc.o
LOAD ..\obj\stm32f4xx_adc.o
LOAD ..\obj\stm32f4xx_gpio.o
LOAD ..\obj\stm32f4xx_flash.o
LOAD ..\obj\system_stm32f4xx.o
LOAD ..\obj\syscalls.o
LOAD ..\obj\clock.o
LOAD ..\obj\usart.o
START GROUP
LOAD c:/program files/gnu tools arm embedded/4.9 2014q4/bin/../lib/gcc/arm-none-eabi/4.9.3/armv7e-m\libgcc.a
LOAD c:/program files/gnu tools arm embedded/4.9 2014q4/bin/../lib/gcc/arm-none-eabi/4.9.3/../../../../arm-none-eabi/lib/armv7e-m\libg.a
LOAD c:/program files/gnu tools arm embedded/4.9 2014q4/bin/../lib/gcc/arm-none-eabi/4.9.3/../../../../arm-none-eabi/lib/armv7e-m\libc.a
END GROUP
OUTPUT(adc.elf elf32-littlearm)

.debug_info     0x00000000     0x4b12
 .debug_info    0x00000000      0x700 ..\obj\delay.o
 .debug_info    0x00000700      0x9c2 ..\obj\stm32f4xx_usart.o
 .debug_info    0x000010c2       0xed ..\obj\startup_stm32f4xx.o
 .debug_info    0x000011af      0x4b8 ..\obj\main.o
 .debug_info    0x00001667      0xc4d ..\obj\stm32f4xx_rcc.o
 .debug_info    0x000022b4      0xc38 ..\obj\stm32f4xx_adc.o
 .debug_info    0x00002eec      0x602 ..\obj\stm32f4xx_gpio.o
 .debug_info    0x000034ee      0x71b ..\obj\stm32f4xx_flash.o
 .debug_info    0x00003c09      0x592 ..\obj\system_stm32f4xx.o
 .debug_info    0x0000419b      0x3ee ..\obj\syscalls.o
 .debug_info    0x00004589      0x138 ..\obj\clock.o
 .debug_info    0x000046c1      0x451 ..\obj\usart.o

.debug_abbrev   0x00000000      0xfa4
 .debug_abbrev  0x00000000      0x1bc ..\obj\delay.o
 .debug_abbrev  0x000001bc      0x155 ..\obj\stm32f4xx_usart.o
 .debug_abbrev  0x00000311       0xb0 ..\obj\startup_stm32f4xx.o
 .debug_abbrev  0x000003c1      0x12c ..\obj\main.o
 .debug_abbrev  0x000004ed      0x1e3 ..\obj\stm32f4xx_rcc.o
 .debug_abbrev  0x000006d0      0x196 ..\obj\stm32f4xx_adc.o
 .debug_abbrev  0x00000866      0x1a3 ..\obj\stm32f4xx_gpio.o
 .debug_abbrev  0x00000a09      0x1ae ..\obj\stm32f4xx_flash.o
 .debug_abbrev  0x00000bb7      0x136 ..\obj\system_stm32f4xx.o
 .debug_abbrev  0x00000ced       0xe2 ..\obj\syscalls.o
 .debug_abbrev  0x00000dcf       0xa4 ..\obj\clock.o
 .debug_abbrev  0x00000e73      0x131 ..\obj\usart.o

.debug_aranges  0x00000000      0x6d8
 .debug_aranges
                0x00000000       0x48 ..\obj\delay.o
 .debug_aranges
                0x00000048      0x100 ..\obj\stm32f4xx_usart.o
 .debug_aranges
                0x00000148       0x28 ..\obj\startup_stm32f4xx.o
 .debug_aranges
                0x00000170       0x30 ..\obj\main.o
 .debug_aranges
                0x000001a0      0x178 ..\obj\stm32f4xx_rcc.o
 .debug_aranges
                0x00000318      0x148 ..\obj\stm32f4xx_adc.o
 .debug_aranges
                0x00000460       0x88 ..\obj\stm32f4xx_gpio.o
 .debug_aranges
                0x000004e8      0x108 ..\obj\stm32f4xx_flash.o
 .debug_aranges
                0x000005f0       0x30 ..\obj\system_stm32f4xx.o
 .debug_aranges
                0x00000620       0x60 ..\obj\syscalls.o
 .debug_aranges
                0x00000680       0x20 ..\obj\clock.o
 .debug_aranges
                0x000006a0       0x38 ..\obj\usart.o

.debug_ranges   0x00000000      0x618
 .debug_ranges  0x00000000       0x38 ..\obj\delay.o
 .debug_ranges  0x00000038       0xf0 ..\obj\stm32f4xx_usart.o
 .debug_ranges  0x00000128       0x18 ..\obj\startup_stm32f4xx.o
 .debug_ranges  0x00000140       0x20 ..\obj\main.o
 .debug_ranges  0x00000160      0x168 ..\obj\stm32f4xx_rcc.o
 .debug_ranges  0x000002c8      0x138 ..\obj\stm32f4xx_adc.o
 .debug_ranges  0x00000400       0x78 ..\obj\stm32f4xx_gpio.o
 .debug_ranges  0x00000478       0xf8 ..\obj\stm32f4xx_flash.o
 .debug_ranges  0x00000570       0x20 ..\obj\system_stm32f4xx.o
 .debug_ranges  0x00000590       0x50 ..\obj\syscalls.o
 .debug_ranges  0x000005e0       0x10 ..\obj\clock.o
 .debug_ranges  0x000005f0       0x28 ..\obj\usart.o

.debug_line     0x00000000     0x2174
 .debug_line    0x00000000      0x1fe ..\obj\delay.o
 .debug_line    0x000001fe      0x461 ..\obj\stm32f4xx_usart.o
 .debug_line    0x0000065f       0x90 ..\obj\startup_stm32f4xx.o
 .debug_line    0x000006ef      0x20a ..\obj\main.o
 .debug_line    0x000008f9      0x560 ..\obj\stm32f4xx_rcc.o
 .debug_line    0x00000e59      0x511 ..\obj\stm32f4xx_adc.o
 .debug_line    0x0000136a      0x302 ..\obj\stm32f4xx_gpio.o
 .debug_line    0x0000166c      0x446 ..\obj\stm32f4xx_flash.o
 .debug_line    0x00001ab2      0x1cf ..\obj\system_stm32f4xx.o
 .debug_line    0x00001c81      0x161 ..\obj\syscalls.o
 .debug_line    0x00001de2      0x184 ..\obj\clock.o
 .debug_line    0x00001f66      0x20e ..\obj\usart.o

.debug_str      0x00000000     0x229f
 .debug_str     0x00000000      0x778 ..\obj\delay.o
                                0x7ca (size before relaxing)
 .debug_str     0x00000778      0x4d0 ..\obj\stm32f4xx_usart.o
                                0x67e (size before relaxing)
 .debug_str     0x00000c48       0x9f ..\obj\startup_stm32f4xx.o
                                0x136 (size before relaxing)
 .debug_str     0x00000ce7      0x302 ..\obj\main.o
                                0x488 (size before relaxing)
 .debug_str     0x00000fe9      0x5d2 ..\obj\stm32f4xx_rcc.o
                                0x83f (size before relaxing)
 .debug_str     0x000015bb      0x52b ..\obj\stm32f4xx_adc.o
                                0x7f3 (size before relaxing)
 .debug_str     0x00001ae6      0x182 ..\obj\stm32f4xx_gpio.o
                                0x492 (size before relaxing)
 .debug_str     0x00001c68      0x3ba ..\obj\stm32f4xx_flash.o
                                0x581 (size before relaxing)
 .debug_str     0x00002022       0x87 ..\obj\system_stm32f4xx.o
                                0x399 (size before relaxing)
 .debug_str     0x000020a9      0x152 ..\obj\syscalls.o
                                0x2ac (size before relaxing)
 .debug_str     0x000021fb       0x4c ..\obj\clock.o
                                0x1c9 (size before relaxing)
 .debug_str     0x00002247       0x58 ..\obj\usart.o
                                0x440 (size before relaxing)

.comment        0x00000000       0x70
 .comment       0x00000000       0x70 ..\obj\delay.o
                                 0x71 (size before relaxing)
 .comment       0x00000000       0x71 ..\obj\stm32f4xx_usart.o
 .comment       0x00000000       0x71 ..\obj\startup_stm32f4xx.o
 .comment       0x00000000       0x71 ..\obj\main.o
 .comment       0x00000000       0x71 ..\obj\stm32f4xx_rcc.o
 .comment       0x00000000       0x71 ..\obj\stm32f4xx_adc.o
 .comment       0x00000000       0x71 ..\obj\stm32f4xx_gpio.o
 .comment       0x00000000       0x71 ..\obj\stm32f4xx_flash.o
 .comment       0x00000000       0x71 ..\obj\system_stm32f4xx.o
 .comment       0x00000000       0x71 ..\obj\syscalls.o
 .comment       0x00000000       0x71 ..\obj\clock.o
 .comment       0x00000000       0x71 ..\obj\usart.o

.ARM.attributes
                0x00000000       0x31
 .ARM.attributes
                0x00000000       0x33 ..\obj\delay.o
 .ARM.attributes
                0x00000033       0x33 ..\obj\stm32f4xx_usart.o
 .ARM.attributes
                0x00000066       0x33 ..\obj\startup_stm32f4xx.o
 .ARM.attributes
                0x00000099       0x33 ..\obj\main.o
 .ARM.attributes
                0x000000cc       0x33 ..\obj\stm32f4xx_rcc.o
 .ARM.attributes
                0x000000ff       0x33 ..\obj\stm32f4xx_adc.o
 .ARM.attributes
                0x00000132       0x33 ..\obj\stm32f4xx_gpio.o
 .ARM.attributes
                0x00000165       0x33 ..\obj\stm32f4xx_flash.o
 .ARM.attributes
                0x00000198       0x33 ..\obj\system_stm32f4xx.o
 .ARM.attributes
                0x000001cb       0x33 ..\obj\syscalls.o
 .ARM.attributes
                0x000001fe       0x33 ..\obj\clock.o
 .ARM.attributes
                0x00000231       0x33 ..\obj\usart.o
 .ARM.attributes
                0x00000264       0x2e c:/program files/gnu tools arm embedded/4.9 2014q4/bin/../lib/gcc/arm-none-eabi/4.9.3/../../../../arm-none-eabi/lib/armv7e-m\libg.a(lib_a-sprintf.o)
 .ARM.attributes
                0x00000292       0x2e c:/program files/gnu tools arm embedded/4.9 2014q4/bin/../lib/gcc/arm-none-eabi/4.9.3/../../../../arm-none-eabi/lib/armv7e-m\libg.a(lib_a-svfprintf.o)
 .ARM.attributes
                0x000002c0       0x2e c:/program files/gnu tools arm embedded/4.9 2014q4/bin/../lib/gcc/arm-none-eabi/4.9.3/../../../../arm-none-eabi/lib/armv7e-m\libg.a(lib_a-dtoa.o)
 .ARM.attributes
                0x000002ee       0x2e c:/program files/gnu tools arm embedded/4.9 2014q4/bin/../lib/gcc/arm-none-eabi/4.9.3/../../../../arm-none-eabi/lib/armv7e-m\libg.a(lib_a-impure.o)
 .ARM.attributes
                0x0000031c       0x2e c:/program files/gnu tools arm embedded/4.9 2014q4/bin/../lib/gcc/arm-none-eabi/4.9.3/../../../../arm-none-eabi/lib/armv7e-m\libg.a(lib_a-locale.o)
 .ARM.attributes
                0x0000034a       0x2e c:/program files/gnu tools arm embedded/4.9 2014q4/bin/../lib/gcc/arm-none-eabi/4.9.3/../../../../arm-none-eabi/lib/armv7e-m\libg.a(lib_a-mallocr.o)
 .ARM.attributes
                0x00000378       0x2e c:/program files/gnu tools arm embedded/4.9 2014q4/bin/../lib/gcc/arm-none-eabi/4.9.3/../../../../arm-none-eabi/lib/armv7e-m\libg.a(lib_a-memchr.o)
 .ARM.attributes
                0x000003a6       0x1c c:/program files/gnu tools arm embedded/4.9 2014q4/bin/../lib/gcc/arm-none-eabi/4.9.3/../../../../arm-none-eabi/lib/armv7e-m\libg.a(lib_a-memcpy.o)
 .ARM.attributes
                0x000003c2       0x2e c:/program files/gnu tools arm embedded/4.9 2014q4/bin/../lib/gcc/arm-none-eabi/4.9.3/../../../../arm-none-eabi/lib/armv7e-m\libg.a(lib_a-mlock.o)
 .ARM.attributes
                0x000003f0       0x2e c:/program files/gnu tools arm embedded/4.9 2014q4/bin/../lib/gcc/arm-none-eabi/4.9.3/../../../../arm-none-eabi/lib/armv7e-m\libg.a(lib_a-mprec.o)
 .ARM.attributes
                0x0000041e       0x2e c:/program files/gnu tools arm embedded/4.9 2014q4/bin/../lib/gcc/arm-none-eabi/4.9.3/../../../../arm-none-eabi/lib/armv7e-m\libg.a(lib_a-s_fpclassify.o)
 .ARM.attributes
                0x0000044c       0x2e c:/program files/gnu tools arm embedded/4.9 2014q4/bin/../lib/gcc/arm-none-eabi/4.9.3/../../../../arm-none-eabi/lib/armv7e-m\libg.a(lib_a-sbrkr.o)
 .ARM.attributes
                0x0000047a       0x2e c:/program files/gnu tools arm embedded/4.9 2014q4/bin/../lib/gcc/arm-none-eabi/4.9.3/../../../../arm-none-eabi/lib/armv7e-m\libg.a(lib_a-strlen.o)
 .ARM.attributes
                0x000004a8       0x2e c:/program files/gnu tools arm embedded/4.9 2014q4/bin/../lib/gcc/arm-none-eabi/4.9.3/../../../../arm-none-eabi/lib/armv7e-m\libg.a(lib_a-svfiprintf.o)
 .ARM.attributes
                0x000004d6       0x2e c:/program files/gnu tools arm embedded/4.9 2014q4/bin/../lib/gcc/arm-none-eabi/4.9.3/../../../../arm-none-eabi/lib/armv7e-m\libg.a(lib_a-callocr.o)
 .ARM.attributes
                0x00000504       0x2e c:/program files/gnu tools arm embedded/4.9 2014q4/bin/../lib/gcc/arm-none-eabi/4.9.3/../../../../arm-none-eabi/lib/armv7e-m\libg.a(lib_a-freer.o)
 .ARM.attributes
                0x00000532       0x2e c:/program files/gnu tools arm embedded/4.9 2014q4/bin/../lib/gcc/arm-none-eabi/4.9.3/../../../../arm-none-eabi/lib/armv7e-m\libg.a(lib_a-memmove.o)
 .ARM.attributes
                0x00000560       0x2e c:/program files/gnu tools arm embedded/4.9 2014q4/bin/../lib/gcc/arm-none-eabi/4.9.3/../../../../arm-none-eabi/lib/armv7e-m\libg.a(lib_a-memset.o)
 .ARM.attributes
                0x0000058e       0x2e c:/program files/gnu tools arm embedded/4.9 2014q4/bin/../lib/gcc/arm-none-eabi/4.9.3/../../../../arm-none-eabi/lib/armv7e-m\libg.a(lib_a-reallocr.o)
 .ARM.attributes
                0x000005bc       0x2e c:/program files/gnu tools arm embedded/4.9 2014q4/bin/../lib/gcc/arm-none-eabi/4.9.3/../../../../arm-none-eabi/lib/armv7e-m\libg.a(lib_a-reent.o)
 .ARM.attributes
                0x000005ea       0x1e c:/program files/gnu tools arm embedded/4.9 2014q4/bin/../lib/gcc/arm-none-eabi/4.9.3/armv7e-m\libgcc.a(_arm_addsubdf3.o)
 .ARM.attributes
                0x00000608       0x1e c:/program files/gnu tools arm embedded/4.9 2014q4/bin/../lib/gcc/arm-none-eabi/4.9.3/armv7e-m\libgcc.a(_arm_muldivdf3.o)
 .ARM.attributes
                0x00000626       0x1e c:/program files/gnu tools arm embedded/4.9 2014q4/bin/../lib/gcc/arm-none-eabi/4.9.3/armv7e-m\libgcc.a(_arm_cmpdf2.o)
 .ARM.attributes
                0x00000644       0x1e c:/program files/gnu tools arm embedded/4.9 2014q4/bin/../lib/gcc/arm-none-eabi/4.9.3/armv7e-m\libgcc.a(_arm_fixdfsi.o)
 .ARM.attributes
                0x00000662       0x1e c:/program files/gnu tools arm embedded/4.9 2014q4/bin/../lib/gcc/arm-none-eabi/4.9.3/armv7e-m\libgcc.a(_aeabi_uldivmod.o)
 .ARM.attributes
                0x00000680       0x2e c:/program files/gnu tools arm embedded/4.9 2014q4/bin/../lib/gcc/arm-none-eabi/4.9.3/armv7e-m\libgcc.a(bpabi.o)
 .ARM.attributes
                0x000006ae       0x1e c:/program files/gnu tools arm embedded/4.9 2014q4/bin/../lib/gcc/arm-none-eabi/4.9.3/armv7e-m\libgcc.a(_dvmd_tls.o)
 .ARM.attributes
                0x000006cc       0x2e c:/program files/gnu tools arm embedded/4.9 2014q4/bin/../lib/gcc/arm-none-eabi/4.9.3/armv7e-m\libgcc.a(_divdi3.o)
 .ARM.attributes
                0x000006fa       0x2e c:/program files/gnu tools arm embedded/4.9 2014q4/bin/../lib/gcc/arm-none-eabi/4.9.3/armv7e-m\libgcc.a(_udivdi3.o)

.debug_frame    0x00000000     0x24c4
 .debug_frame   0x00000000       0xe4 ..\obj\delay.o
 .debug_frame   0x000000e4      0x490 ..\obj\stm32f4xx_usart.o
 .debug_frame   0x00000574       0x4c ..\obj\startup_stm32f4xx.o
 .debug_frame   0x000005c0       0x6c ..\obj\main.o
 .debug_frame   0x0000062c      0x6d4 ..\obj\stm32f4xx_rcc.o
 .debug_frame   0x00000d00      0x5ec ..\obj\stm32f4xx_adc.o
 .debug_frame   0x000012ec      0x23c ..\obj\stm32f4xx_gpio.o
 .debug_frame   0x00001528      0x44c ..\obj\stm32f4xx_flash.o
 .debug_frame   0x00001974       0x7c ..\obj\system_stm32f4xx.o
 .debug_frame   0x000019f0      0x168 ..\obj\syscalls.o
 .debug_frame   0x00001b58       0x34 ..\obj\clock.o
 .debug_frame   0x00001b8c       0x98 ..\obj\usart.o
 .debug_frame   0x00001c24       0x84 c:/program files/gnu tools arm embedded/4.9 2014q4/bin/../lib/gcc/arm-none-eabi/4.9.3/../../../../arm-none-eabi/lib/armv7e-m\libg.a(lib_a-sprintf.o)
 .debug_frame   0x00001ca8       0x40 c:/program files/gnu tools arm embedded/4.9 2014q4/bin/../lib/gcc/arm-none-eabi/4.9.3/../../../../arm-none-eabi/lib/armv7e-m\libg.a(lib_a-svfprintf.o)
 .debug_frame   0x00001ce8       0x88 c:/program files/gnu tools arm embedded/4.9 2014q4/bin/../lib/gcc/arm-none-eabi/4.9.3/../../../../arm-none-eabi/lib/armv7e-m\libg.a(lib_a-dtoa.o)
 .debug_frame   0x00001d70       0x9c c:/program files/gnu tools arm embedded/4.9 2014q4/bin/../lib/gcc/arm-none-eabi/4.9.3/../../../../arm-none-eabi/lib/armv7e-m\libg.a(lib_a-locale.o)
 .debug_frame   0x00001e0c       0x58 c:/program files/gnu tools arm embedded/4.9 2014q4/bin/../lib/gcc/arm-none-eabi/4.9.3/../../../../arm-none-eabi/lib/armv7e-m\libg.a(lib_a-mallocr.o)
 .debug_frame   0x00001e64       0x3c c:/program files/gnu tools arm embedded/4.9 2014q4/bin/../lib/gcc/arm-none-eabi/4.9.3/../../../../arm-none-eabi/lib/armv7e-m\libg.a(lib_a-memchr.o)
 .debug_frame   0x00001ea0       0x30 c:/program files/gnu tools arm embedded/4.9 2014q4/bin/../lib/gcc/arm-none-eabi/4.9.3/../../../../arm-none-eabi/lib/armv7e-m\libg.a(lib_a-mlock.o)
 .debug_frame   0x00001ed0      0x268 c:/program files/gnu tools arm embedded/4.9 2014q4/bin/../lib/gcc/arm-none-eabi/4.9.3/../../../../arm-none-eabi/lib/armv7e-m\libg.a(lib_a-mprec.o)
 .debug_frame   0x00002138       0x34 c:/program files/gnu tools arm embedded/4.9 2014q4/bin/../lib/gcc/arm-none-eabi/4.9.3/../../../../arm-none-eabi/lib/armv7e-m\libg.a(lib_a-s_fpclassify.o)
 .debug_frame   0x0000216c       0x2c c:/program files/gnu tools arm embedded/4.9 2014q4/bin/../lib/gcc/arm-none-eabi/4.9.3/../../../../arm-none-eabi/lib/armv7e-m\libg.a(lib_a-sbrkr.o)
 .debug_frame   0x00002198       0x20 c:/program files/gnu tools arm embedded/4.9 2014q4/bin/../lib/gcc/arm-none-eabi/4.9.3/../../../../arm-none-eabi/lib/armv7e-m\libg.a(lib_a-strlen.o)
 .debug_frame   0x000021b8       0x78 c:/program files/gnu tools arm embedded/4.9 2014q4/bin/../lib/gcc/arm-none-eabi/4.9.3/../../../../arm-none-eabi/lib/armv7e-m\libg.a(lib_a-svfiprintf.o)
 .debug_frame   0x00002230       0x28 c:/program files/gnu tools arm embedded/4.9 2014q4/bin/../lib/gcc/arm-none-eabi/4.9.3/../../../../arm-none-eabi/lib/armv7e-m\libg.a(lib_a-callocr.o)
 .debug_frame   0x00002258       0x74 c:/program files/gnu tools arm embedded/4.9 2014q4/bin/../lib/gcc/arm-none-eabi/4.9.3/../../../../arm-none-eabi/lib/armv7e-m\libg.a(lib_a-freer.o)
 .debug_frame   0x000022cc       0x30 c:/program files/gnu tools arm embedded/4.9 2014q4/bin/../lib/gcc/arm-none-eabi/4.9.3/../../../../arm-none-eabi/lib/armv7e-m\libg.a(lib_a-memmove.o)
 .debug_frame   0x000022fc       0x34 c:/program files/gnu tools arm embedded/4.9 2014q4/bin/../lib/gcc/arm-none-eabi/4.9.3/../../../../arm-none-eabi/lib/armv7e-m\libg.a(lib_a-memset.o)
 .debug_frame   0x00002330       0x60 c:/program files/gnu tools arm embedded/4.9 2014q4/bin/../lib/gcc/arm-none-eabi/4.9.3/../../../../arm-none-eabi/lib/armv7e-m\libg.a(lib_a-reallocr.o)
 .debug_frame   0x00002390       0x58 c:/program files/gnu tools arm embedded/4.9 2014q4/bin/../lib/gcc/arm-none-eabi/4.9.3/../../../../arm-none-eabi/lib/armv7e-m\libg.a(lib_a-reent.o)
 .debug_frame   0x000023e8       0x28 c:/program files/gnu tools arm embedded/4.9 2014q4/bin/../lib/gcc/arm-none-eabi/4.9.3/armv7e-m\libgcc.a(_aeabi_uldivmod.o)
 .debug_frame   0x00002410       0x50 c:/program files/gnu tools arm embedded/4.9 2014q4/bin/../lib/gcc/arm-none-eabi/4.9.3/armv7e-m\libgcc.a(bpabi.o)
 .debug_frame   0x00002460       0x34 c:/program files/gnu tools arm embedded/4.9 2014q4/bin/../lib/gcc/arm-none-eabi/4.9.3/armv7e-m\libgcc.a(_divdi3.o)
 .debug_frame   0x00002494       0x30 c:/program files/gnu tools arm embedded/4.9 2014q4/bin/../lib/gcc/arm-none-eabi/4.9.3/armv7e-m\libgcc.a(_udivdi3.o)
