
Discarded input sections

 .text          0x00000000        0x0 ..\obj\delay.o
 .data          0x00000000        0x0 ..\obj\delay.o
 .text          0x00000000        0x0 ..\obj\startup_stm32f4xx.o
 .data          0x00000000        0x0 ..\obj\startup_stm32f4xx.o
 .bss           0x00000000        0x0 ..\obj\startup_stm32f4xx.o
 .text          0x00000000        0x0 ..\obj\main.o
 .data          0x00000000        0x0 ..\obj\main.o
 .bss           0x00000000        0x0 ..\obj\main.o
 .text          0x00000000        0x0 ..\obj\stm32f4xx_rcc.o
 .data          0x00000000       0x10 ..\obj\stm32f4xx_rcc.o
 .bss           0x00000000        0x0 ..\obj\stm32f4xx_rcc.o
 .text.RCC_AdjustHSICalibrationValue
                0x00000000       0x3c ..\obj\stm32f4xx_rcc.o
 .text.RCC_HSICmd
                0x00000000       0x20 ..\obj\stm32f4xx_rcc.o
 .text.RCC_LSEConfig
                0x00000000       0x40 ..\obj\stm32f4xx_rcc.o
 .text.RCC_LSICmd
                0x00000000       0x20 ..\obj\stm32f4xx_rcc.o
 .text.RCC_PLLI2SConfig
                0x00000000       0x28 ..\obj\stm32f4xx_rcc.o
 .text.RCC_PLLI2SCmd
                0x00000000       0x20 ..\obj\stm32f4xx_rcc.o
 .text.RCC_ClockSecuritySystemCmd
                0x00000000       0x20 ..\obj\stm32f4xx_rcc.o
 .text.RCC_MCO1Config
                0x00000000       0x3c ..\obj\stm32f4xx_rcc.o
 .text.RCC_MCO2Config
                0x00000000       0x3c ..\obj\stm32f4xx_rcc.o
 .text.RCC_GetSYSCLKSource
                0x00000000       0x20 ..\obj\stm32f4xx_rcc.o
 .text.RCC_GetClocksFreq
                0x00000000      0x154 ..\obj\stm32f4xx_rcc.o
 .text.RCC_RTCCLKConfig
                0x00000000       0x5c ..\obj\stm32f4xx_rcc.o
 .text.RCC_RTCCLKCmd
                0x00000000       0x20 ..\obj\stm32f4xx_rcc.o
 .text.RCC_BackupResetCmd
                0x00000000       0x20 ..\obj\stm32f4xx_rcc.o
 .text.RCC_I2SCLKConfig
                0x00000000       0x1c ..\obj\stm32f4xx_rcc.o
 .text.RCC_AHB2PeriphClockCmd
                0x00000000       0x3c ..\obj\stm32f4xx_rcc.o
 .text.RCC_AHB3PeriphClockCmd
                0x00000000       0x3c ..\obj\stm32f4xx_rcc.o
 .text.RCC_APB2PeriphClockCmd
                0x00000000       0x3c ..\obj\stm32f4xx_rcc.o
 .text.RCC_AHB1PeriphResetCmd
                0x00000000       0x3c ..\obj\stm32f4xx_rcc.o
 .text.RCC_AHB2PeriphResetCmd
                0x00000000       0x3c ..\obj\stm32f4xx_rcc.o
 .text.RCC_AHB3PeriphResetCmd
                0x00000000       0x3c ..\obj\stm32f4xx_rcc.o
 .text.RCC_APB1PeriphResetCmd
                0x00000000       0x3c ..\obj\stm32f4xx_rcc.o
 .text.RCC_APB2PeriphResetCmd
                0x00000000       0x3c ..\obj\stm32f4xx_rcc.o
 .text.RCC_AHB1PeriphClockLPModeCmd
                0x00000000       0x3c ..\obj\stm32f4xx_rcc.o
 .text.RCC_AHB2PeriphClockLPModeCmd
                0x00000000       0x3c ..\obj\stm32f4xx_rcc.o
 .text.RCC_AHB3PeriphClockLPModeCmd
                0x00000000       0x3c ..\obj\stm32f4xx_rcc.o
 .text.RCC_APB1PeriphClockLPModeCmd
                0x00000000       0x3c ..\obj\stm32f4xx_rcc.o
 .text.RCC_APB2PeriphClockLPModeCmd
                0x00000000       0x3c ..\obj\stm32f4xx_rcc.o
 .text.RCC_ITConfig
                0x00000000       0x4c ..\obj\stm32f4xx_rcc.o
 .text.RCC_ClearFlag
                0x00000000       0x1c ..\obj\stm32f4xx_rcc.o
 .text.RCC_GetITStatus
                0x00000000       0x38 ..\obj\stm32f4xx_rcc.o
 .text.RCC_ClearITPendingBit
                0x00000000       0x20 ..\obj\stm32f4xx_rcc.o
 .text          0x00000000        0x0 ..\obj\stm32f4xx_gpio.o
 .data          0x00000000        0x0 ..\obj\stm32f4xx_gpio.o
 .bss           0x00000000        0x0 ..\obj\stm32f4xx_gpio.o
 .text.GPIO_DeInit
                0x00000000      0x120 ..\obj\stm32f4xx_gpio.o
 .text.GPIO_StructInit
                0x00000000       0x34 ..\obj\stm32f4xx_gpio.o
 .text.GPIO_PinLockConfig
                0x00000000       0x44 ..\obj\stm32f4xx_gpio.o
 .text.GPIO_ReadInputDataBit
                0x00000000       0x34 ..\obj\stm32f4xx_gpio.o
 .text.GPIO_ReadInputData
                0x00000000       0x1c ..\obj\stm32f4xx_gpio.o
 .text.GPIO_ReadOutputDataBit
                0x00000000       0x34 ..\obj\stm32f4xx_gpio.o
 .text.GPIO_ReadOutputData
                0x00000000       0x1c ..\obj\stm32f4xx_gpio.o
 .text.GPIO_SetBits
                0x00000000       0x1c ..\obj\stm32f4xx_gpio.o
 .text.GPIO_ResetBits
                0x00000000       0x1c ..\obj\stm32f4xx_gpio.o
 .text.GPIO_WriteBit
                0x00000000       0x30 ..\obj\stm32f4xx_gpio.o
 .text.GPIO_Write
                0x00000000       0x1c ..\obj\stm32f4xx_gpio.o
 .text.GPIO_ToggleBits
                0x00000000       0x24 ..\obj\stm32f4xx_gpio.o
 .text          0x00000000        0x0 ..\obj\stm32f4xx_flash.o
 .data          0x00000000        0x0 ..\obj\stm32f4xx_flash.o
 .bss           0x00000000        0x0 ..\obj\stm32f4xx_flash.o
 .text.FLASH_PrefetchBufferCmd
                0x00000000       0x38 ..\obj\stm32f4xx_flash.o
 .text.FLASH_InstructionCacheCmd
                0x00000000       0x38 ..\obj\stm32f4xx_flash.o
 .text.FLASH_DataCacheCmd
                0x00000000       0x38 ..\obj\stm32f4xx_flash.o
 .text.FLASH_InstructionCacheReset
                0x00000000       0x1c ..\obj\stm32f4xx_flash.o
 .text.FLASH_DataCacheReset
                0x00000000       0x1c ..\obj\stm32f4xx_flash.o
 .text.FLASH_Unlock
                0x00000000       0x2c ..\obj\stm32f4xx_flash.o
 .text.FLASH_Lock
                0x00000000       0x1c ..\obj\stm32f4xx_flash.o
 .text.FLASH_EraseSector
                0x00000000       0xc0 ..\obj\stm32f4xx_flash.o
 .text.FLASH_EraseAllSectors
                0x00000000       0xa0 ..\obj\stm32f4xx_flash.o
 .text.FLASH_ProgramDoubleWord
                0x00000000       0x70 ..\obj\stm32f4xx_flash.o
 .text.FLASH_ProgramWord
                0x00000000       0x68 ..\obj\stm32f4xx_flash.o
 .text.FLASH_ProgramHalfWord
                0x00000000       0x6c ..\obj\stm32f4xx_flash.o
 .text.FLASH_ProgramByte
                0x00000000       0x68 ..\obj\stm32f4xx_flash.o
 .text.FLASH_OB_Unlock
                0x00000000       0x30 ..\obj\stm32f4xx_flash.o
 .text.FLASH_OB_Lock
                0x00000000       0x1c ..\obj\stm32f4xx_flash.o
 .text.FLASH_OB_WRPConfig
                0x00000000       0x58 ..\obj\stm32f4xx_flash.o
 .text.FLASH_OB_RDPConfig
                0x00000000       0x2c ..\obj\stm32f4xx_flash.o
 .text.FLASH_OB_UserConfig
                0x00000000       0x58 ..\obj\stm32f4xx_flash.o
 .text.FLASH_OB_BORConfig
                0x00000000       0x38 ..\obj\stm32f4xx_flash.o
 .text.FLASH_OB_Launch
                0x00000000       0x30 ..\obj\stm32f4xx_flash.o
 .text.FLASH_OB_GetUser
                0x00000000       0x1c ..\obj\stm32f4xx_flash.o
 .text.FLASH_OB_GetWRP
                0x00000000       0x18 ..\obj\stm32f4xx_flash.o
 .text.FLASH_OB_GetRDP
                0x00000000       0x30 ..\obj\stm32f4xx_flash.o
 .text.FLASH_OB_GetBOR
                0x00000000       0x20 ..\obj\stm32f4xx_flash.o
 .text.FLASH_ITConfig
                0x00000000       0x3c ..\obj\stm32f4xx_flash.o
 .text.FLASH_GetFlagStatus
                0x00000000       0x34 ..\obj\stm32f4xx_flash.o
 .text.FLASH_ClearFlag
                0x00000000       0x1c ..\obj\stm32f4xx_flash.o
 .text.FLASH_GetStatus
                0x00000000       0x68 ..\obj\stm32f4xx_flash.o
 .text.FLASH_WaitForLastOperation
                0x00000000       0x30 ..\obj\stm32f4xx_flash.o
 .text          0x00000000        0x0 ..\obj\system_stm32f4xx.o
 .bss           0x00000000        0x0 ..\obj\system_stm32f4xx.o
 .text.SystemInit
                0x00000000       0x58 ..\obj\system_stm32f4xx.o
 .text.SystemCoreClockUpdate
                0x00000000       0xf8 ..\obj\system_stm32f4xx.o
 .text.SetSysClock
                0x00000000       0xf4 ..\obj\system_stm32f4xx.o
 .text          0x00000000        0x0 ..\obj\stm32f4xx_tim.o
 .data          0x00000000        0x0 ..\obj\stm32f4xx_tim.o
 .bss           0x00000000        0x0 ..\obj\stm32f4xx_tim.o
 .text.TIM_DeInit
                0x00000000      0x1bc ..\obj\stm32f4xx_tim.o
 .text.TIM_TimeBaseStructInit
                0x00000000       0x34 ..\obj\stm32f4xx_tim.o
 .text.TIM_PrescalerConfig
                0x00000000       0x28 ..\obj\stm32f4xx_tim.o
 .text.TIM_CounterModeConfig
                0x00000000       0x38 ..\obj\stm32f4xx_tim.o
 .text.TIM_SetCounter
                0x00000000       0x1c ..\obj\stm32f4xx_tim.o
 .text.TIM_SetAutoreload
                0x00000000       0x1c ..\obj\stm32f4xx_tim.o
 .text.TIM_GetCounter
                0x00000000       0x18 ..\obj\stm32f4xx_tim.o
 .text.TIM_GetPrescaler
                0x00000000       0x1c ..\obj\stm32f4xx_tim.o
 .text.TIM_UpdateDisableConfig
                0x00000000       0x40 ..\obj\stm32f4xx_tim.o
 .text.TIM_UpdateRequestConfig
                0x00000000       0x40 ..\obj\stm32f4xx_tim.o
 .text.TIM_ARRPreloadConfig
                0x00000000       0x40 ..\obj\stm32f4xx_tim.o
 .text.TIM_SelectOnePulseMode
                0x00000000       0x38 ..\obj\stm32f4xx_tim.o
 .text.TIM_SetClockDivision
                0x00000000       0x38 ..\obj\stm32f4xx_tim.o
 .text.TIM_OC2Init
                0x00000000      0x110 ..\obj\stm32f4xx_tim.o
 .text.TIM_OC3Init
                0x00000000      0x10c ..\obj\stm32f4xx_tim.o
 .text.TIM_OC4Init
                0x00000000       0xcc ..\obj\stm32f4xx_tim.o
 .text.TIM_OCStructInit
                0x00000000       0x44 ..\obj\stm32f4xx_tim.o
 .text.TIM_SelectOCxM
                0x00000000       0xb0 ..\obj\stm32f4xx_tim.o
 .text.TIM_SetCompare1
                0x00000000       0x1c ..\obj\stm32f4xx_tim.o
 .text.TIM_SetCompare2
                0x00000000       0x1c ..\obj\stm32f4xx_tim.o
 .text.TIM_SetCompare3
                0x00000000       0x1c ..\obj\stm32f4xx_tim.o
 .text.TIM_SetCompare4
                0x00000000       0x1c ..\obj\stm32f4xx_tim.o
 .text.TIM_ForcedOC1Config
                0x00000000       0x38 ..\obj\stm32f4xx_tim.o
 .text.TIM_ForcedOC2Config
                0x00000000       0x3c ..\obj\stm32f4xx_tim.o
 .text.TIM_ForcedOC3Config
                0x00000000       0x38 ..\obj\stm32f4xx_tim.o
 .text.TIM_ForcedOC4Config
                0x00000000       0x3c ..\obj\stm32f4xx_tim.o
 .text.TIM_OC2PreloadConfig
                0x00000000       0x3c ..\obj\stm32f4xx_tim.o
 .text.TIM_OC3PreloadConfig
                0x00000000       0x38 ..\obj\stm32f4xx_tim.o
 .text.TIM_OC4PreloadConfig
                0x00000000       0x3c ..\obj\stm32f4xx_tim.o
 .text.TIM_OC1FastConfig
                0x00000000       0x38 ..\obj\stm32f4xx_tim.o
 .text.TIM_OC2FastConfig
                0x00000000       0x3c ..\obj\stm32f4xx_tim.o
 .text.TIM_OC3FastConfig
                0x00000000       0x38 ..\obj\stm32f4xx_tim.o
 .text.TIM_OC4FastConfig
                0x00000000       0x3c ..\obj\stm32f4xx_tim.o
 .text.TIM_ClearOC1Ref
                0x00000000       0x38 ..\obj\stm32f4xx_tim.o
 .text.TIM_ClearOC2Ref
                0x00000000       0x3c ..\obj\stm32f4xx_tim.o
 .text.TIM_ClearOC3Ref
                0x00000000       0x38 ..\obj\stm32f4xx_tim.o
 .text.TIM_ClearOC4Ref
                0x00000000       0x3c ..\obj\stm32f4xx_tim.o
 .text.TIM_OC1PolarityConfig
                0x00000000       0x38 ..\obj\stm32f4xx_tim.o
 .text.TIM_OC1NPolarityConfig
                0x00000000       0x38 ..\obj\stm32f4xx_tim.o
 .text.TIM_OC2PolarityConfig
                0x00000000       0x3c ..\obj\stm32f4xx_tim.o
 .text.TIM_OC2NPolarityConfig
                0x00000000       0x3c ..\obj\stm32f4xx_tim.o
 .text.TIM_OC3PolarityConfig
                0x00000000       0x3c ..\obj\stm32f4xx_tim.o
 .text.TIM_OC3NPolarityConfig
                0x00000000       0x3c ..\obj\stm32f4xx_tim.o
 .text.TIM_OC4PolarityConfig
                0x00000000       0x3c ..\obj\stm32f4xx_tim.o
 .text.TIM_CCxCmd
                0x00000000       0x54 ..\obj\stm32f4xx_tim.o
 .text.TIM_CCxNCmd
                0x00000000       0x54 ..\obj\stm32f4xx_tim.o
 .text.TIM_ICInit
                0x00000000       0xa8 ..\obj\stm32f4xx_tim.o
 .text.TIM_ICStructInit
                0x00000000       0x30 ..\obj\stm32f4xx_tim.o
 .text.TIM_PWMIConfig
                0x00000000       0xb8 ..\obj\stm32f4xx_tim.o
 .text.TIM_GetCapture1
                0x00000000       0x18 ..\obj\stm32f4xx_tim.o
 .text.TIM_GetCapture2
                0x00000000       0x18 ..\obj\stm32f4xx_tim.o
 .text.TIM_GetCapture3
                0x00000000       0x18 ..\obj\stm32f4xx_tim.o
 .text.TIM_GetCapture4
                0x00000000       0x18 ..\obj\stm32f4xx_tim.o
 .text.TIM_SetIC1Prescaler
                0x00000000       0x38 ..\obj\stm32f4xx_tim.o
 .text.TIM_SetIC2Prescaler
                0x00000000       0x3c ..\obj\stm32f4xx_tim.o
 .text.TIM_SetIC3Prescaler
                0x00000000       0x38 ..\obj\stm32f4xx_tim.o
 .text.TIM_SetIC4Prescaler
                0x00000000       0x3c ..\obj\stm32f4xx_tim.o
 .text.TIM_BDTRConfig
                0x00000000       0x50 ..\obj\stm32f4xx_tim.o
 .text.TIM_BDTRStructInit
                0x00000000       0x3c ..\obj\stm32f4xx_tim.o
 .text.TIM_CtrlPWMOutputs
                0x00000000       0x4c ..\obj\stm32f4xx_tim.o
 .text.TIM_SelectCOM
                0x00000000       0x40 ..\obj\stm32f4xx_tim.o
 .text.TIM_CCPreloadControl
                0x00000000       0x40 ..\obj\stm32f4xx_tim.o
 .text.TIM_ITConfig
                0x00000000       0x48 ..\obj\stm32f4xx_tim.o
 .text.TIM_GenerateEvent
                0x00000000       0x1c ..\obj\stm32f4xx_tim.o
 .text.TIM_GetFlagStatus
                0x00000000       0x38 ..\obj\stm32f4xx_tim.o
 .text.TIM_ClearFlag
                0x00000000       0x20 ..\obj\stm32f4xx_tim.o
 .text.TIM_GetITStatus
                0x00000000       0x54 ..\obj\stm32f4xx_tim.o
 .text.TIM_ClearITPendingBit
                0x00000000       0x20 ..\obj\stm32f4xx_tim.o
 .text.TIM_DMAConfig
                0x00000000       0x28 ..\obj\stm32f4xx_tim.o
 .text.TIM_DMACmd
                0x00000000       0x48 ..\obj\stm32f4xx_tim.o
 .text.TIM_SelectCCDMA
                0x00000000       0x40 ..\obj\stm32f4xx_tim.o
 .text.TIM_InternalClockConfig
                0x00000000       0x24 ..\obj\stm32f4xx_tim.o
 .text.TIM_ITRxExternalClockConfig
                0x00000000       0x2c ..\obj\stm32f4xx_tim.o
 .text.TIM_TIxExternalClockConfig
                0x00000000       0x60 ..\obj\stm32f4xx_tim.o
 .text.TIM_ETRClockMode1Config
                0x00000000       0x5c ..\obj\stm32f4xx_tim.o
 .text.TIM_ETRClockMode2Config
                0x00000000       0x3c ..\obj\stm32f4xx_tim.o
 .text.TIM_SelectInputTrigger
                0x00000000       0x38 ..\obj\stm32f4xx_tim.o
 .text.TIM_SelectOutputTrigger
                0x00000000       0x38 ..\obj\stm32f4xx_tim.o
 .text.TIM_SelectSlaveMode
                0x00000000       0x38 ..\obj\stm32f4xx_tim.o
 .text.TIM_SelectMasterSlaveMode
                0x00000000       0x38 ..\obj\stm32f4xx_tim.o
 .text.TIM_ETRConfig
                0x00000000       0x54 ..\obj\stm32f4xx_tim.o
 .text.TIM_EncoderInterfaceConfig
                0x00000000       0x98 ..\obj\stm32f4xx_tim.o
 .text.TIM_SelectHallSensor
                0x00000000       0x40 ..\obj\stm32f4xx_tim.o
 .text.TIM_RemapConfig
                0x00000000       0x20 ..\obj\stm32f4xx_tim.o
 .text.TI1_Config
                0x00000000       0x84 ..\obj\stm32f4xx_tim.o
 .text.TI2_Config
                0x00000000       0x98 ..\obj\stm32f4xx_tim.o
 .text.TI3_Config
                0x00000000       0x90 ..\obj\stm32f4xx_tim.o
 .text.TI4_Config
                0x00000000       0x9c ..\obj\stm32f4xx_tim.o
 .text          0x00000000        0x0 ..\obj\clock.o
 .data          0x00000000        0x0 ..\obj\clock.o
 .bss           0x00000000        0x0 ..\obj\clock.o

Memory Configuration

Name             Origin             Length             Attributes
rom              0x08000000         0x00100000         xr
ram              0x20000000         0x00020000         xrw
ram1             0x10000000         0x00010000         xrw
*default*        0x00000000         0xffffffff

Linker script and memory map

                0x20020000                _eram = 0x20020000

.text           0x08000000      0xb68
 *(.isr_vector)
 .isr_vector    0x08000000      0x188 ..\obj\startup_stm32f4xx.o
                0x08000000                g_pfnVectors
 *(.text*)
 .text.NVIC_SetPriority
                0x08000188       0x54 ..\obj\delay.o
 .text.SysTick_Config
                0x080001dc       0x44 ..\obj\delay.o
 .text.DELAY_Init
                0x08000220       0x20 ..\obj\delay.o
                0x08000220                DELAY_Init
 .text.SysTick_Handler
                0x08000240       0x24 ..\obj\delay.o
                0x08000240                SysTick_Handler
 .text.DELAY_Us
                0x08000264       0x28 ..\obj\delay.o
                0x08000264                DELAY_Us
 .text.DELAY_Ms
                0x0800028c       0x24 ..\obj\delay.o
                0x0800028c                DELAY_Ms
 .text.Default_Reset_Handler
                0x080002b0       0x58 ..\obj\startup_stm32f4xx.o
                0x080002b0                Default_Reset_Handler
                0x080002b0                Reset_Handler
 .text.Default_Handler
                0x08000308        0x8 ..\obj\startup_stm32f4xx.o
                0x08000308                RTC_Alarm_IRQHandler
                0x08000308                HASH_RNG_IRQHandler
                0x08000308                EXTI2_IRQHandler
                0x08000308                TIM8_CC_IRQHandler
                0x08000308                DebugMon_Handler
                0x08000308                TIM1_CC_IRQHandler
                0x08000308                DMA2_Stream5_IRQHandler
                0x08000308                HardFault_Handler
                0x08000308                DMA1_Stream5_IRQHandler
                0x08000308                PVD_IRQHandler
                0x08000308                SDIO_IRQHandler
                0x08000308                TAMP_STAMP_IRQHandler
                0x08000308                PendSV_Handler
                0x08000308                NMI_Handler
                0x08000308                CAN2_RX1_IRQHandler
                0x08000308                EXTI3_IRQHandler
                0x08000308                TIM8_TRG_COM_TIM14_IRQHandler
                0x08000308                TIM1_UP_TIM10_IRQHandler
                0x08000308                TIM8_UP_TIM13_IRQHandler
                0x08000308                I2C3_ER_IRQHandler
                0x08000308                EXTI0_IRQHandler
                0x08000308                I2C2_EV_IRQHandler
                0x08000308                DMA1_Stream2_IRQHandler
                0x08000308                CAN1_RX0_IRQHandler
                0x08000308                FPU_IRQHandler
                0x08000308                OTG_HS_WKUP_IRQHandler
                0x08000308                UsageFault_Handler
                0x08000308                CAN2_SCE_IRQHandler
                0x08000308                DMA2_Stream2_IRQHandler
                0x08000308                SPI1_IRQHandler
                0x08000308                TIM6_DAC_IRQHandler
                0x08000308                TIM1_BRK_TIM9_IRQHandler
                0x08000308                DCMI_IRQHandler
                0x08000308                CAN2_RX0_IRQHandler
                0x08000308                DMA2_Stream3_IRQHandler
                0x08000308                USART6_IRQHandler
                0x08000308                USART3_IRQHandler
                0x08000308                CRYP_IRQHandler
                0x08000308                CAN1_RX1_IRQHandler
                0x08000308                UART5_IRQHandler
                0x08000308                DMA2_Stream0_IRQHandler
                0x08000308                TIM4_IRQHandler
                0x08000308                I2C1_EV_IRQHandler
                0x08000308                DMA1_Stream6_IRQHandler
                0x08000308                DMA1_Stream1_IRQHandler
                0x08000308                UART4_IRQHandler
                0x08000308                TIM3_IRQHandler
                0x08000308                RCC_IRQHandler
                0x08000308                TIM8_BRK_TIM12_IRQHandler
                0x08000308                EXTI15_10_IRQHandler
                0x08000308                ADC_IRQHandler
                0x08000308                DMA1_Stream7_IRQHandler
                0x08000308                TIM7_IRQHandler
                0x08000308                CAN2_TX_IRQHandler
                0x08000308                TIM5_IRQHandler
                0x08000308                DMA2_Stream7_IRQHandler
                0x08000308                I2C3_EV_IRQHandler
                0x08000308                EXTI9_5_IRQHandler
                0x08000308                RTC_WKUP_IRQHandler
                0x08000308                ETH_WKUP_IRQHandler
                0x08000308                SPI2_IRQHandler
                0x08000308                OTG_HS_EP1_IN_IRQHandler
                0x08000308                MemManage_Handler
                0x08000308                DMA1_Stream0_IRQHandler
                0x08000308                CAN1_TX_IRQHandler
                0x08000308                SVC_Handler
                0x08000308                EXTI4_IRQHandler
                0x08000308                FSMC_IRQHandler
                0x08000308                ETH_IRQHandler
                0x08000308                OTG_HS_EP1_OUT_IRQHandler
                0x08000308                WWDG_IRQHandler
                0x08000308                TIM2_IRQHandler
                0x08000308                OTG_FS_WKUP_IRQHandler
                0x08000308                TIM1_TRG_COM_TIM11_IRQHandler
                0x08000308                OTG_HS_IRQHandler
                0x08000308                EXTI1_IRQHandler
                0x08000308                USART2_IRQHandler
                0x08000308                I2C2_ER_IRQHandler
                0x08000308                DMA2_Stream1_IRQHandler
                0x08000308                CAN1_SCE_IRQHandler
                0x08000308                FLASH_IRQHandler
                0x08000308                DMA2_Stream4_IRQHandler
                0x08000308                BusFault_Handler
                0x08000308                USART1_IRQHandler
                0x08000308                OTG_FS_IRQHandler
                0x08000308                SPI3_IRQHandler
                0x08000308                DMA1_Stream4_IRQHandler
                0x08000308                I2C1_ER_IRQHandler
                0x08000308                DMA2_Stream6_IRQHandler
                0x08000308                DMA1_Stream3_IRQHandler
 .text.main     0x08000310       0x40 ..\obj\main.o
                0x08000310                main
 .text.TIM_Init
                0x08000350       0x3c ..\obj\main.o
                0x08000350                TIM_Init
 .text.PWM_Init
                0x0800038c       0x6c ..\obj\main.o
                0x0800038c                PWM_Init
 .text.RCC_DeInit
                0x080003f8       0x50 ..\obj\stm32f4xx_rcc.o
                0x080003f8                RCC_DeInit
 .text.RCC_HSEConfig
                0x08000448       0x24 ..\obj\stm32f4xx_rcc.o
                0x08000448                RCC_HSEConfig
 .text.RCC_WaitForHSEStartUp
                0x0800046c       0x50 ..\obj\stm32f4xx_rcc.o
                0x0800046c                RCC_WaitForHSEStartUp
 .text.RCC_PLLConfig
                0x080004bc       0x3c ..\obj\stm32f4xx_rcc.o
                0x080004bc                RCC_PLLConfig
 .text.RCC_PLLCmd
                0x080004f8       0x20 ..\obj\stm32f4xx_rcc.o
                0x080004f8                RCC_PLLCmd
 .text.RCC_SYSCLKConfig
                0x08000518       0x38 ..\obj\stm32f4xx_rcc.o
                0x08000518                RCC_SYSCLKConfig
 .text.RCC_HCLKConfig
                0x08000550       0x38 ..\obj\stm32f4xx_rcc.o
                0x08000550                RCC_HCLKConfig
 .text.RCC_PCLK1Config
                0x08000588       0x38 ..\obj\stm32f4xx_rcc.o
                0x08000588                RCC_PCLK1Config
 .text.RCC_PCLK2Config
                0x080005c0       0x38 ..\obj\stm32f4xx_rcc.o
                0x080005c0                RCC_PCLK2Config
 .text.RCC_AHB1PeriphClockCmd
                0x080005f8       0x3c ..\obj\stm32f4xx_rcc.o
                0x080005f8                RCC_AHB1PeriphClockCmd
 .text.RCC_APB1PeriphClockCmd
                0x08000634       0x3c ..\obj\stm32f4xx_rcc.o
                0x08000634                RCC_APB1PeriphClockCmd
 .text.RCC_GetFlagStatus
                0x08000670       0x74 ..\obj\stm32f4xx_rcc.o
                0x08000670                RCC_GetFlagStatus
 .text.GPIO_Init
                0x080006e4      0x11c ..\obj\stm32f4xx_gpio.o
                0x080006e4                GPIO_Init
 .text.GPIO_PinAFConfig
                0x08000800       0x90 ..\obj\stm32f4xx_gpio.o
                0x08000800                GPIO_PinAFConfig
 .text.FLASH_SetLatency
                0x08000890       0x20 ..\obj\stm32f4xx_flash.o
                0x08000890                FLASH_SetLatency
 .text.TIM_TimeBaseInit
                0x080008b0       0xd4 ..\obj\stm32f4xx_tim.o
                0x080008b0                TIM_TimeBaseInit
 .text.TIM_Cmd  0x08000984       0x40 ..\obj\stm32f4xx_tim.o
                0x08000984                TIM_Cmd
 .text.TIM_OC1Init
                0x080009c4       0xf4 ..\obj\stm32f4xx_tim.o
                0x080009c4                TIM_OC1Init
 .text.TIM_OC1PreloadConfig
                0x08000ab8       0x38 ..\obj\stm32f4xx_tim.o
                0x08000ab8                TIM_OC1PreloadConfig
 .text.CLOCK_SetClockTo168MHz
                0x08000af0       0x78 ..\obj\clock.o
                0x08000af0                CLOCK_SetClockTo168MHz
 *(.init)
 *(.fini)
 *crtbegin.o(.ctors)
 *crtbegin?.o(.ctors)
 *(EXCLUDE_FILE(*crtend.o *crtend?.o) .ctors)
 *(SORT(.ctors.*))
 *(.ctors)
 *crtbegin.o(.dtors)
 *crtbegin?.o(.dtors)
 *(EXCLUDE_FILE(*crtend.o *crtend?.o) .dtors)
 *(SORT(.dtors.*))
 *(.dtors)
 *(.rodata*)
 *(.eh_fram e*)

.glue_7         0x08000b68        0x0
 .glue_7        0x00000000        0x0 linker stubs

.glue_7t        0x08000b68        0x0
 .glue_7t       0x00000000        0x0 linker stubs

.vfp11_veneer   0x08000b68        0x0
 .vfp11_veneer  0x00000000        0x0 linker stubs

.v4_bx          0x08000b68        0x0
 .v4_bx         0x00000000        0x0 linker stubs

.iplt           0x08000b68        0x0
 .iplt          0x00000000        0x0 ..\obj\delay.o

.rel.dyn        0x08000b68        0x0
 .rel.iplt      0x00000000        0x0 ..\obj\delay.o

.ARM.extab
 *(.ARM.extab* .gnu.linkonce.armextab.*)
                0x08000b68                __exidx_start = .

.ARM.exidx
 *(.ARM.exidx* .gnu.linkonce.armexidx.*)
                0x08000b68                __exidx_end = .
                0x08000b68                __etext = .
                0x08000b68                _sidata = __etext

.data           0x20000000       0x14 load address 0x08000b68
                0x20000000                __data_start__ = .
                0x20000000                _sdata = __data_start__
 *(vtable)
 *(.data*)
 .data          0x20000000       0x14 ..\obj\system_stm32f4xx.o
                0x20000000                SystemCoreClock
                0x20000004                AHBPrescTable
                0x20000014                . = ALIGN (0x4)
                0x20000014                PROVIDE (__preinit_array_start, .)
 *(.preinit_array)
                0x20000014                PROVIDE (__preinit_array_end, .)
                0x20000014                . = ALIGN (0x4)
                0x20000014                PROVIDE (__init_array_start, .)
 *(SORT(.init_array.*))
 *(.init_array)
                0x20000014                PROVIDE (__init_array_end, .)
                0x20000014                . = ALIGN (0x4)
                0x20000014                PROVIDE (__fini_array_start, .)
 *(SORT(.fini_array.*))
 *(.fini_array)
                0x20000014                PROVIDE (__fini_array_end, .)
 *(.jcr*)
                0x20000014                . = ALIGN (0x4)
                0x20000014                __data_end__ = .
                0x20000014                _edata = __data_end__

.igot.plt       0x20000014        0x0 load address 0x08000b7c
 .igot.plt      0x00000000        0x0 ..\obj\delay.o

.bss            0x20000014        0x4 load address 0x08000b7c
                0x20000014                . = ALIGN (0x4)
                0x20000014                __bss_start__ = .
                0x20000014                _sbss = __bss_start__
 *(.bss*)
 .bss           0x20000014        0x4 ..\obj\delay.o
 *(COMMON)
                0x20000018                . = ALIGN (0x4)
                0x20000018                __bss_end__ = .
                0x20000018                _ebss = __bss_end__

.heap           0x20000018        0x0
                0x20000018                __end__ = .
                0x20000018                _end = __end__
                0x20000018                end = __end__
 *(.heap*)
                0x20000018                __HeapLimit = .

.co_stack       0x20000018      0x800 load address 0x08000b80
                0x20000018                . = ALIGN (0x8)
 *(.co_stack .co_stack.*)
 .co_stack      0x20000018      0x800 ..\obj\startup_stm32f4xx.o
                0x20000018                pulStack
                0x20020000                __StackTop = (ORIGIN (ram) + 0x20000)
                0x2001f800                __StackLimit = (__StackTop - SIZEOF (.co_stack))
                0x20020000                PROVIDE (__stack, __StackTop)
                0x00000001                ASSERT ((__StackLimit >= __HeapLimit), region ram  overflowed with stack)
LOAD ..\obj\delay.o
LOAD ..\obj\startup_stm32f4xx.o
LOAD ..\obj\main.o
LOAD ..\obj\stm32f4xx_rcc.o
LOAD ..\obj\stm32f4xx_gpio.o
LOAD ..\obj\stm32f4xx_flash.o
LOAD ..\obj\system_stm32f4xx.o
LOAD ..\obj\stm32f4xx_tim.o
LOAD ..\obj\clock.o
START GROUP
LOAD c:/program files/gnu tools arm embedded/4.9 2014q4/bin/../lib/gcc/arm-none-eabi/4.9.3/armv7e-m\libgcc.a
LOAD c:/program files/gnu tools arm embedded/4.9 2014q4/bin/../lib/gcc/arm-none-eabi/4.9.3/../../../../arm-none-eabi/lib/armv7e-m\libg.a
LOAD c:/program files/gnu tools arm embedded/4.9 2014q4/bin/../lib/gcc/arm-none-eabi/4.9.3/../../../../arm-none-eabi/lib/armv7e-m\libc.a
END GROUP
OUTPUT(pwm.elf elf32-littlearm)

.debug_info     0x00000000     0x4a47
 .debug_info    0x00000000      0x700 ..\obj\delay.o
 .debug_info    0x00000700       0xed ..\obj\startup_stm32f4xx.o
 .debug_info    0x000007ed      0x5c5 ..\obj\main.o
 .debug_info    0x00000db2      0xc4d ..\obj\stm32f4xx_rcc.o
 .debug_info    0x000019ff      0x602 ..\obj\stm32f4xx_gpio.o
 .debug_info    0x00002001      0x71b ..\obj\stm32f4xx_flash.o
 .debug_info    0x0000271c      0x592 ..\obj\system_stm32f4xx.o
 .debug_info    0x00002cae     0x1c61 ..\obj\stm32f4xx_tim.o
 .debug_info    0x0000490f      0x138 ..\obj\clock.o

.debug_abbrev   0x00000000      0xc34
 .debug_abbrev  0x00000000      0x1bc ..\obj\delay.o
 .debug_abbrev  0x000001bc       0xb0 ..\obj\startup_stm32f4xx.o
 .debug_abbrev  0x0000026c      0x133 ..\obj\main.o
 .debug_abbrev  0x0000039f      0x1e3 ..\obj\stm32f4xx_rcc.o
 .debug_abbrev  0x00000582      0x1a3 ..\obj\stm32f4xx_gpio.o
 .debug_abbrev  0x00000725      0x1ae ..\obj\stm32f4xx_flash.o
 .debug_abbrev  0x000008d3      0x136 ..\obj\system_stm32f4xx.o
 .debug_abbrev  0x00000a09      0x187 ..\obj\stm32f4xx_tim.o
 .debug_abbrev  0x00000b90       0xa4 ..\obj\clock.o

.debug_aranges  0x00000000      0x6f0
 .debug_aranges
                0x00000000       0x48 ..\obj\delay.o
 .debug_aranges
                0x00000048       0x28 ..\obj\startup_stm32f4xx.o
 .debug_aranges
                0x00000070       0x30 ..\obj\main.o
 .debug_aranges
                0x000000a0      0x178 ..\obj\stm32f4xx_rcc.o
 .debug_aranges
                0x00000218       0x88 ..\obj\stm32f4xx_gpio.o
 .debug_aranges
                0x000002a0      0x108 ..\obj\stm32f4xx_flash.o
 .debug_aranges
                0x000003a8       0x30 ..\obj\system_stm32f4xx.o
 .debug_aranges
                0x000003d8      0x2f8 ..\obj\stm32f4xx_tim.o
 .debug_aranges
                0x000006d0       0x20 ..\obj\clock.o

.debug_ranges   0x00000000      0x660
 .debug_ranges  0x00000000       0x38 ..\obj\delay.o
 .debug_ranges  0x00000038       0x18 ..\obj\startup_stm32f4xx.o
 .debug_ranges  0x00000050       0x20 ..\obj\main.o
 .debug_ranges  0x00000070      0x168 ..\obj\stm32f4xx_rcc.o
 .debug_ranges  0x000001d8       0x78 ..\obj\stm32f4xx_gpio.o
 .debug_ranges  0x00000250       0xf8 ..\obj\stm32f4xx_flash.o
 .debug_ranges  0x00000348       0x20 ..\obj\system_stm32f4xx.o
 .debug_ranges  0x00000368      0x2e8 ..\obj\stm32f4xx_tim.o
 .debug_ranges  0x00000650       0x10 ..\obj\clock.o

.debug_line     0x00000000     0x1ea4
 .debug_line    0x00000000      0x1f4 ..\obj\delay.o
 .debug_line    0x000001f4       0x90 ..\obj\startup_stm32f4xx.o
 .debug_line    0x00000284      0x206 ..\obj\main.o
 .debug_line    0x0000048a      0x560 ..\obj\stm32f4xx_rcc.o
 .debug_line    0x000009ea      0x302 ..\obj\stm32f4xx_gpio.o
 .debug_line    0x00000cec      0x446 ..\obj\stm32f4xx_flash.o
 .debug_line    0x00001132      0x1cf ..\obj\system_stm32f4xx.o
 .debug_line    0x00001301      0xa29 ..\obj\stm32f4xx_tim.o
 .debug_line    0x00001d2a      0x17a ..\obj\clock.o

.debug_str      0x00000000     0x21d8
 .debug_str     0x00000000      0x76e ..\obj\delay.o
                                0x7c0 (size before relaxing)
 .debug_str     0x0000076e       0x9f ..\obj\startup_stm32f4xx.o
                                0x136 (size before relaxing)
 .debug_str     0x0000080d      0x3ab ..\obj\main.o
                                0x534 (size before relaxing)
 .debug_str     0x00000bb8      0x64e ..\obj\stm32f4xx_rcc.o
                                0x83f (size before relaxing)
 .debug_str     0x00001206      0x182 ..\obj\stm32f4xx_gpio.o
                                0x492 (size before relaxing)
 .debug_str     0x00001388      0x3c2 ..\obj\stm32f4xx_flash.o
                                0x581 (size before relaxing)
 .debug_str     0x0000174a       0x87 ..\obj\system_stm32f4xx.o
                                0x399 (size before relaxing)
 .debug_str     0x000017d1      0x9c5 ..\obj\stm32f4xx_tim.o
                                0xdbf (size before relaxing)
 .debug_str     0x00002196       0x42 ..\obj\clock.o
                                0x1bf (size before relaxing)

.comment        0x00000000       0x70
 .comment       0x00000000       0x70 ..\obj\delay.o
                                 0x71 (size before relaxing)
 .comment       0x00000000       0x71 ..\obj\startup_stm32f4xx.o
 .comment       0x00000000       0x71 ..\obj\main.o
 .comment       0x00000000       0x71 ..\obj\stm32f4xx_rcc.o
 .comment       0x00000000       0x71 ..\obj\stm32f4xx_gpio.o
 .comment       0x00000000       0x71 ..\obj\stm32f4xx_flash.o
 .comment       0x00000000       0x71 ..\obj\system_stm32f4xx.o
 .comment       0x00000000       0x71 ..\obj\stm32f4xx_tim.o
 .comment       0x00000000       0x71 ..\obj\clock.o

.ARM.attributes
                0x00000000       0x33
 .ARM.attributes
                0x00000000       0x33 ..\obj\delay.o
 .ARM.attributes
                0x00000033       0x33 ..\obj\startup_stm32f4xx.o
 .ARM.attributes
                0x00000066       0x33 ..\obj\main.o
 .ARM.attributes
                0x00000099       0x33 ..\obj\stm32f4xx_rcc.o
 .ARM.attributes
                0x000000cc       0x33 ..\obj\stm32f4xx_gpio.o
 .ARM.attributes
                0x000000ff       0x33 ..\obj\stm32f4xx_flash.o
 .ARM.attributes
                0x00000132       0x33 ..\obj\system_stm32f4xx.o
 .ARM.attributes
                0x00000165       0x33 ..\obj\stm32f4xx_tim.o
 .ARM.attributes
                0x00000198       0x33 ..\obj\clock.o

.debug_frame    0x00000000     0x1e08
 .debug_frame   0x00000000       0xe4 ..\obj\delay.o
 .debug_frame   0x000000e4       0x4c ..\obj\startup_stm32f4xx.o
 .debug_frame   0x00000130       0x78 ..\obj\main.o
 .debug_frame   0x000001a8      0x6d4 ..\obj\stm32f4xx_rcc.o
 .debug_frame   0x0000087c      0x23c ..\obj\stm32f4xx_gpio.o
 .debug_frame   0x00000ab8      0x44c ..\obj\stm32f4xx_flash.o
 .debug_frame   0x00000f04       0x7c ..\obj\system_stm32f4xx.o
 .debug_frame   0x00000f80      0xe54 ..\obj\stm32f4xx_tim.o
 .debug_frame   0x00001dd4       0x34 ..\obj\clock.o
