
Discarded input sections

 .text          0x00000000        0x0 ..\obj\delay.o
 .data          0x00000000        0x0 ..\obj\delay.o
 .text.DELAY_Us
                0x00000000       0x28 ..\obj\delay.o
 .text.DELAY_Ms
                0x00000000       0x24 ..\obj\delay.o
 .text          0x00000000        0x0 ..\obj\stm32f4xx_usart.o
 .data          0x00000000        0x0 ..\obj\stm32f4xx_usart.o
 .bss           0x00000000        0x0 ..\obj\stm32f4xx_usart.o
 .text.USART_DeInit
                0x00000000       0xd0 ..\obj\stm32f4xx_usart.o
 .text.USART_StructInit
                0x00000000       0x38 ..\obj\stm32f4xx_usart.o
 .text.USART_ClockInit
                0x00000000       0x54 ..\obj\stm32f4xx_usart.o
 .text.USART_ClockStructInit
                0x00000000       0x2c ..\obj\stm32f4xx_usart.o
 .text.USART_SetPrescaler
                0x00000000       0x38 ..\obj\stm32f4xx_usart.o
 .text.USART_OverSampling8Cmd
                0x00000000       0x44 ..\obj\stm32f4xx_usart.o
 .text.USART_OneBitMethodCmd
                0x00000000       0x40 ..\obj\stm32f4xx_usart.o
 .text.USART_SetAddress
                0x00000000       0x38 ..\obj\stm32f4xx_usart.o
 .text.USART_ReceiverWakeUpCmd
                0x00000000       0x40 ..\obj\stm32f4xx_usart.o
 .text.USART_WakeUpConfig
                0x00000000       0x38 ..\obj\stm32f4xx_usart.o
 .text.USART_LINBreakDetectLengthConfig
                0x00000000       0x38 ..\obj\stm32f4xx_usart.o
 .text.USART_LINCmd
                0x00000000       0x40 ..\obj\stm32f4xx_usart.o
 .text.USART_SendBreak
                0x00000000       0x24 ..\obj\stm32f4xx_usart.o
 .text.USART_HalfDuplexCmd
                0x00000000       0x40 ..\obj\stm32f4xx_usart.o
 .text.USART_SetGuardTime
                0x00000000       0x3c ..\obj\stm32f4xx_usart.o
 .text.USART_SmartCardCmd
                0x00000000       0x40 ..\obj\stm32f4xx_usart.o
 .text.USART_SmartCardNACKCmd
                0x00000000       0x40 ..\obj\stm32f4xx_usart.o
 .text.USART_IrDAConfig
                0x00000000       0x38 ..\obj\stm32f4xx_usart.o
 .text.USART_IrDACmd
                0x00000000       0x40 ..\obj\stm32f4xx_usart.o
 .text.USART_DMACmd
                0x00000000       0x48 ..\obj\stm32f4xx_usart.o
 .text.USART_ITConfig
                0x00000000       0x90 ..\obj\stm32f4xx_usart.o
 .text.USART_ClearFlag
                0x00000000       0x20 ..\obj\stm32f4xx_usart.o
 .text.USART_GetITStatus
                0x00000000       0xb8 ..\obj\stm32f4xx_usart.o
 .text.USART_ClearITPendingBit
                0x00000000       0x38 ..\obj\stm32f4xx_usart.o
 .text          0x00000000        0x0 ..\obj\startup_stm32f4xx.o
 .data          0x00000000        0x0 ..\obj\startup_stm32f4xx.o
 .bss           0x00000000        0x0 ..\obj\startup_stm32f4xx.o
 .text          0x00000000        0x0 ..\obj\main.o
 .data          0x00000000        0x0 ..\obj\main.o
 .bss           0x00000000        0x0 ..\obj\main.o
 .text          0x00000000        0x0 ..\obj\stm32f4xx_rcc.o
 .bss           0x00000000        0x0 ..\obj\stm32f4xx_rcc.o
 .text.RCC_AdjustHSICalibrationValue
                0x00000000       0x3c ..\obj\stm32f4xx_rcc.o
 .text.RCC_HSICmd
                0x00000000       0x20 ..\obj\stm32f4xx_rcc.o
 .text.RCC_LSEConfig
                0x00000000       0x40 ..\obj\stm32f4xx_rcc.o
 .text.RCC_LSICmd
                0x00000000       0x20 ..\obj\stm32f4xx_rcc.o
 .text.RCC_PLLI2SConfig
                0x00000000       0x28 ..\obj\stm32f4xx_rcc.o
 .text.RCC_PLLI2SCmd
                0x00000000       0x20 ..\obj\stm32f4xx_rcc.o
 .text.RCC_ClockSecuritySystemCmd
                0x00000000       0x20 ..\obj\stm32f4xx_rcc.o
 .text.RCC_MCO1Config
                0x00000000       0x3c ..\obj\stm32f4xx_rcc.o
 .text.RCC_MCO2Config
                0x00000000       0x3c ..\obj\stm32f4xx_rcc.o
 .text.RCC_GetSYSCLKSource
                0x00000000       0x20 ..\obj\stm32f4xx_rcc.o
 .text.RCC_RTCCLKConfig
                0x00000000       0x5c ..\obj\stm32f4xx_rcc.o
 .text.RCC_RTCCLKCmd
                0x00000000       0x20 ..\obj\stm32f4xx_rcc.o
 .text.RCC_BackupResetCmd
                0x00000000       0x20 ..\obj\stm32f4xx_rcc.o
 .text.RCC_I2SCLKConfig
                0x00000000       0x1c ..\obj\stm32f4xx_rcc.o
 .text.RCC_AHB2PeriphClockCmd
                0x00000000       0x3c ..\obj\stm32f4xx_rcc.o
 .text.RCC_AHB3PeriphClockCmd
                0x00000000       0x3c ..\obj\stm32f4xx_rcc.o
 .text.RCC_APB1PeriphClockCmd
                0x00000000       0x3c ..\obj\stm32f4xx_rcc.o
 .text.RCC_AHB1PeriphResetCmd
                0x00000000       0x3c ..\obj\stm32f4xx_rcc.o
 .text.RCC_AHB2PeriphResetCmd
                0x00000000       0x3c ..\obj\stm32f4xx_rcc.o
 .text.RCC_AHB3PeriphResetCmd
                0x00000000       0x3c ..\obj\stm32f4xx_rcc.o
 .text.RCC_APB1PeriphResetCmd
                0x00000000       0x3c ..\obj\stm32f4xx_rcc.o
 .text.RCC_APB2PeriphResetCmd
                0x00000000       0x3c ..\obj\stm32f4xx_rcc.o
 .text.RCC_AHB1PeriphClockLPModeCmd
                0x00000000       0x3c ..\obj\stm32f4xx_rcc.o
 .text.RCC_AHB2PeriphClockLPModeCmd
                0x00000000       0x3c ..\obj\stm32f4xx_rcc.o
 .text.RCC_AHB3PeriphClockLPModeCmd
                0x00000000       0x3c ..\obj\stm32f4xx_rcc.o
 .text.RCC_APB1PeriphClockLPModeCmd
                0x00000000       0x3c ..\obj\stm32f4xx_rcc.o
 .text.RCC_APB2PeriphClockLPModeCmd
                0x00000000       0x3c ..\obj\stm32f4xx_rcc.o
 .text.RCC_ITConfig
                0x00000000       0x4c ..\obj\stm32f4xx_rcc.o
 .text.RCC_ClearFlag
                0x00000000       0x1c ..\obj\stm32f4xx_rcc.o
 .text.RCC_GetITStatus
                0x00000000       0x38 ..\obj\stm32f4xx_rcc.o
 .text.RCC_ClearITPendingBit
                0x00000000       0x20 ..\obj\stm32f4xx_rcc.o
 .text          0x00000000        0x0 ..\obj\stm32f4xx_gpio.o
 .data          0x00000000        0x0 ..\obj\stm32f4xx_gpio.o
 .bss           0x00000000        0x0 ..\obj\stm32f4xx_gpio.o
 .text.GPIO_DeInit
                0x00000000      0x120 ..\obj\stm32f4xx_gpio.o
 .text.GPIO_StructInit
                0x00000000       0x34 ..\obj\stm32f4xx_gpio.o
 .text.GPIO_PinLockConfig
                0x00000000       0x44 ..\obj\stm32f4xx_gpio.o
 .text.GPIO_ReadInputDataBit
                0x00000000       0x34 ..\obj\stm32f4xx_gpio.o
 .text.GPIO_ReadInputData
                0x00000000       0x1c ..\obj\stm32f4xx_gpio.o
 .text.GPIO_ReadOutputDataBit
                0x00000000       0x34 ..\obj\stm32f4xx_gpio.o
 .text.GPIO_ReadOutputData
                0x00000000       0x1c ..\obj\stm32f4xx_gpio.o
 .text.GPIO_WriteBit
                0x00000000       0x30 ..\obj\stm32f4xx_gpio.o
 .text.GPIO_Write
                0x00000000       0x1c ..\obj\stm32f4xx_gpio.o
 .text.GPIO_ToggleBits
                0x00000000       0x24 ..\obj\stm32f4xx_gpio.o
 .text          0x00000000        0x0 ..\obj\stm32f4xx_flash.o
 .data          0x00000000        0x0 ..\obj\stm32f4xx_flash.o
 .bss           0x00000000        0x0 ..\obj\stm32f4xx_flash.o
 .text.FLASH_PrefetchBufferCmd
                0x00000000       0x38 ..\obj\stm32f4xx_flash.o
 .text.FLASH_InstructionCacheCmd
                0x00000000       0x38 ..\obj\stm32f4xx_flash.o
 .text.FLASH_DataCacheCmd
                0x00000000       0x38 ..\obj\stm32f4xx_flash.o
 .text.FLASH_InstructionCacheReset
                0x00000000       0x1c ..\obj\stm32f4xx_flash.o
 .text.FLASH_DataCacheReset
                0x00000000       0x1c ..\obj\stm32f4xx_flash.o
 .text.FLASH_Unlock
                0x00000000       0x2c ..\obj\stm32f4xx_flash.o
 .text.FLASH_Lock
                0x00000000       0x1c ..\obj\stm32f4xx_flash.o
 .text.FLASH_EraseSector
                0x00000000       0xc0 ..\obj\stm32f4xx_flash.o
 .text.FLASH_EraseAllSectors
                0x00000000       0xa0 ..\obj\stm32f4xx_flash.o
 .text.FLASH_ProgramDoubleWord
                0x00000000       0x70 ..\obj\stm32f4xx_flash.o
 .text.FLASH_ProgramWord
                0x00000000       0x68 ..\obj\stm32f4xx_flash.o
 .text.FLASH_ProgramHalfWord
                0x00000000       0x6c ..\obj\stm32f4xx_flash.o
 .text.FLASH_ProgramByte
                0x00000000       0x68 ..\obj\stm32f4xx_flash.o
 .text.FLASH_OB_Unlock
                0x00000000       0x30 ..\obj\stm32f4xx_flash.o
 .text.FLASH_OB_Lock
                0x00000000       0x1c ..\obj\stm32f4xx_flash.o
 .text.FLASH_OB_WRPConfig
                0x00000000       0x58 ..\obj\stm32f4xx_flash.o
 .text.FLASH_OB_RDPConfig
                0x00000000       0x2c ..\obj\stm32f4xx_flash.o
 .text.FLASH_OB_UserConfig
                0x00000000       0x58 ..\obj\stm32f4xx_flash.o
 .text.FLASH_OB_BORConfig
                0x00000000       0x38 ..\obj\stm32f4xx_flash.o
 .text.FLASH_OB_Launch
                0x00000000       0x30 ..\obj\stm32f4xx_flash.o
 .text.FLASH_OB_GetUser
                0x00000000       0x1c ..\obj\stm32f4xx_flash.o
 .text.FLASH_OB_GetWRP
                0x00000000       0x18 ..\obj\stm32f4xx_flash.o
 .text.FLASH_OB_GetRDP
                0x00000000       0x30 ..\obj\stm32f4xx_flash.o
 .text.FLASH_OB_GetBOR
                0x00000000       0x20 ..\obj\stm32f4xx_flash.o
 .text.FLASH_ITConfig
                0x00000000       0x3c ..\obj\stm32f4xx_flash.o
 .text.FLASH_GetFlagStatus
                0x00000000       0x34 ..\obj\stm32f4xx_flash.o
 .text.FLASH_ClearFlag
                0x00000000       0x1c ..\obj\stm32f4xx_flash.o
 .text.FLASH_GetStatus
                0x00000000       0x68 ..\obj\stm32f4xx_flash.o
 .text.FLASH_WaitForLastOperation
                0x00000000       0x30 ..\obj\stm32f4xx_flash.o
 .text          0x00000000        0x0 ..\obj\system_stm32f4xx.o
 .bss           0x00000000        0x0 ..\obj\system_stm32f4xx.o
 .text.SystemInit
                0x00000000       0x58 ..\obj\system_stm32f4xx.o
 .text.SystemCoreClockUpdate
                0x00000000       0xf8 ..\obj\system_stm32f4xx.o
 .text.SetSysClock
                0x00000000       0xf4 ..\obj\system_stm32f4xx.o
 .text          0x00000000        0x0 ..\obj\clock.o
 .data          0x00000000        0x0 ..\obj\clock.o
 .bss           0x00000000        0x0 ..\obj\clock.o
 .text          0x00000000        0x0 ..\obj\usart.o
 .data          0x00000000        0x0 ..\obj\usart.o
 .bss           0x00000000        0x0 ..\obj\usart.o

Memory Configuration

Name             Origin             Length             Attributes
rom              0x08000000         0x00100000         xr
ram              0x20000000         0x00020000         xrw
ram1             0x10000000         0x00010000         xrw
*default*        0x00000000         0xffffffff

Linker script and memory map

                0x20020000                _eram = 0x20020000

.text           0x08000000      0xd38
 *(.isr_vector)
 .isr_vector    0x08000000      0x188 ..\obj\startup_stm32f4xx.o
                0x08000000                g_pfnVectors
 *(.text*)
 .text.NVIC_SetPriority
                0x08000188       0x54 ..\obj\delay.o
 .text.SysTick_Config
                0x080001dc       0x44 ..\obj\delay.o
 .text.DELAY_Init
                0x08000220       0x20 ..\obj\delay.o
                0x08000220                DELAY_Init
 .text.SysTick_Handler
                0x08000240       0x24 ..\obj\delay.o
                0x08000240                SysTick_Handler
 .text.USART_Init
                0x08000264      0x178 ..\obj\stm32f4xx_usart.o
                0x08000264                USART_Init
 .text.USART_Cmd
                0x080003dc       0x40 ..\obj\stm32f4xx_usart.o
                0x080003dc                USART_Cmd
 .text.USART_SendData
                0x0800041c       0x24 ..\obj\stm32f4xx_usart.o
                0x0800041c                USART_SendData
 .text.USART_ReceiveData
                0x08000440       0x20 ..\obj\stm32f4xx_usart.o
                0x08000440                USART_ReceiveData
 .text.USART_GetFlagStatus
                0x08000460       0x38 ..\obj\stm32f4xx_usart.o
                0x08000460                USART_GetFlagStatus
 .text.Default_Reset_Handler
                0x08000498       0x58 ..\obj\startup_stm32f4xx.o
                0x08000498                Default_Reset_Handler
                0x08000498                Reset_Handler
 .text.Default_Handler
                0x080004f0        0x8 ..\obj\startup_stm32f4xx.o
                0x080004f0                RTC_Alarm_IRQHandler
                0x080004f0                HASH_RNG_IRQHandler
                0x080004f0                EXTI2_IRQHandler
                0x080004f0                TIM8_CC_IRQHandler
                0x080004f0                DebugMon_Handler
                0x080004f0                TIM1_CC_IRQHandler
                0x080004f0                DMA2_Stream5_IRQHandler
                0x080004f0                HardFault_Handler
                0x080004f0                DMA1_Stream5_IRQHandler
                0x080004f0                PVD_IRQHandler
                0x080004f0                SDIO_IRQHandler
                0x080004f0                TAMP_STAMP_IRQHandler
                0x080004f0                PendSV_Handler
                0x080004f0                NMI_Handler
                0x080004f0                CAN2_RX1_IRQHandler
                0x080004f0                EXTI3_IRQHandler
                0x080004f0                TIM8_TRG_COM_TIM14_IRQHandler
                0x080004f0                TIM1_UP_TIM10_IRQHandler
                0x080004f0                TIM8_UP_TIM13_IRQHandler
                0x080004f0                I2C3_ER_IRQHandler
                0x080004f0                EXTI0_IRQHandler
                0x080004f0                I2C2_EV_IRQHandler
                0x080004f0                DMA1_Stream2_IRQHandler
                0x080004f0                CAN1_RX0_IRQHandler
                0x080004f0                FPU_IRQHandler
                0x080004f0                OTG_HS_WKUP_IRQHandler
                0x080004f0                UsageFault_Handler
                0x080004f0                CAN2_SCE_IRQHandler
                0x080004f0                DMA2_Stream2_IRQHandler
                0x080004f0                SPI1_IRQHandler
                0x080004f0                TIM6_DAC_IRQHandler
                0x080004f0                TIM1_BRK_TIM9_IRQHandler
                0x080004f0                DCMI_IRQHandler
                0x080004f0                CAN2_RX0_IRQHandler
                0x080004f0                DMA2_Stream3_IRQHandler
                0x080004f0                USART6_IRQHandler
                0x080004f0                USART3_IRQHandler
                0x080004f0                CRYP_IRQHandler
                0x080004f0                CAN1_RX1_IRQHandler
                0x080004f0                UART5_IRQHandler
                0x080004f0                DMA2_Stream0_IRQHandler
                0x080004f0                TIM4_IRQHandler
                0x080004f0                I2C1_EV_IRQHandler
                0x080004f0                DMA1_Stream6_IRQHandler
                0x080004f0                DMA1_Stream1_IRQHandler
                0x080004f0                UART4_IRQHandler
                0x080004f0                TIM3_IRQHandler
                0x080004f0                RCC_IRQHandler
                0x080004f0                TIM8_BRK_TIM12_IRQHandler
                0x080004f0                EXTI15_10_IRQHandler
                0x080004f0                ADC_IRQHandler
                0x080004f0                DMA1_Stream7_IRQHandler
                0x080004f0                TIM7_IRQHandler
                0x080004f0                CAN2_TX_IRQHandler
                0x080004f0                TIM5_IRQHandler
                0x080004f0                DMA2_Stream7_IRQHandler
                0x080004f0                I2C3_EV_IRQHandler
                0x080004f0                EXTI9_5_IRQHandler
                0x080004f0                RTC_WKUP_IRQHandler
                0x080004f0                ETH_WKUP_IRQHandler
                0x080004f0                SPI2_IRQHandler
                0x080004f0                OTG_HS_EP1_IN_IRQHandler
                0x080004f0                MemManage_Handler
                0x080004f0                DMA1_Stream0_IRQHandler
                0x080004f0                CAN1_TX_IRQHandler
                0x080004f0                SVC_Handler
                0x080004f0                EXTI4_IRQHandler
                0x080004f0                FSMC_IRQHandler
                0x080004f0                ETH_IRQHandler
                0x080004f0                OTG_HS_EP1_OUT_IRQHandler
                0x080004f0                WWDG_IRQHandler
                0x080004f0                TIM2_IRQHandler
                0x080004f0                OTG_FS_WKUP_IRQHandler
                0x080004f0                TIM1_TRG_COM_TIM11_IRQHandler
                0x080004f0                OTG_HS_IRQHandler
                0x080004f0                EXTI1_IRQHandler
                0x080004f0                USART2_IRQHandler
                0x080004f0                I2C2_ER_IRQHandler
                0x080004f0                DMA2_Stream1_IRQHandler
                0x080004f0                CAN1_SCE_IRQHandler
                0x080004f0                FLASH_IRQHandler
                0x080004f0                DMA2_Stream4_IRQHandler
                0x080004f0                BusFault_Handler
                0x080004f0                USART1_IRQHandler
                0x080004f0                OTG_FS_IRQHandler
                0x080004f0                SPI3_IRQHandler
                0x080004f0                DMA1_Stream4_IRQHandler
                0x080004f0                I2C1_ER_IRQHandler
                0x080004f0                DMA2_Stream6_IRQHandler
                0x080004f0                DMA1_Stream3_IRQHandler
 .text.main     0x080004f8       0x74 ..\obj\main.o
                0x080004f8                main
 .text.RCC_DeInit
                0x0800056c       0x50 ..\obj\stm32f4xx_rcc.o
                0x0800056c                RCC_DeInit
 .text.RCC_HSEConfig
                0x080005bc       0x24 ..\obj\stm32f4xx_rcc.o
                0x080005bc                RCC_HSEConfig
 .text.RCC_WaitForHSEStartUp
                0x080005e0       0x50 ..\obj\stm32f4xx_rcc.o
                0x080005e0                RCC_WaitForHSEStartUp
 .text.RCC_PLLConfig
                0x08000630       0x3c ..\obj\stm32f4xx_rcc.o
                0x08000630                RCC_PLLConfig
 .text.RCC_PLLCmd
                0x0800066c       0x20 ..\obj\stm32f4xx_rcc.o
                0x0800066c                RCC_PLLCmd
 .text.RCC_SYSCLKConfig
                0x0800068c       0x38 ..\obj\stm32f4xx_rcc.o
                0x0800068c                RCC_SYSCLKConfig
 .text.RCC_HCLKConfig
                0x080006c4       0x38 ..\obj\stm32f4xx_rcc.o
                0x080006c4                RCC_HCLKConfig
 .text.RCC_PCLK1Config
                0x080006fc       0x38 ..\obj\stm32f4xx_rcc.o
                0x080006fc                RCC_PCLK1Config
 .text.RCC_PCLK2Config
                0x08000734       0x38 ..\obj\stm32f4xx_rcc.o
                0x08000734                RCC_PCLK2Config
 .text.RCC_GetClocksFreq
                0x0800076c      0x154 ..\obj\stm32f4xx_rcc.o
                0x0800076c                RCC_GetClocksFreq
 .text.RCC_AHB1PeriphClockCmd
                0x080008c0       0x3c ..\obj\stm32f4xx_rcc.o
                0x080008c0                RCC_AHB1PeriphClockCmd
 .text.RCC_APB2PeriphClockCmd
                0x080008fc       0x3c ..\obj\stm32f4xx_rcc.o
                0x080008fc                RCC_APB2PeriphClockCmd
 .text.RCC_GetFlagStatus
                0x08000938       0x74 ..\obj\stm32f4xx_rcc.o
                0x08000938                RCC_GetFlagStatus
 .text.GPIO_Init
                0x080009ac      0x11c ..\obj\stm32f4xx_gpio.o
                0x080009ac                GPIO_Init
 .text.GPIO_SetBits
                0x08000ac8       0x1c ..\obj\stm32f4xx_gpio.o
                0x08000ac8                GPIO_SetBits
 .text.GPIO_ResetBits
                0x08000ae4       0x1c ..\obj\stm32f4xx_gpio.o
                0x08000ae4                GPIO_ResetBits
 .text.GPIO_PinAFConfig
                0x08000b00       0x90 ..\obj\stm32f4xx_gpio.o
                0x08000b00                GPIO_PinAFConfig
 .text.FLASH_SetLatency
                0x08000b90       0x20 ..\obj\stm32f4xx_flash.o
                0x08000b90                FLASH_SetLatency
 .text.CLOCK_SetClockTo168MHz
                0x08000bb0       0x78 ..\obj\clock.o
                0x08000bb0                CLOCK_SetClockTo168MHz
 .text.USART_Config
                0x08000c28       0x84 ..\obj\usart.o
                0x08000c28                USART_Config
 .text.USART_PutChar
                0x08000cac       0x30 ..\obj\usart.o
                0x08000cac                USART_PutChar
 .text.USART_PutString
                0x08000cdc       0x28 ..\obj\usart.o
                0x08000cdc                USART_PutString
 .text.USART_GetChar
                0x08000d04       0x24 ..\obj\usart.o
                0x08000d04                USART_GetChar
 *(.init)
 *(.fini)
 *crtbegin.o(.ctors)
 *crtbegin?.o(.ctors)
 *(EXCLUDE_FILE(*crtend.o *crtend?.o) .ctors)
 *(SORT(.ctors.*))
 *(.ctors)
 *crtbegin.o(.dtors)
 *crtbegin?.o(.dtors)
 *(EXCLUDE_FILE(*crtend.o *crtend?.o) .dtors)
 *(SORT(.dtors.*))
 *(.dtors)
 *(.rodata*)
 .rodata        0x08000d28       0x10 ..\obj\main.o
 *(.eh_fram e*)

.glue_7         0x08000d38        0x0
 .glue_7        0x00000000        0x0 linker stubs

.glue_7t        0x08000d38        0x0
 .glue_7t       0x00000000        0x0 linker stubs

.vfp11_veneer   0x08000d38        0x0
 .vfp11_veneer  0x00000000        0x0 linker stubs

.v4_bx          0x08000d38        0x0
 .v4_bx         0x00000000        0x0 linker stubs

.iplt           0x08000d38        0x0
 .iplt          0x00000000        0x0 ..\obj\delay.o

.rel.dyn        0x08000d38        0x0
 .rel.iplt      0x00000000        0x0 ..\obj\delay.o

.ARM.extab
 *(.ARM.extab* .gnu.linkonce.armextab.*)
                0x08000d38                __exidx_start = .

.ARM.exidx
 *(.ARM.exidx* .gnu.linkonce.armexidx.*)
                0x08000d38                __exidx_end = .
                0x08000d38                __etext = .
                0x08000d38                _sidata = __etext

.data           0x20000000       0x24 load address 0x08000d38
                0x20000000                __data_start__ = .
                0x20000000                _sdata = __data_start__
 *(vtable)
 *(.data*)
 .data          0x20000000       0x10 ..\obj\stm32f4xx_rcc.o
 .data          0x20000010       0x14 ..\obj\system_stm32f4xx.o
                0x20000010                SystemCoreClock
                0x20000014                AHBPrescTable
                0x20000024                . = ALIGN (0x4)
                0x20000024                PROVIDE (__preinit_array_start, .)
 *(.preinit_array)
                0x20000024                PROVIDE (__preinit_array_end, .)
                0x20000024                . = ALIGN (0x4)
                0x20000024                PROVIDE (__init_array_start, .)
 *(SORT(.init_array.*))
 *(.init_array)
                0x20000024                PROVIDE (__init_array_end, .)
                0x20000024                . = ALIGN (0x4)
                0x20000024                PROVIDE (__fini_array_start, .)
 *(SORT(.fini_array.*))
 *(.fini_array)
                0x20000024                PROVIDE (__fini_array_end, .)
 *(.jcr*)
                0x20000024                . = ALIGN (0x4)
                0x20000024                __data_end__ = .
                0x20000024                _edata = __data_end__

.igot.plt       0x20000024        0x0 load address 0x08000d5c
 .igot.plt      0x00000000        0x0 ..\obj\delay.o

.bss            0x20000024        0x4 load address 0x08000d5c
                0x20000024                . = ALIGN (0x4)
                0x20000024                __bss_start__ = .
                0x20000024                _sbss = __bss_start__
 *(.bss*)
 .bss           0x20000024        0x4 ..\obj\delay.o
 *(COMMON)
                0x20000028                . = ALIGN (0x4)
                0x20000028                __bss_end__ = .
                0x20000028                _ebss = __bss_end__

.heap           0x20000028        0x0
                0x20000028                __end__ = .
                0x20000028                _end = __end__
                0x20000028                end = __end__
 *(.heap*)
                0x20000028                __HeapLimit = .

.co_stack       0x20000028      0x800 load address 0x08000d60
                0x20000028                . = ALIGN (0x8)
 *(.co_stack .co_stack.*)
 .co_stack      0x20000028      0x800 ..\obj\startup_stm32f4xx.o
                0x20000028                pulStack
                0x20020000                __StackTop = (ORIGIN (ram) + 0x20000)
                0x2001f800                __StackLimit = (__StackTop - SIZEOF (.co_stack))
                0x20020000                PROVIDE (__stack, __StackTop)
                0x00000001                ASSERT ((__StackLimit >= __HeapLimit), region ram  overflowed with stack)
LOAD ..\obj\delay.o
LOAD ..\obj\stm32f4xx_usart.o
LOAD ..\obj\startup_stm32f4xx.o
LOAD ..\obj\main.o
LOAD ..\obj\stm32f4xx_rcc.o
LOAD ..\obj\stm32f4xx_gpio.o
LOAD ..\obj\stm32f4xx_flash.o
LOAD ..\obj\system_stm32f4xx.o
LOAD ..\obj\clock.o
LOAD ..\obj\usart.o
START GROUP
LOAD c:/program files/gnu tools arm embedded/4.9 2014q4/bin/../lib/gcc/arm-none-eabi/4.9.3/armv7e-m\libgcc.a
LOAD c:/program files/gnu tools arm embedded/4.9 2014q4/bin/../lib/gcc/arm-none-eabi/4.9.3/../../../../arm-none-eabi/lib/armv7e-m\libg.a
LOAD c:/program files/gnu tools arm embedded/4.9 2014q4/bin/../lib/gcc/arm-none-eabi/4.9.3/../../../../arm-none-eabi/lib/armv7e-m\libc.a
END GROUP
OUTPUT(usart-polling.elf elf32-littlearm)

.debug_info     0x00000000     0x38f1
 .debug_info    0x00000000      0x700 ..\obj\delay.o
 .debug_info    0x00000700      0x9c2 ..\obj\stm32f4xx_usart.o
 .debug_info    0x000010c2       0xed ..\obj\startup_stm32f4xx.o
 .debug_info    0x000011af      0x2bd ..\obj\main.o
 .debug_info    0x0000146c      0xc4d ..\obj\stm32f4xx_rcc.o
 .debug_info    0x000020b9      0x602 ..\obj\stm32f4xx_gpio.o
 .debug_info    0x000026bb      0x71b ..\obj\stm32f4xx_flash.o
 .debug_info    0x00002dd6      0x592 ..\obj\system_stm32f4xx.o
 .debug_info    0x00003368      0x138 ..\obj\clock.o
 .debug_info    0x000034a0      0x451 ..\obj\usart.o

.debug_abbrev   0x00000000      0xd0a
 .debug_abbrev  0x00000000      0x1bc ..\obj\delay.o
 .debug_abbrev  0x000001bc      0x155 ..\obj\stm32f4xx_usart.o
 .debug_abbrev  0x00000311       0xb0 ..\obj\startup_stm32f4xx.o
 .debug_abbrev  0x000003c1      0x10a ..\obj\main.o
 .debug_abbrev  0x000004cb      0x1e3 ..\obj\stm32f4xx_rcc.o
 .debug_abbrev  0x000006ae      0x1a3 ..\obj\stm32f4xx_gpio.o
 .debug_abbrev  0x00000851      0x1ae ..\obj\stm32f4xx_flash.o
 .debug_abbrev  0x000009ff      0x136 ..\obj\system_stm32f4xx.o
 .debug_abbrev  0x00000b35       0xa4 ..\obj\clock.o
 .debug_abbrev  0x00000bd9      0x131 ..\obj\usart.o

.debug_aranges  0x00000000      0x520
 .debug_aranges
                0x00000000       0x48 ..\obj\delay.o
 .debug_aranges
                0x00000048      0x100 ..\obj\stm32f4xx_usart.o
 .debug_aranges
                0x00000148       0x28 ..\obj\startup_stm32f4xx.o
 .debug_aranges
                0x00000170       0x20 ..\obj\main.o
 .debug_aranges
                0x00000190      0x178 ..\obj\stm32f4xx_rcc.o
 .debug_aranges
                0x00000308       0x88 ..\obj\stm32f4xx_gpio.o
 .debug_aranges
                0x00000390      0x108 ..\obj\stm32f4xx_flash.o
 .debug_aranges
                0x00000498       0x30 ..\obj\system_stm32f4xx.o
 .debug_aranges
                0x000004c8       0x20 ..\obj\clock.o
 .debug_aranges
                0x000004e8       0x38 ..\obj\usart.o

.debug_ranges   0x00000000      0x480
 .debug_ranges  0x00000000       0x38 ..\obj\delay.o
 .debug_ranges  0x00000038       0xf0 ..\obj\stm32f4xx_usart.o
 .debug_ranges  0x00000128       0x18 ..\obj\startup_stm32f4xx.o
 .debug_ranges  0x00000140       0x10 ..\obj\main.o
 .debug_ranges  0x00000150      0x168 ..\obj\stm32f4xx_rcc.o
 .debug_ranges  0x000002b8       0x78 ..\obj\stm32f4xx_gpio.o
 .debug_ranges  0x00000330       0xf8 ..\obj\stm32f4xx_flash.o
 .debug_ranges  0x00000428       0x20 ..\obj\system_stm32f4xx.o
 .debug_ranges  0x00000448       0x10 ..\obj\clock.o
 .debug_ranges  0x00000458       0x28 ..\obj\usart.o

.debug_line     0x00000000     0x1bdf
 .debug_line    0x00000000      0x212 ..\obj\delay.o
 .debug_line    0x00000212      0x489 ..\obj\stm32f4xx_usart.o
 .debug_line    0x0000069b       0x9a ..\obj\startup_stm32f4xx.o
 .debug_line    0x00000735      0x1d9 ..\obj\main.o
 .debug_line    0x0000090e      0x588 ..\obj\stm32f4xx_rcc.o
 .debug_line    0x00000e96      0x32a ..\obj\stm32f4xx_gpio.o
 .debug_line    0x000011c0      0x46e ..\obj\stm32f4xx_flash.o
 .debug_line    0x0000162e      0x1e3 ..\obj\system_stm32f4xx.o
 .debug_line    0x00001811      0x198 ..\obj\clock.o
 .debug_line    0x000019a9      0x236 ..\obj\usart.o

.debug_str      0x00000000     0x1b35
 .debug_str     0x00000000      0x778 ..\obj\delay.o
                                0x7ca (size before relaxing)
 .debug_str     0x00000778      0x4da ..\obj\stm32f4xx_usart.o
                                0x688 (size before relaxing)
 .debug_str     0x00000c52       0xa9 ..\obj\startup_stm32f4xx.o
                                0x140 (size before relaxing)
 .debug_str     0x00000cfb      0x1bf ..\obj\main.o
                                0x323 (size before relaxing)
 .debug_str     0x00000eba      0x5dc ..\obj\stm32f4xx_rcc.o
                                0x849 (size before relaxing)
 .debug_str     0x00001496      0x19c ..\obj\stm32f4xx_gpio.o
                                0x49c (size before relaxing)
 .debug_str     0x00001632      0x3c4 ..\obj\stm32f4xx_flash.o
                                0x58b (size before relaxing)
 .debug_str     0x000019f6       0x91 ..\obj\system_stm32f4xx.o
                                0x3a3 (size before relaxing)
 .debug_str     0x00001a87       0x4c ..\obj\clock.o
                                0x1c9 (size before relaxing)
 .debug_str     0x00001ad3       0x62 ..\obj\usart.o
                                0x44a (size before relaxing)

.comment        0x00000000       0x70
 .comment       0x00000000       0x70 ..\obj\delay.o
                                 0x71 (size before relaxing)
 .comment       0x00000000       0x71 ..\obj\stm32f4xx_usart.o
 .comment       0x00000000       0x71 ..\obj\startup_stm32f4xx.o
 .comment       0x00000000       0x71 ..\obj\main.o
 .comment       0x00000000       0x71 ..\obj\stm32f4xx_rcc.o
 .comment       0x00000000       0x71 ..\obj\stm32f4xx_gpio.o
 .comment       0x00000000       0x71 ..\obj\stm32f4xx_flash.o
 .comment       0x00000000       0x71 ..\obj\system_stm32f4xx.o
 .comment       0x00000000       0x71 ..\obj\clock.o
 .comment       0x00000000       0x71 ..\obj\usart.o

.ARM.attributes
                0x00000000       0x33
 .ARM.attributes
                0x00000000       0x33 ..\obj\delay.o
 .ARM.attributes
                0x00000033       0x33 ..\obj\stm32f4xx_usart.o
 .ARM.attributes
                0x00000066       0x33 ..\obj\startup_stm32f4xx.o
 .ARM.attributes
                0x00000099       0x33 ..\obj\main.o
 .ARM.attributes
                0x000000cc       0x33 ..\obj\stm32f4xx_rcc.o
 .ARM.attributes
                0x000000ff       0x33 ..\obj\stm32f4xx_gpio.o
 .ARM.attributes
                0x00000132       0x33 ..\obj\stm32f4xx_flash.o
 .ARM.attributes
                0x00000165       0x33 ..\obj\system_stm32f4xx.o
 .ARM.attributes
                0x00000198       0x33 ..\obj\clock.o
 .ARM.attributes
                0x000001cb       0x33 ..\obj\usart.o

.debug_frame    0x00000000     0x1494
 .debug_frame   0x00000000       0xe4 ..\obj\delay.o
 .debug_frame   0x000000e4      0x490 ..\obj\stm32f4xx_usart.o
 .debug_frame   0x00000574       0x4c ..\obj\startup_stm32f4xx.o
 .debug_frame   0x000005c0       0x30 ..\obj\main.o
 .debug_frame   0x000005f0      0x6d4 ..\obj\stm32f4xx_rcc.o
 .debug_frame   0x00000cc4      0x23c ..\obj\stm32f4xx_gpio.o
 .debug_frame   0x00000f00      0x44c ..\obj\stm32f4xx_flash.o
 .debug_frame   0x0000134c       0x7c ..\obj\system_stm32f4xx.o
 .debug_frame   0x000013c8       0x34 ..\obj\clock.o
 .debug_frame   0x000013fc       0x98 ..\obj\usart.o
