
Discarded input sections

 .text          0x00000000        0x0 ..\obj\startup_stm32f4xx.o
 .data          0x00000000        0x0 ..\obj\startup_stm32f4xx.o
 .bss           0x00000000        0x0 ..\obj\startup_stm32f4xx.o
 .text          0x00000000        0x0 ..\obj\main.o
 .data          0x00000000        0x0 ..\obj\main.o
 .bss           0x00000000        0x0 ..\obj\main.o
 .text          0x00000000        0x0 ..\obj\stm32f4xx_rcc.o
 .data          0x00000000       0x10 ..\obj\stm32f4xx_rcc.o
 .bss           0x00000000        0x0 ..\obj\stm32f4xx_rcc.o
 .text.RCC_AdjustHSICalibrationValue
                0x00000000       0x3c ..\obj\stm32f4xx_rcc.o
 .text.RCC_HSICmd
                0x00000000       0x20 ..\obj\stm32f4xx_rcc.o
 .text.RCC_LSEConfig
                0x00000000       0x40 ..\obj\stm32f4xx_rcc.o
 .text.RCC_LSICmd
                0x00000000       0x20 ..\obj\stm32f4xx_rcc.o
 .text.RCC_PLLI2SConfig
                0x00000000       0x28 ..\obj\stm32f4xx_rcc.o
 .text.RCC_PLLI2SCmd
                0x00000000       0x20 ..\obj\stm32f4xx_rcc.o
 .text.RCC_ClockSecuritySystemCmd
                0x00000000       0x20 ..\obj\stm32f4xx_rcc.o
 .text.RCC_MCO1Config
                0x00000000       0x3c ..\obj\stm32f4xx_rcc.o
 .text.RCC_MCO2Config
                0x00000000       0x3c ..\obj\stm32f4xx_rcc.o
 .text.RCC_GetSYSCLKSource
                0x00000000       0x20 ..\obj\stm32f4xx_rcc.o
 .text.RCC_GetClocksFreq
                0x00000000      0x154 ..\obj\stm32f4xx_rcc.o
 .text.RCC_RTCCLKConfig
                0x00000000       0x5c ..\obj\stm32f4xx_rcc.o
 .text.RCC_RTCCLKCmd
                0x00000000       0x20 ..\obj\stm32f4xx_rcc.o
 .text.RCC_BackupResetCmd
                0x00000000       0x20 ..\obj\stm32f4xx_rcc.o
 .text.RCC_I2SCLKConfig
                0x00000000       0x1c ..\obj\stm32f4xx_rcc.o
 .text.RCC_AHB1PeriphClockCmd
                0x00000000       0x3c ..\obj\stm32f4xx_rcc.o
 .text.RCC_AHB2PeriphClockCmd
                0x00000000       0x3c ..\obj\stm32f4xx_rcc.o
 .text.RCC_AHB3PeriphClockCmd
                0x00000000       0x3c ..\obj\stm32f4xx_rcc.o
 .text.RCC_APB1PeriphClockCmd
                0x00000000       0x3c ..\obj\stm32f4xx_rcc.o
 .text.RCC_APB2PeriphClockCmd
                0x00000000       0x3c ..\obj\stm32f4xx_rcc.o
 .text.RCC_AHB1PeriphResetCmd
                0x00000000       0x3c ..\obj\stm32f4xx_rcc.o
 .text.RCC_AHB2PeriphResetCmd
                0x00000000       0x3c ..\obj\stm32f4xx_rcc.o
 .text.RCC_AHB3PeriphResetCmd
                0x00000000       0x3c ..\obj\stm32f4xx_rcc.o
 .text.RCC_APB1PeriphResetCmd
                0x00000000       0x3c ..\obj\stm32f4xx_rcc.o
 .text.RCC_APB2PeriphResetCmd
                0x00000000       0x3c ..\obj\stm32f4xx_rcc.o
 .text.RCC_AHB1PeriphClockLPModeCmd
                0x00000000       0x3c ..\obj\stm32f4xx_rcc.o
 .text.RCC_AHB2PeriphClockLPModeCmd
                0x00000000       0x3c ..\obj\stm32f4xx_rcc.o
 .text.RCC_AHB3PeriphClockLPModeCmd
                0x00000000       0x3c ..\obj\stm32f4xx_rcc.o
 .text.RCC_APB1PeriphClockLPModeCmd
                0x00000000       0x3c ..\obj\stm32f4xx_rcc.o
 .text.RCC_APB2PeriphClockLPModeCmd
                0x00000000       0x3c ..\obj\stm32f4xx_rcc.o
 .text.RCC_ITConfig
                0x00000000       0x4c ..\obj\stm32f4xx_rcc.o
 .text.RCC_ClearFlag
                0x00000000       0x1c ..\obj\stm32f4xx_rcc.o
 .text.RCC_GetITStatus
                0x00000000       0x38 ..\obj\stm32f4xx_rcc.o
 .text.RCC_ClearITPendingBit
                0x00000000       0x20 ..\obj\stm32f4xx_rcc.o
 .text          0x00000000        0x0 ..\obj\stm32f4xx_flash.o
 .data          0x00000000        0x0 ..\obj\stm32f4xx_flash.o
 .bss           0x00000000        0x0 ..\obj\stm32f4xx_flash.o
 .text.FLASH_PrefetchBufferCmd
                0x00000000       0x38 ..\obj\stm32f4xx_flash.o
 .text.FLASH_InstructionCacheCmd
                0x00000000       0x38 ..\obj\stm32f4xx_flash.o
 .text.FLASH_DataCacheCmd
                0x00000000       0x38 ..\obj\stm32f4xx_flash.o
 .text.FLASH_InstructionCacheReset
                0x00000000       0x1c ..\obj\stm32f4xx_flash.o
 .text.FLASH_DataCacheReset
                0x00000000       0x1c ..\obj\stm32f4xx_flash.o
 .text.FLASH_Unlock
                0x00000000       0x2c ..\obj\stm32f4xx_flash.o
 .text.FLASH_Lock
                0x00000000       0x1c ..\obj\stm32f4xx_flash.o
 .text.FLASH_EraseSector
                0x00000000       0xc0 ..\obj\stm32f4xx_flash.o
 .text.FLASH_EraseAllSectors
                0x00000000       0xa0 ..\obj\stm32f4xx_flash.o
 .text.FLASH_ProgramDoubleWord
                0x00000000       0x70 ..\obj\stm32f4xx_flash.o
 .text.FLASH_ProgramWord
                0x00000000       0x68 ..\obj\stm32f4xx_flash.o
 .text.FLASH_ProgramHalfWord
                0x00000000       0x6c ..\obj\stm32f4xx_flash.o
 .text.FLASH_ProgramByte
                0x00000000       0x68 ..\obj\stm32f4xx_flash.o
 .text.FLASH_OB_Unlock
                0x00000000       0x30 ..\obj\stm32f4xx_flash.o
 .text.FLASH_OB_Lock
                0x00000000       0x1c ..\obj\stm32f4xx_flash.o
 .text.FLASH_OB_WRPConfig
                0x00000000       0x58 ..\obj\stm32f4xx_flash.o
 .text.FLASH_OB_RDPConfig
                0x00000000       0x2c ..\obj\stm32f4xx_flash.o
 .text.FLASH_OB_UserConfig
                0x00000000       0x58 ..\obj\stm32f4xx_flash.o
 .text.FLASH_OB_BORConfig
                0x00000000       0x38 ..\obj\stm32f4xx_flash.o
 .text.FLASH_OB_Launch
                0x00000000       0x30 ..\obj\stm32f4xx_flash.o
 .text.FLASH_OB_GetUser
                0x00000000       0x1c ..\obj\stm32f4xx_flash.o
 .text.FLASH_OB_GetWRP
                0x00000000       0x18 ..\obj\stm32f4xx_flash.o
 .text.FLASH_OB_GetRDP
                0x00000000       0x30 ..\obj\stm32f4xx_flash.o
 .text.FLASH_OB_GetBOR
                0x00000000       0x20 ..\obj\stm32f4xx_flash.o
 .text.FLASH_ITConfig
                0x00000000       0x3c ..\obj\stm32f4xx_flash.o
 .text.FLASH_GetFlagStatus
                0x00000000       0x34 ..\obj\stm32f4xx_flash.o
 .text.FLASH_ClearFlag
                0x00000000       0x1c ..\obj\stm32f4xx_flash.o
 .text.FLASH_GetStatus
                0x00000000       0x68 ..\obj\stm32f4xx_flash.o
 .text.FLASH_WaitForLastOperation
                0x00000000       0x30 ..\obj\stm32f4xx_flash.o
 .text          0x00000000        0x0 ..\obj\system_stm32f4xx.o
 .bss           0x00000000        0x0 ..\obj\system_stm32f4xx.o
 .text.SystemInit
                0x00000000       0x58 ..\obj\system_stm32f4xx.o
 .text.SetSysClock
                0x00000000       0xf4 ..\obj\system_stm32f4xx.o
 .text          0x00000000        0x0 ..\obj\clock.o
 .data          0x00000000        0x0 ..\obj\clock.o
 .bss           0x00000000        0x0 ..\obj\clock.o

Memory Configuration

Name             Origin             Length             Attributes
rom              0x08000000         0x00100000         xr
ram              0x20000000         0x00020000         xrw
ram1             0x10000000         0x00010000         xrw
*default*        0x00000000         0xffffffff

Linker script and memory map

                0x20020000                _eram = 0x20020000

.text           0x08000000      0x5fc
 *(.isr_vector)
 .isr_vector    0x08000000      0x188 ..\obj\startup_stm32f4xx.o
                0x08000000                g_pfnVectors
 *(.text*)
 .text.Default_Reset_Handler
                0x08000188       0x58 ..\obj\startup_stm32f4xx.o
                0x08000188                Default_Reset_Handler
                0x08000188                Reset_Handler
 .text.Default_Handler
                0x080001e0        0x8 ..\obj\startup_stm32f4xx.o
                0x080001e0                RTC_Alarm_IRQHandler
                0x080001e0                HASH_RNG_IRQHandler
                0x080001e0                EXTI2_IRQHandler
                0x080001e0                TIM8_CC_IRQHandler
                0x080001e0                DebugMon_Handler
                0x080001e0                TIM1_CC_IRQHandler
                0x080001e0                DMA2_Stream5_IRQHandler
                0x080001e0                HardFault_Handler
                0x080001e0                DMA1_Stream5_IRQHandler
                0x080001e0                SysTick_Handler
                0x080001e0                PVD_IRQHandler
                0x080001e0                SDIO_IRQHandler
                0x080001e0                TAMP_STAMP_IRQHandler
                0x080001e0                PendSV_Handler
                0x080001e0                NMI_Handler
                0x080001e0                CAN2_RX1_IRQHandler
                0x080001e0                EXTI3_IRQHandler
                0x080001e0                TIM8_TRG_COM_TIM14_IRQHandler
                0x080001e0                TIM1_UP_TIM10_IRQHandler
                0x080001e0                TIM8_UP_TIM13_IRQHandler
                0x080001e0                I2C3_ER_IRQHandler
                0x080001e0                EXTI0_IRQHandler
                0x080001e0                I2C2_EV_IRQHandler
                0x080001e0                DMA1_Stream2_IRQHandler
                0x080001e0                CAN1_RX0_IRQHandler
                0x080001e0                FPU_IRQHandler
                0x080001e0                OTG_HS_WKUP_IRQHandler
                0x080001e0                UsageFault_Handler
                0x080001e0                CAN2_SCE_IRQHandler
                0x080001e0                DMA2_Stream2_IRQHandler
                0x080001e0                SPI1_IRQHandler
                0x080001e0                TIM6_DAC_IRQHandler
                0x080001e0                TIM1_BRK_TIM9_IRQHandler
                0x080001e0                DCMI_IRQHandler
                0x080001e0                CAN2_RX0_IRQHandler
                0x080001e0                DMA2_Stream3_IRQHandler
                0x080001e0                USART6_IRQHandler
                0x080001e0                USART3_IRQHandler
                0x080001e0                CRYP_IRQHandler
                0x080001e0                CAN1_RX1_IRQHandler
                0x080001e0                UART5_IRQHandler
                0x080001e0                DMA2_Stream0_IRQHandler
                0x080001e0                TIM4_IRQHandler
                0x080001e0                I2C1_EV_IRQHandler
                0x080001e0                DMA1_Stream6_IRQHandler
                0x080001e0                DMA1_Stream1_IRQHandler
                0x080001e0                UART4_IRQHandler
                0x080001e0                TIM3_IRQHandler
                0x080001e0                RCC_IRQHandler
                0x080001e0                TIM8_BRK_TIM12_IRQHandler
                0x080001e0                EXTI15_10_IRQHandler
                0x080001e0                ADC_IRQHandler
                0x080001e0                DMA1_Stream7_IRQHandler
                0x080001e0                TIM7_IRQHandler
                0x080001e0                CAN2_TX_IRQHandler
                0x080001e0                TIM5_IRQHandler
                0x080001e0                DMA2_Stream7_IRQHandler
                0x080001e0                I2C3_EV_IRQHandler
                0x080001e0                EXTI9_5_IRQHandler
                0x080001e0                RTC_WKUP_IRQHandler
                0x080001e0                ETH_WKUP_IRQHandler
                0x080001e0                SPI2_IRQHandler
                0x080001e0                OTG_HS_EP1_IN_IRQHandler
                0x080001e0                MemManage_Handler
                0x080001e0                DMA1_Stream0_IRQHandler
                0x080001e0                CAN1_TX_IRQHandler
                0x080001e0                SVC_Handler
                0x080001e0                EXTI4_IRQHandler
                0x080001e0                FSMC_IRQHandler
                0x080001e0                ETH_IRQHandler
                0x080001e0                OTG_HS_EP1_OUT_IRQHandler
                0x080001e0                WWDG_IRQHandler
                0x080001e0                TIM2_IRQHandler
                0x080001e0                OTG_FS_WKUP_IRQHandler
                0x080001e0                TIM1_TRG_COM_TIM11_IRQHandler
                0x080001e0                OTG_HS_IRQHandler
                0x080001e0                EXTI1_IRQHandler
                0x080001e0                USART2_IRQHandler
                0x080001e0                I2C2_ER_IRQHandler
                0x080001e0                DMA2_Stream1_IRQHandler
                0x080001e0                CAN1_SCE_IRQHandler
                0x080001e0                FLASH_IRQHandler
                0x080001e0                DMA2_Stream4_IRQHandler
                0x080001e0                BusFault_Handler
                0x080001e0                USART1_IRQHandler
                0x080001e0                OTG_FS_IRQHandler
                0x080001e0                SPI3_IRQHandler
                0x080001e0                DMA1_Stream4_IRQHandler
                0x080001e0                I2C1_ER_IRQHandler
                0x080001e0                DMA2_Stream6_IRQHandler
                0x080001e0                DMA1_Stream3_IRQHandler
 .text.main     0x080001e8       0x10 ..\obj\main.o
                0x080001e8                main
 .text.RCC_DeInit
                0x080001f8       0x50 ..\obj\stm32f4xx_rcc.o
                0x080001f8                RCC_DeInit
 .text.RCC_HSEConfig
                0x08000248       0x24 ..\obj\stm32f4xx_rcc.o
                0x08000248                RCC_HSEConfig
 .text.RCC_WaitForHSEStartUp
                0x0800026c       0x50 ..\obj\stm32f4xx_rcc.o
                0x0800026c                RCC_WaitForHSEStartUp
 .text.RCC_PLLConfig
                0x080002bc       0x3c ..\obj\stm32f4xx_rcc.o
                0x080002bc                RCC_PLLConfig
 .text.RCC_PLLCmd
                0x080002f8       0x20 ..\obj\stm32f4xx_rcc.o
                0x080002f8                RCC_PLLCmd
 .text.RCC_SYSCLKConfig
                0x08000318       0x38 ..\obj\stm32f4xx_rcc.o
                0x08000318                RCC_SYSCLKConfig
 .text.RCC_HCLKConfig
                0x08000350       0x38 ..\obj\stm32f4xx_rcc.o
                0x08000350                RCC_HCLKConfig
 .text.RCC_PCLK1Config
                0x08000388       0x38 ..\obj\stm32f4xx_rcc.o
                0x08000388                RCC_PCLK1Config
 .text.RCC_PCLK2Config
                0x080003c0       0x38 ..\obj\stm32f4xx_rcc.o
                0x080003c0                RCC_PCLK2Config
 .text.RCC_GetFlagStatus
                0x080003f8       0x74 ..\obj\stm32f4xx_rcc.o
                0x080003f8                RCC_GetFlagStatus
 .text.FLASH_SetLatency
                0x0800046c       0x20 ..\obj\stm32f4xx_flash.o
                0x0800046c                FLASH_SetLatency
 .text.SystemCoreClockUpdate
                0x0800048c       0xf8 ..\obj\system_stm32f4xx.o
                0x0800048c                SystemCoreClockUpdate
 .text.CLOCK_SetClockTo168MHz
                0x08000584       0x78 ..\obj\clock.o
                0x08000584                CLOCK_SetClockTo168MHz
 *(.init)
 *(.fini)
 *crtbegin.o(.ctors)
 *crtbegin?.o(.ctors)
 *(EXCLUDE_FILE(*crtend.o *crtend?.o) .ctors)
 *(SORT(.ctors.*))
 *(.ctors)
 *crtbegin.o(.dtors)
 *crtbegin?.o(.dtors)
 *(EXCLUDE_FILE(*crtend.o *crtend?.o) .dtors)
 *(SORT(.dtors.*))
 *(.dtors)
 *(.rodata*)
 *(.eh_fram e*)

.glue_7         0x080005fc        0x0
 .glue_7        0x00000000        0x0 linker stubs

.glue_7t        0x080005fc        0x0
 .glue_7t       0x00000000        0x0 linker stubs

.vfp11_veneer   0x080005fc        0x0
 .vfp11_veneer  0x00000000        0x0 linker stubs

.v4_bx          0x080005fc        0x0
 .v4_bx         0x00000000        0x0 linker stubs

.iplt           0x080005fc        0x0
 .iplt          0x00000000        0x0 ..\obj\startup_stm32f4xx.o

.rel.dyn        0x080005fc        0x0
 .rel.iplt      0x00000000        0x0 ..\obj\startup_stm32f4xx.o

.ARM.extab
 *(.ARM.extab* .gnu.linkonce.armextab.*)
                0x080005fc                __exidx_start = .

.ARM.exidx
 *(.ARM.exidx* .gnu.linkonce.armexidx.*)
                0x080005fc                __exidx_end = .
                0x080005fc                __etext = .
                0x080005fc                _sidata = __etext

.data           0x20000000       0x14 load address 0x080005fc
                0x20000000                __data_start__ = .
                0x20000000                _sdata = __data_start__
 *(vtable)
 *(.data*)
 .data          0x20000000       0x14 ..\obj\system_stm32f4xx.o
                0x20000000                SystemCoreClock
                0x20000004                AHBPrescTable
                0x20000014                . = ALIGN (0x4)
                0x20000014                PROVIDE (__preinit_array_start, .)
 *(.preinit_array)
                0x20000014                PROVIDE (__preinit_array_end, .)
                0x20000014                . = ALIGN (0x4)
                0x20000014                PROVIDE (__init_array_start, .)
 *(SORT(.init_array.*))
 *(.init_array)
                0x20000014                PROVIDE (__init_array_end, .)
                0x20000014                . = ALIGN (0x4)
                0x20000014                PROVIDE (__fini_array_start, .)
 *(SORT(.fini_array.*))
 *(.fini_array)
                0x20000014                PROVIDE (__fini_array_end, .)
 *(.jcr*)
                0x20000014                . = ALIGN (0x4)
                0x20000014                __data_end__ = .
                0x20000014                _edata = __data_end__

.igot.plt       0x20000014        0x0 load address 0x08000610
 .igot.plt      0x00000000        0x0 ..\obj\startup_stm32f4xx.o

.bss            0x20000014        0x0
                0x20000014                . = ALIGN (0x4)
                0x20000014                __bss_start__ = .
                0x20000014                _sbss = __bss_start__
 *(.bss*)
 *(COMMON)
                0x20000014                . = ALIGN (0x4)
                0x20000014                __bss_end__ = .
                0x20000014                _ebss = __bss_end__

.heap           0x20000014        0x0
                0x20000014                __end__ = .
                0x20000014                _end = __end__
                0x20000014                end = __end__
 *(.heap*)
                0x20000014                __HeapLimit = .

.co_stack       0x20000014      0x804 load address 0x08000610
                0x20000018                . = ALIGN (0x8)
 *fill*         0x20000014        0x4 
 *(.co_stack .co_stack.*)
 .co_stack      0x20000018      0x800 ..\obj\startup_stm32f4xx.o
                0x20000018                pulStack
                0x20020000                __StackTop = (ORIGIN (ram) + 0x20000)
                0x2001f7fc                __StackLimit = (__StackTop - SIZEOF (.co_stack))
                0x20020000                PROVIDE (__stack, __StackTop)
                0x00000001                ASSERT ((__StackLimit >= __HeapLimit), region ram  overflowed with stack)
LOAD ..\obj\startup_stm32f4xx.o
LOAD ..\obj\main.o
LOAD ..\obj\stm32f4xx_rcc.o
LOAD ..\obj\stm32f4xx_flash.o
LOAD ..\obj\system_stm32f4xx.o
LOAD ..\obj\clock.o
START GROUP
LOAD c:/program files/gnu tools arm embedded/4.9 2014q4/bin/../lib/gcc/arm-none-eabi/4.9.3/armv7e-m\libgcc.a
LOAD c:/program files/gnu tools arm embedded/4.9 2014q4/bin/../lib/gcc/arm-none-eabi/4.9.3/../../../../arm-none-eabi/lib/armv7e-m\libg.a
LOAD c:/program files/gnu tools arm embedded/4.9 2014q4/bin/../lib/gcc/arm-none-eabi/4.9.3/../../../../arm-none-eabi/lib/armv7e-m\libc.a
END GROUP
OUTPUT(clock.elf elf32-littlearm)

.debug_info     0x00000000     0x1bca
 .debug_info    0x00000000       0xed ..\obj\startup_stm32f4xx.o
 .debug_info    0x000000ed       0xab ..\obj\main.o
 .debug_info    0x00000198      0xc4d ..\obj\stm32f4xx_rcc.o
 .debug_info    0x00000de5      0x71b ..\obj\stm32f4xx_flash.o
 .debug_info    0x00001500      0x592 ..\obj\system_stm32f4xx.o
 .debug_info    0x00001a92      0x138 ..\obj\clock.o

.debug_abbrev   0x00000000      0x682
 .debug_abbrev  0x00000000       0xb0 ..\obj\startup_stm32f4xx.o
 .debug_abbrev  0x000000b0       0x67 ..\obj\main.o
 .debug_abbrev  0x00000117      0x1e3 ..\obj\stm32f4xx_rcc.o
 .debug_abbrev  0x000002fa      0x1ae ..\obj\stm32f4xx_flash.o
 .debug_abbrev  0x000004a8      0x136 ..\obj\system_stm32f4xx.o
 .debug_abbrev  0x000005de       0xa4 ..\obj\clock.o

.debug_aranges  0x00000000      0x318
 .debug_aranges
                0x00000000       0x28 ..\obj\startup_stm32f4xx.o
 .debug_aranges
                0x00000028       0x20 ..\obj\main.o
 .debug_aranges
                0x00000048      0x178 ..\obj\stm32f4xx_rcc.o
 .debug_aranges
                0x000001c0      0x108 ..\obj\stm32f4xx_flash.o
 .debug_aranges
                0x000002c8       0x30 ..\obj\system_stm32f4xx.o
 .debug_aranges
                0x000002f8       0x20 ..\obj\clock.o

.debug_ranges   0x00000000      0x2b8
 .debug_ranges  0x00000000       0x18 ..\obj\startup_stm32f4xx.o
 .debug_ranges  0x00000018       0x10 ..\obj\main.o
 .debug_ranges  0x00000028      0x168 ..\obj\stm32f4xx_rcc.o
 .debug_ranges  0x00000190       0xf8 ..\obj\stm32f4xx_flash.o
 .debug_ranges  0x00000288       0x20 ..\obj\system_stm32f4xx.o
 .debug_ranges  0x000002a8       0x10 ..\obj\clock.o

.debug_line     0x00000000      0xed6
 .debug_line    0x00000000       0x92 ..\obj\startup_stm32f4xx.o
 .debug_line    0x00000092      0x13b ..\obj\main.o
 .debug_line    0x000001cd      0x568 ..\obj\stm32f4xx_rcc.o
 .debug_line    0x00000735      0x44e ..\obj\stm32f4xx_flash.o
 .debug_line    0x00000b83      0x1d3 ..\obj\system_stm32f4xx.o
 .debug_line    0x00000d56      0x180 ..\obj\clock.o

.debug_str      0x00000000      0xd77
 .debug_str     0x00000000      0x126 ..\obj\startup_stm32f4xx.o
                                0x138 (size before relaxing)
 .debug_str     0x00000126       0x8c ..\obj\main.o
                                0x14d (size before relaxing)
 .debug_str     0x000001b2      0x6cb ..\obj\stm32f4xx_rcc.o
                                0x841 (size before relaxing)
 .debug_str     0x0000087d      0x3c9 ..\obj\stm32f4xx_flash.o
                                0x583 (size before relaxing)
 .debug_str     0x00000c46       0xed ..\obj\system_stm32f4xx.o
                                0x39b (size before relaxing)
 .debug_str     0x00000d33       0x44 ..\obj\clock.o
                                0x1c1 (size before relaxing)

.comment        0x00000000       0x70
 .comment       0x00000000       0x70 ..\obj\startup_stm32f4xx.o
                                 0x71 (size before relaxing)
 .comment       0x00000000       0x71 ..\obj\main.o
 .comment       0x00000000       0x71 ..\obj\stm32f4xx_rcc.o
 .comment       0x00000000       0x71 ..\obj\stm32f4xx_flash.o
 .comment       0x00000000       0x71 ..\obj\system_stm32f4xx.o
 .comment       0x00000000       0x71 ..\obj\clock.o

.ARM.attributes
                0x00000000       0x33
 .ARM.attributes
                0x00000000       0x33 ..\obj\startup_stm32f4xx.o
 .ARM.attributes
                0x00000033       0x33 ..\obj\main.o
 .ARM.attributes
                0x00000066       0x33 ..\obj\stm32f4xx_rcc.o
 .ARM.attributes
                0x00000099       0x33 ..\obj\stm32f4xx_flash.o
 .ARM.attributes
                0x000000cc       0x33 ..\obj\system_stm32f4xx.o
 .ARM.attributes
                0x000000ff       0x33 ..\obj\clock.o

.debug_frame    0x00000000      0xc48
 .debug_frame   0x00000000       0x4c ..\obj\startup_stm32f4xx.o
 .debug_frame   0x0000004c       0x2c ..\obj\main.o
 .debug_frame   0x00000078      0x6d4 ..\obj\stm32f4xx_rcc.o
 .debug_frame   0x0000074c      0x44c ..\obj\stm32f4xx_flash.o
 .debug_frame   0x00000b98       0x7c ..\obj\system_stm32f4xx.o
 .debug_frame   0x00000c14       0x34 ..\obj\clock.o
